2026-08-15 17:18:50.874,AGGREGATION_LOADER,INFO,0c373749-a37f-4406-8402-6cde0a6011c3,fedserver.aggregation.module,Aggregation module name:,server.aggregation.aggregator_secure_mpc
2026-08-15 17:18:50.942,LOSS_FUNC_LOADER,INFO,0c373749-a37f-4406-8402-6cde0a6011c3,fedserver.loss_function.module,Loss function module name:,server.loss.loss_function_crossentropy
2026-08-15 17:18:50.944,OPTIMIZER_LOADER,INFO,0c373749-a37f-4406-8402-6cde0a6011c3,fedserver.optimizer.module,Optimizer module name:,server.optimizer.optimizer_adam
2026-08-15 17:18:50.947,SESSION_MANAGER,DEBUG,0c373749-a37f-4406-8402-6cde0a6011c3,session_id,0c373749-a37f-4406-8402-6cde0a6011c3
2026-08-15 17:18:50.947,SESSION_MANAGER,INFO,0c373749-a37f-4406-8402-6cde0a6011c3,fedserver_gRPC.echo.init,num_of_clients,6
2026-08-15 17:18:50.947,SESSION_MANAGER,INFO,0c373749-a37f-4406-8402-6cde0a6011c3,fedserver_gRPC.echo.start,connecting_to,038236b5-502b-44c4-b34e-76d1f60f7c50
2026-08-15 17:18:50.950,SESSION_MANAGER,INFO,0c373749-a37f-4406-8402-6cde0a6011c3,fedserver_gRPC.echo.start,connecting_to,63d97c62-9511-4bfc-b647-647eada80e8c
2026-08-15 17:18:50.951,SESSION_MANAGER,INFO,0c373749-a37f-4406-8402-6cde0a6011c3,fedserver_gRPC.echo.start,connecting_to,e9015347-12ab-4c2c-bfa0-a7383830be84
2026-08-15 17:18:50.955,SESSION_MANAGER,INFO,0c373749-a37f-4406-8402-6cde0a6011c3,fedserver_gRPC.echo.response,client_replied,63d97c62-9511-4bfc-b647-647eada80e8c
2026-08-15 17:18:50.956,SESSION_MANAGER,INFO,0c373749-a37f-4406-8402-6cde0a6011c3,fedserver_gRPC.echo.client.finished,client_id - time_taken,63d97c62-9511-4bfc-b647-647eada80e8c,0.006321430206298828
2026-08-15 17:18:50.957,SESSION_MANAGER,INFO,0c373749-a37f-4406-8402-6cde0a6011c3,fedserver_gRPC.echo.response,client_replied,e9015347-12ab-4c2c-bfa0-a7383830be84
2026-08-15 17:18:50.957,SESSION_MANAGER,INFO,0c373749-a37f-4406-8402-6cde0a6011c3,fedserver_gRPC.echo.client.finished,client_id - time_taken,e9015347-12ab-4c2c-bfa0-a7383830be84,0.006211757659912109
2026-08-15 17:18:50.957,SESSION_MANAGER,INFO,0c373749-a37f-4406-8402-6cde0a6011c3,fedserver_gRPC.echo.response,client_replied,038236b5-502b-44c4-b34e-76d1f60f7c50
2026-08-15 17:18:50.957,SESSION_MANAGER,INFO,0c373749-a37f-4406-8402-6cde0a6011c3,fedserver_gRPC.echo.client.finished,client_id - time_taken,038236b5-502b-44c4-b34e-76d1f60f7c50,0.010147571563720703
2026-08-15 17:18:50.958,SESSION_MANAGER,INFO,0c373749-a37f-4406-8402-6cde0a6011c3,fedserver_gRPC.echo.finished,time_taken,0.010799169540405273
2026-08-15 17:18:50.961,SESSION_MANAGER,INFO,0c373749-a37f-4406-8402-6cde0a6011c3,fedserver_gRPC.train_session.init,1786814330.9587634
2026-08-15 17:18:50.961,SESSION_MANAGER,INFO,0c373749-a37f-4406-8402-6cde0a6011c3,fedserver_gRPC.train_session.config,model-dataset_id-training_rounds-epochs-batch_size-loss_fun-optimizer-lr-timeout-benchmark-model-aggregator-aggregator_args-client_selection-client_selection_args,LeNet5_class,MNIST,3,1,64,crossentropy,adam,0.01,180,LeNet5,secure_mpc,{'sharing_scheme': 'replicated3pc', 'num_parties': 3, 'party_endpoints': [{'party_index': 0, 'host': 'secure_agg_party0', 'port': 50100}, {'party_index': 1, 'host': 'secure_agg_party1', 'port': 50101}, {'party_index': 2, 'host': 'secure_agg_party2', 'port': 50102}], 'fixed_point': {'bitlength': 64, 'frac_bits': 13}, 'round_timeout_s': 120, 'verify_party_agreement': True},fedavg,{'client_fraction': 1}
2026-08-15 17:18:50.961,SESSION_MANAGER,INFO,0c373749-a37f-4406-8402-6cde0a6011c3,fedserver_gRPC.train.rounds,3
2026-08-15 17:18:50.968,SESSION_MANAGER,INFO,0c373749-a37f-4406-8402-6cde0a6011c3,train.client_selection.time_taken,0.003796100616455078
2026-08-15 17:18:50.970,SESSION_MANAGER,DEBUG,0c373749-a37f-4406-8402-6cde0a6011c3,fedserver_gRPC.train.round.init,round_no-num_clients-clients,0,3,e9015347-12ab-4c2c-bfa0-a7383830be84,63d97c62-9511-4bfc-b647-647eada80e8c,038236b5-502b-44c4-b34e-76d1f60f7c50
2026-08-15 17:18:50.975,SESSION_MANAGER,INFO,0c373749-a37f-4406-8402-6cde0a6011c3,fedserver_gRPC.send_model.init,
2026-08-15 17:18:50.975,SESSION_MANAGER,DEBUG,0c373749-a37f-4406-8402-6cde0a6011c3,fedserver_gRPC.send_model.cache_hit,Client:e9015347-12ab-4c2c-bfa0-a7383830be84 has model LeNet5,e9015347-12ab-4c2c-bfa0-a7383830be84,LeNet5
2026-08-15 17:18:50.975,SESSION_MANAGER,INFO,0c373749-a37f-4406-8402-6cde0a6011c3,fedserver_gRPC.send_model.client.finished,client_id - time_taken,e9015347-12ab-4c2c-bfa0-a7383830be84,0.0003342628479003906
2026-08-15 17:18:50.975,SESSION_MANAGER,DEBUG,0c373749-a37f-4406-8402-6cde0a6011c3,fedserver_gRPC.send_model.cache_hit,Client:63d97c62-9511-4bfc-b647-647eada80e8c has model LeNet5,63d97c62-9511-4bfc-b647-647eada80e8c,LeNet5
2026-08-15 17:18:50.976,SESSION_MANAGER,INFO,0c373749-a37f-4406-8402-6cde0a6011c3,fedserver_gRPC.send_model.client.finished,client_id - time_taken,63d97c62-9511-4bfc-b647-647eada80e8c,0.0001595020294189453
2026-08-15 17:18:50.976,SESSION_MANAGER,DEBUG,0c373749-a37f-4406-8402-6cde0a6011c3,fedserver_gRPC.send_model.cache_hit,Client:038236b5-502b-44c4-b34e-76d1f60f7c50 has model LeNet5,038236b5-502b-44c4-b34e-76d1f60f7c50,LeNet5
2026-08-15 17:18:50.976,SESSION_MANAGER,INFO,0c373749-a37f-4406-8402-6cde0a6011c3,fedserver_gRPC.send_model.client.finished,client_id - time_taken,038236b5-502b-44c4-b34e-76d1f60f7c50,0.0003287792205810547
2026-08-15 17:18:50.976,SESSION_MANAGER,INFO,0c373749-a37f-4406-8402-6cde0a6011c3,fedserver_gRPC.send_model.finished,time_taken,0.0015838146209716797
2026-08-15 17:18:50.976,SESSION_MANAGER,INFO,0c373749-a37f-4406-8402-6cde0a6011c3,fedserver_gRPC.train.connect,connecting to,e9015347-12ab-4c2c-bfa0-a7383830be84
2026-08-15 17:18:50.977,SESSION_MANAGER,INFO,0c373749-a37f-4406-8402-6cde0a6011c3,fedserver_gRPC.train.await.response,e9015347-12ab-4c2c-bfa0-a7383830be84
2026-08-15 17:18:50.977,SESSION_MANAGER,INFO,0c373749-a37f-4406-8402-6cde0a6011c3,fedserver_gRPC.train.round.model_wts.pickle.time,client_id-round_no-time_taken,e9015347-12ab-4c2c-bfa0-a7383830be84,0,0.0008137226104736328
2026-08-15 17:18:50.978,SESSION_MANAGER,INFO,0c373749-a37f-4406-8402-6cde0a6011c3,fedserver_gRPC.train.round.loss_function.pickle.time,client_id - round_no - time_taken,e9015347-12ab-4c2c-bfa0-a7383830be84,0,7.152557373046875e-06
2026-08-15 17:18:50.979,SESSION_MANAGER,INFO,0c373749-a37f-4406-8402-6cde0a6011c3,fedserver_gRPC.train.round.optimizer.pickle.time,client_id - round_no - time_taken,e9015347-12ab-4c2c-bfa0-a7383830be84,0,0.0009348392486572266
2026-08-15 17:18:50.979,SESSION_MANAGER,INFO,0c373749-a37f-4406-8402-6cde0a6011c3,fedserver_gRPC.train.connect,connecting to,63d97c62-9511-4bfc-b647-647eada80e8c
2026-08-15 17:18:50.979,SESSION_MANAGER,INFO,0c373749-a37f-4406-8402-6cde0a6011c3,fedserver_gRPC.train.await.response,63d97c62-9511-4bfc-b647-647eada80e8c
2026-08-15 17:18:50.980,SESSION_MANAGER,INFO,0c373749-a37f-4406-8402-6cde0a6011c3,fedserver_gRPC.train.round.model_wts.pickle.time,client_id-round_no-time_taken,63d97c62-9511-4bfc-b647-647eada80e8c,0,0.00080108642578125
2026-08-15 17:18:50.980,SESSION_MANAGER,INFO,0c373749-a37f-4406-8402-6cde0a6011c3,fedserver_gRPC.train.round.loss_function.pickle.time,client_id - round_no - time_taken,63d97c62-9511-4bfc-b647-647eada80e8c,0,7.152557373046875e-06
2026-08-15 17:18:50.983,SESSION_MANAGER,INFO,0c373749-a37f-4406-8402-6cde0a6011c3,fedserver_gRPC.train.round.optimizer.pickle.time,client_id - round_no - time_taken,63d97c62-9511-4bfc-b647-647eada80e8c,0,0.0024123191833496094
2026-08-15 17:18:50.983,SESSION_MANAGER,INFO,0c373749-a37f-4406-8402-6cde0a6011c3,fedserver_gRPC.train.connect,connecting to,038236b5-502b-44c4-b34e-76d1f60f7c50
2026-08-15 17:18:50.984,SESSION_MANAGER,INFO,0c373749-a37f-4406-8402-6cde0a6011c3,fedserver_gRPC.train.await.response,038236b5-502b-44c4-b34e-76d1f60f7c50
2026-08-15 17:18:50.985,SESSION_MANAGER,INFO,0c373749-a37f-4406-8402-6cde0a6011c3,fedserver_gRPC.train.round.model_wts.pickle.time,client_id-round_no-time_taken,038236b5-502b-44c4-b34e-76d1f60f7c50,0,0.0007522106170654297
2026-08-15 17:18:50.985,SESSION_MANAGER,INFO,0c373749-a37f-4406-8402-6cde0a6011c3,fedserver_gRPC.train.round.loss_function.pickle.time,client_id - round_no - time_taken,038236b5-502b-44c4-b34e-76d1f60f7c50,0,7.3909759521484375e-06
2026-08-15 17:18:50.985,SESSION_MANAGER,INFO,0c373749-a37f-4406-8402-6cde0a6011c3,fedserver_gRPC.train.round.optimizer.pickle.time,client_id - round_no - time_taken,038236b5-502b-44c4-b34e-76d1f60f7c50,0,0.0006840229034423828
2026-08-15 17:19:22.962,SESSION_MANAGER,INFO,0c373749-a37f-4406-8402-6cde0a6011c3,fedserver_gRPC.train.round.await.response_time,e9015347-12ab-4c2c-bfa0-a7383830be84,0,31.98328685760498
2026-08-15 17:19:22.962,SESSION_MANAGER,INFO,0c373749-a37f-4406-8402-6cde0a6011c3,fedserver_gRPC.train.round.client.finished,client_id-round_no-time_taken,e9015347-12ab-4c2c-bfa0-a7383830be84,0,31.985646963119507
2026-08-15 17:19:22.963,SESSION_MANAGER,INFO,0c373749-a37f-4406-8402-6cde0a6011c3,fedserver.train.round.results,0,e9015347-12ab-4c2c-bfa0-a7383830be84,time_taken_s-num_epochs-total_mini_batches-loss-accuracy,31.83397889137268-1.0-287-0.282-91.103
2026-08-15 17:19:22.963,SESSION_MANAGER,INFO,0c373749-a37f-4406-8402-6cde0a6011c3,fedserver.train.round.client.finished,client_id-round_no-time_taken,e9015347-12ab-4c2c-bfa0-a7383830be84,0,31.98663592338562
2026-08-15 17:19:22.967,AGGREGATOR,INFO,0c373749-a37f-4406-8402-6cde0a6011c3,fedserver.aggregator.secure_mpc.called,client_id-active,e9015347-12ab-4c2c-bfa0-a7383830be84,True
2026-08-15 17:19:22.970,SESSION_MANAGER,INFO,0c373749-a37f-4406-8402-6cde0a6011c3,train.client_selection.time_taken,6.508827209472656e-05
2026-08-15 17:19:22.993,SESSION_MANAGER,INFO,0c373749-a37f-4406-8402-6cde0a6011c3,fedserver_gRPC.train.round.await.response_time,038236b5-502b-44c4-b34e-76d1f60f7c50,0,32.007280588150024
2026-08-15 17:19:22.993,SESSION_MANAGER,INFO,0c373749-a37f-4406-8402-6cde0a6011c3,fedserver_gRPC.train.round.client.finished,client_id-round_no-time_taken,038236b5-502b-44c4-b34e-76d1f60f7c50,0,32.00970244407654
2026-08-15 17:19:22.993,SESSION_MANAGER,INFO,0c373749-a37f-4406-8402-6cde0a6011c3,fedserver.train.round.results,0,038236b5-502b-44c4-b34e-76d1f60f7c50,time_taken_s-num_epochs-total_mini_batches-loss-accuracy,31.821281671524048-1.0-287-0.297-90.548
2026-08-15 17:19:22.993,SESSION_MANAGER,INFO,0c373749-a37f-4406-8402-6cde0a6011c3,fedserver.train.round.client.finished,client_id-round_no-time_taken,038236b5-502b-44c4-b34e-76d1f60f7c50,0,32.01019835472107
2026-08-15 17:19:22.996,AGGREGATOR,INFO,0c373749-a37f-4406-8402-6cde0a6011c3,fedserver.aggregator.secure_mpc.called,client_id-active,038236b5-502b-44c4-b34e-76d1f60f7c50,True
2026-08-15 17:19:23.000,SESSION_MANAGER,INFO,0c373749-a37f-4406-8402-6cde0a6011c3,train.client_selection.time_taken,0.0001494884490966797
2026-08-15 17:19:23.012,SESSION_MANAGER,INFO,0c373749-a37f-4406-8402-6cde0a6011c3,fedserver_gRPC.train.round.await.response_time,63d97c62-9511-4bfc-b647-647eada80e8c,0,32.02913045883179
2026-08-15 17:19:23.012,SESSION_MANAGER,INFO,0c373749-a37f-4406-8402-6cde0a6011c3,fedserver_gRPC.train.round.client.finished,client_id-round_no-time_taken,63d97c62-9511-4bfc-b647-647eada80e8c,0,32.03314280509949
2026-08-15 17:19:23.013,SESSION_MANAGER,INFO,0c373749-a37f-4406-8402-6cde0a6011c3,fedserver.train.round.results,0,63d97c62-9511-4bfc-b647-647eada80e8c,time_taken_s-num_epochs-total_mini_batches-loss-accuracy,31.843804597854614-1.0-287-0.277-91.278
2026-08-15 17:19:23.013,SESSION_MANAGER,INFO,0c373749-a37f-4406-8402-6cde0a6011c3,fedserver.train.round.client.finished,client_id-round_no-time_taken,63d97c62-9511-4bfc-b647-647eada80e8c,0,32.033814430236816
2026-08-15 17:19:23.017,AGGREGATOR,INFO,0c373749-a37f-4406-8402-6cde0a6011c3,fedserver.aggregator.secure_mpc.called,client_id-active,63d97c62-9511-4bfc-b647-647eada80e8c,True
2026-08-15 17:19:23.018,AGGREGATOR,INFO,0c373749-a37f-4406-8402-6cde0a6011c3,fedserver.aggregator.secure_mpc.round_ready,clients,['e9015347-12ab-4c2c-bfa0-a7383830be84', '63d97c62-9511-4bfc-b647-647eada80e8c', '038236b5-502b-44c4-b34e-76d1f60f7c50']
2026-08-15 17:19:23.070,AGGREGATOR,INFO,0c373749-a37f-4406-8402-6cde0a6011c3,fedserver.aggregator.secure_mpc.round_complete,0c373749-a37f-4406-8402-6cde0a6011c3:0
2026-08-15 17:19:23.070,AGGREGATOR,INFO,0c373749-a37f-4406-8402-6cde0a6011c3,fedserver.aggregator.secure_mpc.revealed_total_dataset_size,0c373749-a37f-4406-8402-6cde0a6011c3:0,58000
2026-08-15 17:19:23.465,SESSION_MANAGER,INFO,0c373749-a37f-4406-8402-6cde0a6011c3,fedserver.train_callback.server_validation_time,0.392275333404541
2026-08-15 17:19:23.466,SESSION_MANAGER,INFO,0c373749-a37f-4406-8402-6cde0a6011c3,fedserver.train_callback,round_no,accuracy,loss,1,92.15,0.866540116071701
2026-08-15 17:19:23.466,SESSION_MANAGER,INFO,0c373749-a37f-4406-8402-6cde0a6011c3,fedserver.train_callback.aggregate_time,0,0.056479454040527344
2026-08-15 17:19:23.466,SESSION_MANAGER,INFO,0c373749-a37f-4406-8402-6cde0a6011c3,fedserver.train.server_round_time,0,32.503336906433105
2026-08-15 17:19:23.469,SESSION_MANAGER,INFO,0c373749-a37f-4406-8402-6cde0a6011c3,train.client_selection.time_taken,0.0008077621459960938
2026-08-15 17:19:23.471,SESSION_MANAGER,DEBUG,0c373749-a37f-4406-8402-6cde0a6011c3,fedserver_gRPC.train.round.init,round_no-num_clients-clients,1,3,e9015347-12ab-4c2c-bfa0-a7383830be84,63d97c62-9511-4bfc-b647-647eada80e8c,038236b5-502b-44c4-b34e-76d1f60f7c50
2026-08-15 17:19:23.473,SESSION_MANAGER,INFO,0c373749-a37f-4406-8402-6cde0a6011c3,fedserver_gRPC.send_model.init,
2026-08-15 17:19:23.473,SESSION_MANAGER,DEBUG,0c373749-a37f-4406-8402-6cde0a6011c3,fedserver_gRPC.send_model.cache_hit,Client:e9015347-12ab-4c2c-bfa0-a7383830be84 has model LeNet5,e9015347-12ab-4c2c-bfa0-a7383830be84,LeNet5
2026-08-15 17:19:23.473,SESSION_MANAGER,INFO,0c373749-a37f-4406-8402-6cde0a6011c3,fedserver_gRPC.send_model.client.finished,client_id - time_taken,e9015347-12ab-4c2c-bfa0-a7383830be84,0.00022864341735839844
2026-08-15 17:19:23.473,SESSION_MANAGER,DEBUG,0c373749-a37f-4406-8402-6cde0a6011c3,fedserver_gRPC.send_model.cache_hit,Client:63d97c62-9511-4bfc-b647-647eada80e8c has model LeNet5,63d97c62-9511-4bfc-b647-647eada80e8c,LeNet5
2026-08-15 17:19:23.473,SESSION_MANAGER,INFO,0c373749-a37f-4406-8402-6cde0a6011c3,fedserver_gRPC.send_model.client.finished,client_id - time_taken,63d97c62-9511-4bfc-b647-647eada80e8c,0.00013494491577148438
2026-08-15 17:19:23.473,SESSION_MANAGER,DEBUG,0c373749-a37f-4406-8402-6cde0a6011c3,fedserver_gRPC.send_model.cache_hit,Client:038236b5-502b-44c4-b34e-76d1f60f7c50 has model LeNet5,038236b5-502b-44c4-b34e-76d1f60f7c50,LeNet5
2026-08-15 17:19:23.473,SESSION_MANAGER,INFO,0c373749-a37f-4406-8402-6cde0a6011c3,fedserver_gRPC.send_model.client.finished,client_id - time_taken,038236b5-502b-44c4-b34e-76d1f60f7c50,9.5367431640625e-05
2026-08-15 17:19:23.474,SESSION_MANAGER,INFO,0c373749-a37f-4406-8402-6cde0a6011c3,fedserver_gRPC.send_model.finished,time_taken,0.0009031295776367188
2026-08-15 17:19:23.474,SESSION_MANAGER,INFO,0c373749-a37f-4406-8402-6cde0a6011c3,fedserver_gRPC.train.connect,connecting to,e9015347-12ab-4c2c-bfa0-a7383830be84
2026-08-15 17:19:23.474,SESSION_MANAGER,INFO,0c373749-a37f-4406-8402-6cde0a6011c3,fedserver_gRPC.train.await.response,e9015347-12ab-4c2c-bfa0-a7383830be84
2026-08-15 17:19:23.475,SESSION_MANAGER,INFO,0c373749-a37f-4406-8402-6cde0a6011c3,fedserver_gRPC.train.round.model_wts.pickle.time,client_id-round_no-time_taken,e9015347-12ab-4c2c-bfa0-a7383830be84,1,0.0008347034454345703
2026-08-15 17:19:23.475,SESSION_MANAGER,INFO,0c373749-a37f-4406-8402-6cde0a6011c3,fedserver_gRPC.train.round.loss_function.pickle.time,client_id - round_no - time_taken,e9015347-12ab-4c2c-bfa0-a7383830be84,1,7.152557373046875e-06
2026-08-15 17:19:23.476,SESSION_MANAGER,INFO,0c373749-a37f-4406-8402-6cde0a6011c3,fedserver_gRPC.train.round.optimizer.pickle.time,client_id - round_no - time_taken,e9015347-12ab-4c2c-bfa0-a7383830be84,1,0.0006556510925292969
2026-08-15 17:19:23.476,SESSION_MANAGER,INFO,0c373749-a37f-4406-8402-6cde0a6011c3,fedserver_gRPC.train.connect,connecting to,63d97c62-9511-4bfc-b647-647eada80e8c
2026-08-15 17:19:23.476,SESSION_MANAGER,INFO,0c373749-a37f-4406-8402-6cde0a6011c3,fedserver_gRPC.train.await.response,63d97c62-9511-4bfc-b647-647eada80e8c
2026-08-15 17:19:23.477,SESSION_MANAGER,INFO,0c373749-a37f-4406-8402-6cde0a6011c3,fedserver_gRPC.train.round.model_wts.pickle.time,client_id-round_no-time_taken,63d97c62-9511-4bfc-b647-647eada80e8c,1,0.0006690025329589844
2026-08-15 17:19:23.477,SESSION_MANAGER,INFO,0c373749-a37f-4406-8402-6cde0a6011c3,fedserver_gRPC.train.round.loss_function.pickle.time,client_id - round_no - time_taken,63d97c62-9511-4bfc-b647-647eada80e8c,1,5.7220458984375e-06
2026-08-15 17:19:23.478,SESSION_MANAGER,INFO,0c373749-a37f-4406-8402-6cde0a6011c3,fedserver_gRPC.train.round.optimizer.pickle.time,client_id - round_no - time_taken,63d97c62-9511-4bfc-b647-647eada80e8c,1,0.0006635189056396484
2026-08-15 17:19:23.478,SESSION_MANAGER,INFO,0c373749-a37f-4406-8402-6cde0a6011c3,fedserver_gRPC.train.connect,connecting to,038236b5-502b-44c4-b34e-76d1f60f7c50
2026-08-15 17:19:23.478,SESSION_MANAGER,INFO,0c373749-a37f-4406-8402-6cde0a6011c3,fedserver_gRPC.train.await.response,038236b5-502b-44c4-b34e-76d1f60f7c50
2026-08-15 17:19:23.479,SESSION_MANAGER,INFO,0c373749-a37f-4406-8402-6cde0a6011c3,fedserver_gRPC.train.round.model_wts.pickle.time,client_id-round_no-time_taken,038236b5-502b-44c4-b34e-76d1f60f7c50,1,0.0008139610290527344
2026-08-15 17:19:23.479,SESSION_MANAGER,INFO,0c373749-a37f-4406-8402-6cde0a6011c3,fedserver_gRPC.train.round.loss_function.pickle.time,client_id - round_no - time_taken,038236b5-502b-44c4-b34e-76d1f60f7c50,1,6.198883056640625e-06
2026-08-15 17:19:23.480,SESSION_MANAGER,INFO,0c373749-a37f-4406-8402-6cde0a6011c3,fedserver_gRPC.train.round.optimizer.pickle.time,client_id - round_no - time_taken,038236b5-502b-44c4-b34e-76d1f60f7c50,1,0.0007102489471435547
2026-08-15 17:19:41.794,SESSION_MANAGER,INFO,0c373749-a37f-4406-8402-6cde0a6011c3,fedserver_gRPC.train.round.await.response_time,038236b5-502b-44c4-b34e-76d1f60f7c50,1,18.314566135406494
2026-08-15 17:19:41.795,SESSION_MANAGER,INFO,0c373749-a37f-4406-8402-6cde0a6011c3,fedserver_gRPC.train.round.client.finished,client_id-round_no-time_taken,038236b5-502b-44c4-b34e-76d1f60f7c50,1,18.31679368019104
2026-08-15 17:19:41.795,SESSION_MANAGER,INFO,0c373749-a37f-4406-8402-6cde0a6011c3,fedserver.train.round.results,1,038236b5-502b-44c4-b34e-76d1f60f7c50,time_taken_s-num_epochs-total_mini_batches-loss-accuracy,18.20792818069458-1.0-287-0.144-95.987
2026-08-15 17:19:41.795,SESSION_MANAGER,INFO,0c373749-a37f-4406-8402-6cde0a6011c3,fedserver.train.round.client.finished,client_id-round_no-time_taken,038236b5-502b-44c4-b34e-76d1f60f7c50,1,18.3173930644989
2026-08-15 17:19:41.801,AGGREGATOR,INFO,0c373749-a37f-4406-8402-6cde0a6011c3,fedserver.aggregator.secure_mpc.called,client_id-active,038236b5-502b-44c4-b34e-76d1f60f7c50,True
2026-08-15 17:19:41.806,SESSION_MANAGER,INFO,0c373749-a37f-4406-8402-6cde0a6011c3,train.client_selection.time_taken,0.0002067089080810547
2026-08-15 17:19:41.892,SESSION_MANAGER,INFO,0c373749-a37f-4406-8402-6cde0a6011c3,fedserver_gRPC.train.round.await.response_time,63d97c62-9511-4bfc-b647-647eada80e8c,1,18.41463851928711
2026-08-15 17:19:41.892,SESSION_MANAGER,INFO,0c373749-a37f-4406-8402-6cde0a6011c3,fedserver_gRPC.train.round.client.finished,client_id-round_no-time_taken,63d97c62-9511-4bfc-b647-647eada80e8c,1,18.416566610336304
2026-08-15 17:19:41.893,SESSION_MANAGER,INFO,0c373749-a37f-4406-8402-6cde0a6011c3,fedserver.train.round.results,1,63d97c62-9511-4bfc-b647-647eada80e8c,time_taken_s-num_epochs-total_mini_batches-loss-accuracy,18.317755699157715-1.0-287-0.154-95.884
2026-08-15 17:19:41.893,SESSION_MANAGER,INFO,0c373749-a37f-4406-8402-6cde0a6011c3,fedserver.train.round.client.finished,client_id-round_no-time_taken,63d97c62-9511-4bfc-b647-647eada80e8c,1,18.417031049728394
2026-08-15 17:19:41.896,AGGREGATOR,INFO,0c373749-a37f-4406-8402-6cde0a6011c3,fedserver.aggregator.secure_mpc.called,client_id-active,63d97c62-9511-4bfc-b647-647eada80e8c,True
2026-08-15 17:19:41.901,SESSION_MANAGER,INFO,0c373749-a37f-4406-8402-6cde0a6011c3,train.client_selection.time_taken,0.00016236305236816406
2026-08-15 17:19:42.009,SESSION_MANAGER,INFO,0c373749-a37f-4406-8402-6cde0a6011c3,fedserver_gRPC.train.round.await.response_time,e9015347-12ab-4c2c-bfa0-a7383830be84,1,18.533670663833618
2026-08-15 17:19:42.009,SESSION_MANAGER,INFO,0c373749-a37f-4406-8402-6cde0a6011c3,fedserver_gRPC.train.round.client.finished,client_id-round_no-time_taken,e9015347-12ab-4c2c-bfa0-a7383830be84,1,18.535781383514404
2026-08-15 17:19:42.010,SESSION_MANAGER,INFO,0c373749-a37f-4406-8402-6cde0a6011c3,fedserver.train.round.results,1,e9015347-12ab-4c2c-bfa0-a7383830be84,time_taken_s-num_epochs-total_mini_batches-loss-accuracy,18.4360568523407-1.0-287-0.146-96.058
2026-08-15 17:19:42.010,SESSION_MANAGER,INFO,0c373749-a37f-4406-8402-6cde0a6011c3,fedserver.train.round.client.finished,client_id-round_no-time_taken,e9015347-12ab-4c2c-bfa0-a7383830be84,1,18.5363552570343
2026-08-15 17:19:42.014,AGGREGATOR,INFO,0c373749-a37f-4406-8402-6cde0a6011c3,fedserver.aggregator.secure_mpc.called,client_id-active,e9015347-12ab-4c2c-bfa0-a7383830be84,True
2026-08-15 17:19:42.015,AGGREGATOR,INFO,0c373749-a37f-4406-8402-6cde0a6011c3,fedserver.aggregator.secure_mpc.round_ready,clients,['e9015347-12ab-4c2c-bfa0-a7383830be84', '63d97c62-9511-4bfc-b647-647eada80e8c', '038236b5-502b-44c4-b34e-76d1f60f7c50']
2026-08-15 17:19:42.069,AGGREGATOR,INFO,0c373749-a37f-4406-8402-6cde0a6011c3,fedserver.aggregator.secure_mpc.round_complete,0c373749-a37f-4406-8402-6cde0a6011c3:1
2026-08-15 17:19:42.069,AGGREGATOR,INFO,0c373749-a37f-4406-8402-6cde0a6011c3,fedserver.aggregator.secure_mpc.revealed_total_dataset_size,0c373749-a37f-4406-8402-6cde0a6011c3:1,58000
2026-08-15 17:19:42.463,SESSION_MANAGER,INFO,0c373749-a37f-4406-8402-6cde0a6011c3,fedserver.train_callback.server_validation_time,0.3905346393585205
2026-08-15 17:19:42.464,SESSION_MANAGER,INFO,0c373749-a37f-4406-8402-6cde0a6011c3,fedserver.train_callback,round_no,accuracy,loss,2,97.7,0.08855841765180231
2026-08-15 17:19:42.464,SESSION_MANAGER,INFO,0c373749-a37f-4406-8402-6cde0a6011c3,fedserver.train_callback.aggregate_time,1,0.05870199203491211
2026-08-15 17:19:42.465,SESSION_MANAGER,INFO,0c373749-a37f-4406-8402-6cde0a6011c3,fedserver.train.server_round_time,1,18.99844455718994
2026-08-15 17:19:42.468,SESSION_MANAGER,INFO,0c373749-a37f-4406-8402-6cde0a6011c3,train.client_selection.time_taken,0.0015125274658203125
2026-08-15 17:19:42.470,SESSION_MANAGER,DEBUG,0c373749-a37f-4406-8402-6cde0a6011c3,fedserver_gRPC.train.round.init,round_no-num_clients-clients,2,3,e9015347-12ab-4c2c-bfa0-a7383830be84,63d97c62-9511-4bfc-b647-647eada80e8c,038236b5-502b-44c4-b34e-76d1f60f7c50
2026-08-15 17:19:42.472,SESSION_MANAGER,INFO,0c373749-a37f-4406-8402-6cde0a6011c3,fedserver_gRPC.send_model.init,
2026-08-15 17:19:42.473,SESSION_MANAGER,DEBUG,0c373749-a37f-4406-8402-6cde0a6011c3,fedserver_gRPC.send_model.cache_hit,Client:e9015347-12ab-4c2c-bfa0-a7383830be84 has model LeNet5,e9015347-12ab-4c2c-bfa0-a7383830be84,LeNet5
2026-08-15 17:19:42.473,SESSION_MANAGER,INFO,0c373749-a37f-4406-8402-6cde0a6011c3,fedserver_gRPC.send_model.client.finished,client_id - time_taken,e9015347-12ab-4c2c-bfa0-a7383830be84,0.0002720355987548828
2026-08-15 17:19:42.473,SESSION_MANAGER,DEBUG,0c373749-a37f-4406-8402-6cde0a6011c3,fedserver_gRPC.send_model.cache_hit,Client:63d97c62-9511-4bfc-b647-647eada80e8c has model LeNet5,63d97c62-9511-4bfc-b647-647eada80e8c,LeNet5
2026-08-15 17:19:42.473,SESSION_MANAGER,INFO,0c373749-a37f-4406-8402-6cde0a6011c3,fedserver_gRPC.send_model.client.finished,client_id - time_taken,63d97c62-9511-4bfc-b647-647eada80e8c,0.00017690658569335938
2026-08-15 17:19:42.473,SESSION_MANAGER,DEBUG,0c373749-a37f-4406-8402-6cde0a6011c3,fedserver_gRPC.send_model.cache_hit,Client:038236b5-502b-44c4-b34e-76d1f60f7c50 has model LeNet5,038236b5-502b-44c4-b34e-76d1f60f7c50,LeNet5
2026-08-15 17:19:42.473,SESSION_MANAGER,INFO,0c373749-a37f-4406-8402-6cde0a6011c3,fedserver_gRPC.send_model.client.finished,client_id - time_taken,038236b5-502b-44c4-b34e-76d1f60f7c50,0.00015425682067871094
2026-08-15 17:19:42.473,SESSION_MANAGER,INFO,0c373749-a37f-4406-8402-6cde0a6011c3,fedserver_gRPC.send_model.finished,time_taken,0.0010340213775634766
2026-08-15 17:19:42.473,SESSION_MANAGER,INFO,0c373749-a37f-4406-8402-6cde0a6011c3,fedserver_gRPC.train.connect,connecting to,e9015347-12ab-4c2c-bfa0-a7383830be84
2026-08-15 17:19:42.474,SESSION_MANAGER,INFO,0c373749-a37f-4406-8402-6cde0a6011c3,fedserver_gRPC.train.await.response,e9015347-12ab-4c2c-bfa0-a7383830be84
2026-08-15 17:19:42.475,SESSION_MANAGER,INFO,0c373749-a37f-4406-8402-6cde0a6011c3,fedserver_gRPC.train.round.model_wts.pickle.time,client_id-round_no-time_taken,e9015347-12ab-4c2c-bfa0-a7383830be84,2,0.0011496543884277344
2026-08-15 17:19:42.475,SESSION_MANAGER,INFO,0c373749-a37f-4406-8402-6cde0a6011c3,fedserver_gRPC.train.round.loss_function.pickle.time,client_id - round_no - time_taken,e9015347-12ab-4c2c-bfa0-a7383830be84,2,2.1457672119140625e-05
2026-08-15 17:19:42.476,SESSION_MANAGER,INFO,0c373749-a37f-4406-8402-6cde0a6011c3,fedserver_gRPC.train.round.optimizer.pickle.time,client_id - round_no - time_taken,e9015347-12ab-4c2c-bfa0-a7383830be84,2,0.0007343292236328125
2026-08-15 17:19:42.476,SESSION_MANAGER,INFO,0c373749-a37f-4406-8402-6cde0a6011c3,fedserver_gRPC.train.connect,connecting to,63d97c62-9511-4bfc-b647-647eada80e8c
2026-08-15 17:19:42.477,SESSION_MANAGER,INFO,0c373749-a37f-4406-8402-6cde0a6011c3,fedserver_gRPC.train.await.response,63d97c62-9511-4bfc-b647-647eada80e8c
2026-08-15 17:19:42.478,SESSION_MANAGER,INFO,0c373749-a37f-4406-8402-6cde0a6011c3,fedserver_gRPC.train.round.model_wts.pickle.time,client_id-round_no-time_taken,63d97c62-9511-4bfc-b647-647eada80e8c,2,0.0008258819580078125
2026-08-15 17:19:42.478,SESSION_MANAGER,INFO,0c373749-a37f-4406-8402-6cde0a6011c3,fedserver_gRPC.train.round.loss_function.pickle.time,client_id - round_no - time_taken,63d97c62-9511-4bfc-b647-647eada80e8c,2,6.9141387939453125e-06
2026-08-15 17:19:42.478,SESSION_MANAGER,INFO,0c373749-a37f-4406-8402-6cde0a6011c3,fedserver_gRPC.train.round.optimizer.pickle.time,client_id - round_no - time_taken,63d97c62-9511-4bfc-b647-647eada80e8c,2,0.0008347034454345703
2026-08-15 17:19:42.479,SESSION_MANAGER,INFO,0c373749-a37f-4406-8402-6cde0a6011c3,fedserver_gRPC.train.connect,connecting to,038236b5-502b-44c4-b34e-76d1f60f7c50
2026-08-15 17:19:42.479,SESSION_MANAGER,INFO,0c373749-a37f-4406-8402-6cde0a6011c3,fedserver_gRPC.train.await.response,038236b5-502b-44c4-b34e-76d1f60f7c50
2026-08-15 17:19:42.480,SESSION_MANAGER,INFO,0c373749-a37f-4406-8402-6cde0a6011c3,fedserver_gRPC.train.round.model_wts.pickle.time,client_id-round_no-time_taken,038236b5-502b-44c4-b34e-76d1f60f7c50,2,0.0007023811340332031
2026-08-15 17:19:42.480,SESSION_MANAGER,INFO,0c373749-a37f-4406-8402-6cde0a6011c3,fedserver_gRPC.train.round.loss_function.pickle.time,client_id - round_no - time_taken,038236b5-502b-44c4-b34e-76d1f60f7c50,2,6.9141387939453125e-06
2026-08-15 17:19:42.481,SESSION_MANAGER,INFO,0c373749-a37f-4406-8402-6cde0a6011c3,fedserver_gRPC.train.round.optimizer.pickle.time,client_id - round_no - time_taken,038236b5-502b-44c4-b34e-76d1f60f7c50,2,0.0006656646728515625
2026-08-15 17:20:00.870,SESSION_MANAGER,INFO,0c373749-a37f-4406-8402-6cde0a6011c3,fedserver_gRPC.train.round.await.response_time,038236b5-502b-44c4-b34e-76d1f60f7c50,2,18.38878870010376
2026-08-15 17:20:00.870,SESSION_MANAGER,INFO,0c373749-a37f-4406-8402-6cde0a6011c3,fedserver_gRPC.train.round.client.finished,client_id-round_no-time_taken,038236b5-502b-44c4-b34e-76d1f60f7c50,2,18.39108633995056
2026-08-15 17:20:00.870,SESSION_MANAGER,INFO,0c373749-a37f-4406-8402-6cde0a6011c3,fedserver.train.round.results,2,038236b5-502b-44c4-b34e-76d1f60f7c50,time_taken_s-num_epochs-total_mini_batches-loss-accuracy,18.28789710998535-1.0-287-0.121-96.7
2026-08-15 17:20:00.870,SESSION_MANAGER,INFO,0c373749-a37f-4406-8402-6cde0a6011c3,fedserver.train.round.client.finished,client_id-round_no-time_taken,038236b5-502b-44c4-b34e-76d1f60f7c50,2,18.391665935516357
2026-08-15 17:20:00.874,AGGREGATOR,INFO,0c373749-a37f-4406-8402-6cde0a6011c3,fedserver.aggregator.secure_mpc.called,client_id-active,038236b5-502b-44c4-b34e-76d1f60f7c50,True
2026-08-15 17:20:00.877,SESSION_MANAGER,INFO,0c373749-a37f-4406-8402-6cde0a6011c3,train.client_selection.time_taken,0.00010895729064941406
2026-08-15 17:20:01.007,SESSION_MANAGER,INFO,0c373749-a37f-4406-8402-6cde0a6011c3,fedserver_gRPC.train.round.await.response_time,63d97c62-9511-4bfc-b647-647eada80e8c,2,18.528066635131836
2026-08-15 17:20:01.007,SESSION_MANAGER,INFO,0c373749-a37f-4406-8402-6cde0a6011c3,fedserver_gRPC.train.round.client.finished,client_id-round_no-time_taken,63d97c62-9511-4bfc-b647-647eada80e8c,2,18.530755281448364
2026-08-15 17:20:01.008,SESSION_MANAGER,INFO,0c373749-a37f-4406-8402-6cde0a6011c3,fedserver.train.round.results,2,63d97c62-9511-4bfc-b647-647eada80e8c,time_taken_s-num_epochs-total_mini_batches-loss-accuracy,18.431021213531494-1.0-287-0.128-96.483
2026-08-15 17:20:01.008,SESSION_MANAGER,INFO,0c373749-a37f-4406-8402-6cde0a6011c3,fedserver.train.round.client.finished,client_id-round_no-time_taken,63d97c62-9511-4bfc-b647-647eada80e8c,2,18.53159999847412
2026-08-15 17:20:01.011,AGGREGATOR,INFO,0c373749-a37f-4406-8402-6cde0a6011c3,fedserver.aggregator.secure_mpc.called,client_id-active,63d97c62-9511-4bfc-b647-647eada80e8c,True
2026-08-15 17:20:01.014,SESSION_MANAGER,INFO,0c373749-a37f-4406-8402-6cde0a6011c3,train.client_selection.time_taken,0.0001251697540283203
2026-08-15 17:20:01.068,SESSION_MANAGER,INFO,0c373749-a37f-4406-8402-6cde0a6011c3,fedserver_gRPC.train.round.await.response_time,e9015347-12ab-4c2c-bfa0-a7383830be84,2,18.59252905845642
2026-08-15 17:20:01.069,SESSION_MANAGER,INFO,0c373749-a37f-4406-8402-6cde0a6011c3,fedserver_gRPC.train.round.client.finished,client_id-round_no-time_taken,e9015347-12ab-4c2c-bfa0-a7383830be84,2,18.595279216766357
2026-08-15 17:20:01.069,SESSION_MANAGER,INFO,0c373749-a37f-4406-8402-6cde0a6011c3,fedserver.train.round.results,2,e9015347-12ab-4c2c-bfa0-a7383830be84,time_taken_s-num_epochs-total_mini_batches-loss-accuracy,18.496322631835938-1.0-287-0.122-96.82
2026-08-15 17:20:01.069,SESSION_MANAGER,INFO,0c373749-a37f-4406-8402-6cde0a6011c3,fedserver.train.round.client.finished,client_id-round_no-time_taken,e9015347-12ab-4c2c-bfa0-a7383830be84,2,18.59587550163269
2026-08-15 17:20:01.073,AGGREGATOR,INFO,0c373749-a37f-4406-8402-6cde0a6011c3,fedserver.aggregator.secure_mpc.called,client_id-active,e9015347-12ab-4c2c-bfa0-a7383830be84,True
2026-08-15 17:20:01.075,AGGREGATOR,INFO,0c373749-a37f-4406-8402-6cde0a6011c3,fedserver.aggregator.secure_mpc.round_ready,clients,['e9015347-12ab-4c2c-bfa0-a7383830be84', '63d97c62-9511-4bfc-b647-647eada80e8c', '038236b5-502b-44c4-b34e-76d1f60f7c50']
2026-08-15 17:20:01.126,AGGREGATOR,INFO,0c373749-a37f-4406-8402-6cde0a6011c3,fedserver.aggregator.secure_mpc.round_complete,0c373749-a37f-4406-8402-6cde0a6011c3:2
2026-08-15 17:20:01.126,AGGREGATOR,INFO,0c373749-a37f-4406-8402-6cde0a6011c3,fedserver.aggregator.secure_mpc.revealed_total_dataset_size,0c373749-a37f-4406-8402-6cde0a6011c3:2,58000
2026-08-15 17:20:01.506,SESSION_MANAGER,INFO,0c373749-a37f-4406-8402-6cde0a6011c3,fedserver.train_callback.server_validation_time,0.37859058380126953
2026-08-15 17:20:01.507,SESSION_MANAGER,INFO,0c373749-a37f-4406-8402-6cde0a6011c3,fedserver.train_callback,round_no,accuracy,loss,3,98.1,0.0829525439068675
2026-08-15 17:20:01.507,SESSION_MANAGER,INFO,0c373749-a37f-4406-8402-6cde0a6011c3,fedserver.train_callback.aggregate_time,2,0.05597949028015137
2026-08-15 17:20:01.508,SESSION_MANAGER,INFO,0c373749-a37f-4406-8402-6cde0a6011c3,fedserver.train.server_round_time,2,19.043195247650146
2026-08-15 17:20:01.510,SESSION_MANAGER,INFO,0c373749-a37f-4406-8402-6cde0a6011c3,train.client_selection.time_taken,0.0007817745208740234
2026-08-15 17:20:01.512,SESSION_MANAGER,DEBUG,0c373749-a37f-4406-8402-6cde0a6011c3,fedserver_gRPC.train.round.init,round_no-num_clients-clients,3,3,e9015347-12ab-4c2c-bfa0-a7383830be84,63d97c62-9511-4bfc-b647-647eada80e8c,038236b5-502b-44c4-b34e-76d1f60f7c50
2026-08-15 17:20:01.514,SESSION_MANAGER,INFO,0c373749-a37f-4406-8402-6cde0a6011c3,fedserver_gRPC.send_model.init,
2026-08-15 17:20:01.514,SESSION_MANAGER,DEBUG,0c373749-a37f-4406-8402-6cde0a6011c3,fedserver_gRPC.send_model.cache_hit,Client:e9015347-12ab-4c2c-bfa0-a7383830be84 has model LeNet5,e9015347-12ab-4c2c-bfa0-a7383830be84,LeNet5
2026-08-15 17:20:01.514,SESSION_MANAGER,INFO,0c373749-a37f-4406-8402-6cde0a6011c3,fedserver_gRPC.send_model.client.finished,client_id - time_taken,e9015347-12ab-4c2c-bfa0-a7383830be84,0.0002620220184326172
2026-08-15 17:20:01.514,SESSION_MANAGER,DEBUG,0c373749-a37f-4406-8402-6cde0a6011c3,fedserver_gRPC.send_model.cache_hit,Client:63d97c62-9511-4bfc-b647-647eada80e8c has model LeNet5,63d97c62-9511-4bfc-b647-647eada80e8c,LeNet5
2026-08-15 17:20:01.514,SESSION_MANAGER,INFO,0c373749-a37f-4406-8402-6cde0a6011c3,fedserver_gRPC.send_model.client.finished,client_id - time_taken,63d97c62-9511-4bfc-b647-647eada80e8c,0.00017309188842773438
2026-08-15 17:20:01.514,SESSION_MANAGER,DEBUG,0c373749-a37f-4406-8402-6cde0a6011c3,fedserver_gRPC.send_model.cache_hit,Client:038236b5-502b-44c4-b34e-76d1f60f7c50 has model LeNet5,038236b5-502b-44c4-b34e-76d1f60f7c50,LeNet5
2026-08-15 17:20:01.515,SESSION_MANAGER,INFO,0c373749-a37f-4406-8402-6cde0a6011c3,fedserver_gRPC.send_model.client.finished,client_id - time_taken,038236b5-502b-44c4-b34e-76d1f60f7c50,0.0001666545867919922
2026-08-15 17:20:01.515,SESSION_MANAGER,INFO,0c373749-a37f-4406-8402-6cde0a6011c3,fedserver_gRPC.send_model.finished,time_taken,0.0009732246398925781
2026-08-15 17:20:01.515,SESSION_MANAGER,INFO,0c373749-a37f-4406-8402-6cde0a6011c3,fedserver.session.loop_runtime,70.5565140247345
2026-08-15 17:20:01.515,SESSION_MANAGER,INFO,0c373749-a37f-4406-8402-6cde0a6011c3,session.train.accuracy,92.15,97.7,98.1
2026-08-15 17:20:01.515,SESSION_MANAGER,INFO,0c373749-a37f-4406-8402-6cde0a6011c3,session.train.loss,0.866540116071701,0.08855841765180231,0.0829525439068675
2026-08-15 17:20:01.515,SESSION_MANAGER,INFO,0c373749-a37f-4406-8402-6cde0a6011c3,fedserver_session_finished_running,0c373749-a37f-4406-8402-6cde0a6011c3.finished_running
2026-08-15 17:20:01.515,SESSION_MANAGER,INFO,0c373749-a37f-4406-8402-6cde0a6011c3,fedserver_gRPC.train.connect,connecting to,e9015347-12ab-4c2c-bfa0-a7383830be84
2026-08-15 17:20:01.515,SESSION_MANAGER,INFO,0c373749-a37f-4406-8402-6cde0a6011c3,fedserver_gRPC.train.await.response,e9015347-12ab-4c2c-bfa0-a7383830be84
2026-08-15 17:20:01.516,SESSION_MANAGER,INFO,0c373749-a37f-4406-8402-6cde0a6011c3,fedserver_gRPC.train.round.model_wts.pickle.time,client_id-round_no-time_taken,e9015347-12ab-4c2c-bfa0-a7383830be84,3,0.00080108642578125
2026-08-15 17:20:01.516,SESSION_MANAGER,INFO,0c373749-a37f-4406-8402-6cde0a6011c3,fedserver_gRPC.train.round.loss_function.pickle.time,client_id - round_no - time_taken,e9015347-12ab-4c2c-bfa0-a7383830be84,3,7.3909759521484375e-06
2026-08-15 17:20:01.517,SESSION_MANAGER,INFO,0c373749-a37f-4406-8402-6cde0a6011c3,fedserver_gRPC.train.round.optimizer.pickle.time,client_id - round_no - time_taken,e9015347-12ab-4c2c-bfa0-a7383830be84,3,0.000606536865234375
2026-08-15 17:20:01.517,SESSION_MANAGER,INFO,0c373749-a37f-4406-8402-6cde0a6011c3,fedserver_gRPC.train.connect,connecting to,63d97c62-9511-4bfc-b647-647eada80e8c
2026-08-15 17:20:01.518,SESSION_MANAGER,INFO,0c373749-a37f-4406-8402-6cde0a6011c3,fedserver_gRPC.train.await.response,63d97c62-9511-4bfc-b647-647eada80e8c
2026-08-15 17:20:01.519,SESSION_MANAGER,INFO,0c373749-a37f-4406-8402-6cde0a6011c3,fedserver_gRPC.train.round.model_wts.pickle.time,client_id-round_no-time_taken,63d97c62-9511-4bfc-b647-647eada80e8c,3,0.0007686614990234375
2026-08-15 17:20:01.519,SESSION_MANAGER,INFO,0c373749-a37f-4406-8402-6cde0a6011c3,fedserver_gRPC.train.round.loss_function.pickle.time,client_id - round_no - time_taken,63d97c62-9511-4bfc-b647-647eada80e8c,3,6.4373016357421875e-06
2026-08-15 17:20:01.519,SESSION_MANAGER,INFO,0c373749-a37f-4406-8402-6cde0a6011c3,fedserver_gRPC.train.round.optimizer.pickle.time,client_id - round_no - time_taken,63d97c62-9511-4bfc-b647-647eada80e8c,3,0.0006253719329833984
2026-08-15 17:20:01.519,SESSION_MANAGER,INFO,0c373749-a37f-4406-8402-6cde0a6011c3,fedserver_gRPC.train.connect,connecting to,038236b5-502b-44c4-b34e-76d1f60f7c50
2026-08-15 17:20:01.520,SESSION_MANAGER,INFO,0c373749-a37f-4406-8402-6cde0a6011c3,fedserver_gRPC.train.await.response,038236b5-502b-44c4-b34e-76d1f60f7c50
2026-08-15 17:20:01.521,SESSION_MANAGER,INFO,0c373749-a37f-4406-8402-6cde0a6011c3,fedserver_gRPC.train.round.model_wts.pickle.time,client_id-round_no-time_taken,038236b5-502b-44c4-b34e-76d1f60f7c50,3,0.0009768009185791016
2026-08-15 17:20:01.521,SESSION_MANAGER,INFO,0c373749-a37f-4406-8402-6cde0a6011c3,fedserver_gRPC.train.round.loss_function.pickle.time,client_id - round_no - time_taken,038236b5-502b-44c4-b34e-76d1f60f7c50,3,7.152557373046875e-06
2026-08-15 17:20:01.522,SESSION_MANAGER,INFO,0c373749-a37f-4406-8402-6cde0a6011c3,fedserver_gRPC.train.round.optimizer.pickle.time,client_id - round_no - time_taken,038236b5-502b-44c4-b34e-76d1f60f7c50,3,0.0008370876312255859
