2026-08-15 17:28:51.947,AGGREGATION_LOADER,INFO,b62ba5cc-ca2e-4bd0-8b23-89c2e31f65bc,fedserver.aggregation.module,Aggregation module name:,server.aggregation.aggregator_secure_mpc
2026-08-15 17:28:52.036,LOSS_FUNC_LOADER,INFO,b62ba5cc-ca2e-4bd0-8b23-89c2e31f65bc,fedserver.loss_function.module,Loss function module name:,server.loss.loss_function_crossentropy
2026-08-15 17:28:52.039,OPTIMIZER_LOADER,INFO,b62ba5cc-ca2e-4bd0-8b23-89c2e31f65bc,fedserver.optimizer.module,Optimizer module name:,server.optimizer.optimizer_adam
2026-08-15 17:28:52.041,SESSION_MANAGER,DEBUG,b62ba5cc-ca2e-4bd0-8b23-89c2e31f65bc,session_id,b62ba5cc-ca2e-4bd0-8b23-89c2e31f65bc
2026-08-15 17:28:52.041,SESSION_MANAGER,INFO,b62ba5cc-ca2e-4bd0-8b23-89c2e31f65bc,fedserver_gRPC.echo.init,num_of_clients,9
2026-08-15 17:28:52.041,SESSION_MANAGER,INFO,b62ba5cc-ca2e-4bd0-8b23-89c2e31f65bc,fedserver_gRPC.echo.start,connecting_to,fb35648e-c4d5-4bc9-b46f-05c57243d59d
2026-08-15 17:28:52.042,SESSION_MANAGER,INFO,b62ba5cc-ca2e-4bd0-8b23-89c2e31f65bc,fedserver_gRPC.echo.start,connecting_to,9aa68f18-a984-4dfb-9c3d-37b37deb28ac
2026-08-15 17:28:52.042,SESSION_MANAGER,INFO,b62ba5cc-ca2e-4bd0-8b23-89c2e31f65bc,fedserver_gRPC.echo.start,connecting_to,56f79587-6ae7-4629-ad3e-5207572a6e36
2026-08-15 17:28:52.046,SESSION_MANAGER,INFO,b62ba5cc-ca2e-4bd0-8b23-89c2e31f65bc,fedserver_gRPC.echo.response,client_replied,fb35648e-c4d5-4bc9-b46f-05c57243d59d
2026-08-15 17:28:52.048,SESSION_MANAGER,INFO,b62ba5cc-ca2e-4bd0-8b23-89c2e31f65bc,fedserver_gRPC.echo.client.finished,client_id - time_taken,fb35648e-c4d5-4bc9-b46f-05c57243d59d,0.006817340850830078
2026-08-15 17:28:52.049,SESSION_MANAGER,INFO,b62ba5cc-ca2e-4bd0-8b23-89c2e31f65bc,fedserver_gRPC.echo.response,client_replied,9aa68f18-a984-4dfb-9c3d-37b37deb28ac
2026-08-15 17:28:52.049,SESSION_MANAGER,INFO,b62ba5cc-ca2e-4bd0-8b23-89c2e31f65bc,fedserver_gRPC.echo.client.finished,client_id - time_taken,9aa68f18-a984-4dfb-9c3d-37b37deb28ac,0.0074155330657958984
2026-08-15 17:28:52.050,SESSION_MANAGER,INFO,b62ba5cc-ca2e-4bd0-8b23-89c2e31f65bc,fedserver_gRPC.echo.response,client_replied,56f79587-6ae7-4629-ad3e-5207572a6e36
2026-08-15 17:28:52.050,SESSION_MANAGER,INFO,b62ba5cc-ca2e-4bd0-8b23-89c2e31f65bc,fedserver_gRPC.echo.client.finished,client_id - time_taken,56f79587-6ae7-4629-ad3e-5207572a6e36,0.0077457427978515625
2026-08-15 17:28:52.050,SESSION_MANAGER,INFO,b62ba5cc-ca2e-4bd0-8b23-89c2e31f65bc,fedserver_gRPC.echo.finished,time_taken,0.009377479553222656
2026-08-15 17:28:52.062,SESSION_MANAGER,INFO,b62ba5cc-ca2e-4bd0-8b23-89c2e31f65bc,fedserver_gRPC.train_session.init,1786814932.0527368
2026-08-15 17:28:52.062,SESSION_MANAGER,INFO,b62ba5cc-ca2e-4bd0-8b23-89c2e31f65bc,fedserver_gRPC.train_session.config,model-dataset_id-training_rounds-epochs-batch_size-loss_fun-optimizer-lr-timeout-benchmark-model-aggregator-aggregator_args-client_selection-client_selection_args,LeNet5_class,MNIST,3,1,64,crossentropy,adam,0.01,180,LeNet5,secure_mpc,{'sharing_scheme': 'tetrad4pc', 'num_parties': 4, 'party_endpoints': [{'party_index': 0, 'host': 'secure_agg_party0', 'port': 50100}, {'party_index': 1, 'host': 'secure_agg_party1', 'port': 50101}, {'party_index': 2, 'host': 'secure_agg_party2', 'port': 50102}, {'party_index': 3, 'host': 'secure_agg_party3', 'port': 50103}], 'fixed_point': {'bitlength': 64, 'frac_bits': 13}, 'round_timeout_s': 120, 'verify_party_agreement': True},fedavg,{'client_fraction': 1}
2026-08-15 17:28:52.062,SESSION_MANAGER,INFO,b62ba5cc-ca2e-4bd0-8b23-89c2e31f65bc,fedserver_gRPC.train.rounds,3
2026-08-15 17:28:52.081,SESSION_MANAGER,INFO,b62ba5cc-ca2e-4bd0-8b23-89c2e31f65bc,train.client_selection.time_taken,0.01388096809387207
2026-08-15 17:28:52.088,SESSION_MANAGER,DEBUG,b62ba5cc-ca2e-4bd0-8b23-89c2e31f65bc,fedserver_gRPC.train.round.init,round_no-num_clients-clients,0,3,56f79587-6ae7-4629-ad3e-5207572a6e36,9aa68f18-a984-4dfb-9c3d-37b37deb28ac,fb35648e-c4d5-4bc9-b46f-05c57243d59d
2026-08-15 17:28:52.095,SESSION_MANAGER,INFO,b62ba5cc-ca2e-4bd0-8b23-89c2e31f65bc,fedserver_gRPC.send_model.init,
2026-08-15 17:28:52.096,SESSION_MANAGER,DEBUG,b62ba5cc-ca2e-4bd0-8b23-89c2e31f65bc,fedserver_gRPC.send_model.cache_hit,Client:56f79587-6ae7-4629-ad3e-5207572a6e36 has model LeNet5,56f79587-6ae7-4629-ad3e-5207572a6e36,LeNet5
2026-08-15 17:28:52.096,SESSION_MANAGER,INFO,b62ba5cc-ca2e-4bd0-8b23-89c2e31f65bc,fedserver_gRPC.send_model.client.finished,client_id - time_taken,56f79587-6ae7-4629-ad3e-5207572a6e36,0.00030732154846191406
2026-08-15 17:28:52.096,SESSION_MANAGER,DEBUG,b62ba5cc-ca2e-4bd0-8b23-89c2e31f65bc,fedserver_gRPC.send_model.cache_hit,Client:9aa68f18-a984-4dfb-9c3d-37b37deb28ac has model LeNet5,9aa68f18-a984-4dfb-9c3d-37b37deb28ac,LeNet5
2026-08-15 17:28:52.096,SESSION_MANAGER,INFO,b62ba5cc-ca2e-4bd0-8b23-89c2e31f65bc,fedserver_gRPC.send_model.client.finished,client_id - time_taken,9aa68f18-a984-4dfb-9c3d-37b37deb28ac,9.34600830078125e-05
2026-08-15 17:28:52.096,SESSION_MANAGER,DEBUG,b62ba5cc-ca2e-4bd0-8b23-89c2e31f65bc,fedserver_gRPC.send_model.cache_hit,Client:fb35648e-c4d5-4bc9-b46f-05c57243d59d has model LeNet5,fb35648e-c4d5-4bc9-b46f-05c57243d59d,LeNet5
2026-08-15 17:28:52.096,SESSION_MANAGER,INFO,b62ba5cc-ca2e-4bd0-8b23-89c2e31f65bc,fedserver_gRPC.send_model.client.finished,client_id - time_taken,fb35648e-c4d5-4bc9-b46f-05c57243d59d,8.034706115722656e-05
2026-08-15 17:28:52.096,SESSION_MANAGER,INFO,b62ba5cc-ca2e-4bd0-8b23-89c2e31f65bc,fedserver_gRPC.send_model.finished,time_taken,0.0009450912475585938
2026-08-15 17:28:52.096,SESSION_MANAGER,INFO,b62ba5cc-ca2e-4bd0-8b23-89c2e31f65bc,fedserver_gRPC.train.connect,connecting to,56f79587-6ae7-4629-ad3e-5207572a6e36
2026-08-15 17:28:52.097,SESSION_MANAGER,INFO,b62ba5cc-ca2e-4bd0-8b23-89c2e31f65bc,fedserver_gRPC.train.await.response,56f79587-6ae7-4629-ad3e-5207572a6e36
2026-08-15 17:28:52.097,SESSION_MANAGER,INFO,b62ba5cc-ca2e-4bd0-8b23-89c2e31f65bc,fedserver_gRPC.train.round.model_wts.pickle.time,client_id-round_no-time_taken,56f79587-6ae7-4629-ad3e-5207572a6e36,0,0.0008301734924316406
2026-08-15 17:28:52.098,SESSION_MANAGER,INFO,b62ba5cc-ca2e-4bd0-8b23-89c2e31f65bc,fedserver_gRPC.train.round.loss_function.pickle.time,client_id - round_no - time_taken,56f79587-6ae7-4629-ad3e-5207572a6e36,0,7.867813110351562e-06
2026-08-15 17:28:52.098,SESSION_MANAGER,INFO,b62ba5cc-ca2e-4bd0-8b23-89c2e31f65bc,fedserver_gRPC.train.round.optimizer.pickle.time,client_id - round_no - time_taken,56f79587-6ae7-4629-ad3e-5207572a6e36,0,0.0006701946258544922
2026-08-15 17:28:52.098,SESSION_MANAGER,INFO,b62ba5cc-ca2e-4bd0-8b23-89c2e31f65bc,fedserver_gRPC.train.connect,connecting to,9aa68f18-a984-4dfb-9c3d-37b37deb28ac
2026-08-15 17:28:52.099,SESSION_MANAGER,INFO,b62ba5cc-ca2e-4bd0-8b23-89c2e31f65bc,fedserver_gRPC.train.await.response,9aa68f18-a984-4dfb-9c3d-37b37deb28ac
2026-08-15 17:28:52.103,SESSION_MANAGER,INFO,b62ba5cc-ca2e-4bd0-8b23-89c2e31f65bc,fedserver_gRPC.train.round.model_wts.pickle.time,client_id-round_no-time_taken,9aa68f18-a984-4dfb-9c3d-37b37deb28ac,0,0.003027677536010742
2026-08-15 17:28:52.103,SESSION_MANAGER,INFO,b62ba5cc-ca2e-4bd0-8b23-89c2e31f65bc,fedserver_gRPC.train.round.loss_function.pickle.time,client_id - round_no - time_taken,9aa68f18-a984-4dfb-9c3d-37b37deb28ac,0,1.0728836059570312e-05
2026-08-15 17:28:52.103,SESSION_MANAGER,INFO,b62ba5cc-ca2e-4bd0-8b23-89c2e31f65bc,fedserver_gRPC.train.round.optimizer.pickle.time,client_id - round_no - time_taken,9aa68f18-a984-4dfb-9c3d-37b37deb28ac,0,0.0007317066192626953
2026-08-15 17:28:52.104,SESSION_MANAGER,INFO,b62ba5cc-ca2e-4bd0-8b23-89c2e31f65bc,fedserver_gRPC.train.connect,connecting to,fb35648e-c4d5-4bc9-b46f-05c57243d59d
2026-08-15 17:28:52.106,SESSION_MANAGER,INFO,b62ba5cc-ca2e-4bd0-8b23-89c2e31f65bc,fedserver_gRPC.train.await.response,fb35648e-c4d5-4bc9-b46f-05c57243d59d
2026-08-15 17:28:52.107,SESSION_MANAGER,INFO,b62ba5cc-ca2e-4bd0-8b23-89c2e31f65bc,fedserver_gRPC.train.round.model_wts.pickle.time,client_id-round_no-time_taken,fb35648e-c4d5-4bc9-b46f-05c57243d59d,0,0.0010645389556884766
2026-08-15 17:28:52.107,SESSION_MANAGER,INFO,b62ba5cc-ca2e-4bd0-8b23-89c2e31f65bc,fedserver_gRPC.train.round.loss_function.pickle.time,client_id - round_no - time_taken,fb35648e-c4d5-4bc9-b46f-05c57243d59d,0,8.821487426757812e-06
2026-08-15 17:28:52.109,SESSION_MANAGER,INFO,b62ba5cc-ca2e-4bd0-8b23-89c2e31f65bc,fedserver_gRPC.train.round.optimizer.pickle.time,client_id - round_no - time_taken,fb35648e-c4d5-4bc9-b46f-05c57243d59d,0,0.0022933483123779297
2026-08-15 17:29:22.162,SESSION_MANAGER,INFO,b62ba5cc-ca2e-4bd0-8b23-89c2e31f65bc,fedserver_gRPC.train.round.await.response_time,9aa68f18-a984-4dfb-9c3d-37b37deb28ac,0,30.058444261550903
2026-08-15 17:29:22.162,SESSION_MANAGER,INFO,b62ba5cc-ca2e-4bd0-8b23-89c2e31f65bc,fedserver_gRPC.train.round.client.finished,client_id-round_no-time_taken,9aa68f18-a984-4dfb-9c3d-37b37deb28ac,0,30.06376838684082
2026-08-15 17:29:22.166,SESSION_MANAGER,INFO,b62ba5cc-ca2e-4bd0-8b23-89c2e31f65bc,fedserver.train.round.results,0,9aa68f18-a984-4dfb-9c3d-37b37deb28ac,time_taken_s-num_epochs-total_mini_batches-loss-accuracy,29.797646045684814-1.0-287-0.273-91.343
2026-08-15 17:29:22.166,SESSION_MANAGER,INFO,b62ba5cc-ca2e-4bd0-8b23-89c2e31f65bc,fedserver.train.round.client.finished,client_id-round_no-time_taken,9aa68f18-a984-4dfb-9c3d-37b37deb28ac,0,30.06752061843872
2026-08-15 17:29:22.174,AGGREGATOR,INFO,b62ba5cc-ca2e-4bd0-8b23-89c2e31f65bc,fedserver.aggregator.secure_mpc.called,client_id-active,9aa68f18-a984-4dfb-9c3d-37b37deb28ac,True
2026-08-15 17:29:22.179,SESSION_MANAGER,INFO,b62ba5cc-ca2e-4bd0-8b23-89c2e31f65bc,train.client_selection.time_taken,8.177757263183594e-05
2026-08-15 17:29:22.452,SESSION_MANAGER,INFO,b62ba5cc-ca2e-4bd0-8b23-89c2e31f65bc,fedserver_gRPC.train.round.await.response_time,fb35648e-c4d5-4bc9-b46f-05c57243d59d,0,30.342204570770264
2026-08-15 17:29:22.452,SESSION_MANAGER,INFO,b62ba5cc-ca2e-4bd0-8b23-89c2e31f65bc,fedserver_gRPC.train.round.client.finished,client_id-round_no-time_taken,fb35648e-c4d5-4bc9-b46f-05c57243d59d,0,30.34811520576477
2026-08-15 17:29:22.453,SESSION_MANAGER,INFO,b62ba5cc-ca2e-4bd0-8b23-89c2e31f65bc,fedserver.train.round.results,0,fb35648e-c4d5-4bc9-b46f-05c57243d59d,time_taken_s-num_epochs-total_mini_batches-loss-accuracy,30.113561868667603-1.0-287-0.27-91.36
2026-08-15 17:29:22.453,SESSION_MANAGER,INFO,b62ba5cc-ca2e-4bd0-8b23-89c2e31f65bc,fedserver.train.round.client.finished,client_id-round_no-time_taken,fb35648e-c4d5-4bc9-b46f-05c57243d59d,0,30.349265575408936
2026-08-15 17:29:22.457,AGGREGATOR,INFO,b62ba5cc-ca2e-4bd0-8b23-89c2e31f65bc,fedserver.aggregator.secure_mpc.called,client_id-active,fb35648e-c4d5-4bc9-b46f-05c57243d59d,True
2026-08-15 17:29:22.461,SESSION_MANAGER,INFO,b62ba5cc-ca2e-4bd0-8b23-89c2e31f65bc,train.client_selection.time_taken,0.00014066696166992188
2026-08-15 17:29:22.465,SESSION_MANAGER,INFO,b62ba5cc-ca2e-4bd0-8b23-89c2e31f65bc,fedserver_gRPC.train.round.await.response_time,56f79587-6ae7-4629-ad3e-5207572a6e36,0,30.36664128303528
2026-08-15 17:29:22.465,SESSION_MANAGER,INFO,b62ba5cc-ca2e-4bd0-8b23-89c2e31f65bc,fedserver_gRPC.train.round.client.finished,client_id-round_no-time_taken,56f79587-6ae7-4629-ad3e-5207572a6e36,0,30.368716716766357
2026-08-15 17:29:22.465,SESSION_MANAGER,INFO,b62ba5cc-ca2e-4bd0-8b23-89c2e31f65bc,fedserver.train.round.results,0,56f79587-6ae7-4629-ad3e-5207572a6e36,time_taken_s-num_epochs-total_mini_batches-loss-accuracy,30.137818574905396-1.0-287-0.284-91.13
2026-08-15 17:29:22.466,SESSION_MANAGER,INFO,b62ba5cc-ca2e-4bd0-8b23-89c2e31f65bc,fedserver.train.round.client.finished,client_id-round_no-time_taken,56f79587-6ae7-4629-ad3e-5207572a6e36,0,30.36918020248413
2026-08-15 17:29:22.469,AGGREGATOR,INFO,b62ba5cc-ca2e-4bd0-8b23-89c2e31f65bc,fedserver.aggregator.secure_mpc.called,client_id-active,56f79587-6ae7-4629-ad3e-5207572a6e36,True
2026-08-15 17:29:22.471,AGGREGATOR,INFO,b62ba5cc-ca2e-4bd0-8b23-89c2e31f65bc,fedserver.aggregator.secure_mpc.round_ready,clients,['fb35648e-c4d5-4bc9-b46f-05c57243d59d', '9aa68f18-a984-4dfb-9c3d-37b37deb28ac', '56f79587-6ae7-4629-ad3e-5207572a6e36']
2026-08-15 17:29:22.542,AGGREGATOR,INFO,b62ba5cc-ca2e-4bd0-8b23-89c2e31f65bc,fedserver.aggregator.secure_mpc.round_complete,b62ba5cc-ca2e-4bd0-8b23-89c2e31f65bc:0
2026-08-15 17:29:22.542,AGGREGATOR,INFO,b62ba5cc-ca2e-4bd0-8b23-89c2e31f65bc,fedserver.aggregator.secure_mpc.revealed_total_dataset_size,b62ba5cc-ca2e-4bd0-8b23-89c2e31f65bc:0,58000
2026-08-15 17:29:22.935,SESSION_MANAGER,INFO,b62ba5cc-ca2e-4bd0-8b23-89c2e31f65bc,fedserver.train_callback.server_validation_time,0.3897888660430908
2026-08-15 17:29:22.936,SESSION_MANAGER,INFO,b62ba5cc-ca2e-4bd0-8b23-89c2e31f65bc,fedserver.train_callback,round_no,accuracy,loss,1,91.64999999999999,1.1650626420974732
2026-08-15 17:29:22.936,SESSION_MANAGER,INFO,b62ba5cc-ca2e-4bd0-8b23-89c2e31f65bc,fedserver.train_callback.aggregate_time,0,0.07619357109069824
2026-08-15 17:29:22.936,SESSION_MANAGER,INFO,b62ba5cc-ca2e-4bd0-8b23-89c2e31f65bc,fedserver.train.server_round_time,0,30.87222695350647
2026-08-15 17:29:22.939,SESSION_MANAGER,INFO,b62ba5cc-ca2e-4bd0-8b23-89c2e31f65bc,train.client_selection.time_taken,0.0008018016815185547
2026-08-15 17:29:22.941,SESSION_MANAGER,DEBUG,b62ba5cc-ca2e-4bd0-8b23-89c2e31f65bc,fedserver_gRPC.train.round.init,round_no-num_clients-clients,1,3,56f79587-6ae7-4629-ad3e-5207572a6e36,9aa68f18-a984-4dfb-9c3d-37b37deb28ac,fb35648e-c4d5-4bc9-b46f-05c57243d59d
2026-08-15 17:29:22.943,SESSION_MANAGER,INFO,b62ba5cc-ca2e-4bd0-8b23-89c2e31f65bc,fedserver_gRPC.send_model.init,
2026-08-15 17:29:22.944,SESSION_MANAGER,DEBUG,b62ba5cc-ca2e-4bd0-8b23-89c2e31f65bc,fedserver_gRPC.send_model.cache_hit,Client:56f79587-6ae7-4629-ad3e-5207572a6e36 has model LeNet5,56f79587-6ae7-4629-ad3e-5207572a6e36,LeNet5
2026-08-15 17:29:22.944,SESSION_MANAGER,INFO,b62ba5cc-ca2e-4bd0-8b23-89c2e31f65bc,fedserver_gRPC.send_model.client.finished,client_id - time_taken,56f79587-6ae7-4629-ad3e-5207572a6e36,0.0003082752227783203
2026-08-15 17:29:22.944,SESSION_MANAGER,DEBUG,b62ba5cc-ca2e-4bd0-8b23-89c2e31f65bc,fedserver_gRPC.send_model.cache_hit,Client:9aa68f18-a984-4dfb-9c3d-37b37deb28ac has model LeNet5,9aa68f18-a984-4dfb-9c3d-37b37deb28ac,LeNet5
2026-08-15 17:29:22.944,SESSION_MANAGER,INFO,b62ba5cc-ca2e-4bd0-8b23-89c2e31f65bc,fedserver_gRPC.send_model.client.finished,client_id - time_taken,9aa68f18-a984-4dfb-9c3d-37b37deb28ac,0.00016808509826660156
2026-08-15 17:29:22.944,SESSION_MANAGER,DEBUG,b62ba5cc-ca2e-4bd0-8b23-89c2e31f65bc,fedserver_gRPC.send_model.cache_hit,Client:fb35648e-c4d5-4bc9-b46f-05c57243d59d has model LeNet5,fb35648e-c4d5-4bc9-b46f-05c57243d59d,LeNet5
2026-08-15 17:29:22.944,SESSION_MANAGER,INFO,b62ba5cc-ca2e-4bd0-8b23-89c2e31f65bc,fedserver_gRPC.send_model.client.finished,client_id - time_taken,fb35648e-c4d5-4bc9-b46f-05c57243d59d,0.00014400482177734375
2026-08-15 17:29:22.944,SESSION_MANAGER,INFO,b62ba5cc-ca2e-4bd0-8b23-89c2e31f65bc,fedserver_gRPC.send_model.finished,time_taken,0.001077890396118164
2026-08-15 17:29:22.944,SESSION_MANAGER,INFO,b62ba5cc-ca2e-4bd0-8b23-89c2e31f65bc,fedserver_gRPC.train.connect,connecting to,56f79587-6ae7-4629-ad3e-5207572a6e36
2026-08-15 17:29:22.945,SESSION_MANAGER,INFO,b62ba5cc-ca2e-4bd0-8b23-89c2e31f65bc,fedserver_gRPC.train.await.response,56f79587-6ae7-4629-ad3e-5207572a6e36
2026-08-15 17:29:22.946,SESSION_MANAGER,INFO,b62ba5cc-ca2e-4bd0-8b23-89c2e31f65bc,fedserver_gRPC.train.round.model_wts.pickle.time,client_id-round_no-time_taken,56f79587-6ae7-4629-ad3e-5207572a6e36,1,0.0007925033569335938
2026-08-15 17:29:22.946,SESSION_MANAGER,INFO,b62ba5cc-ca2e-4bd0-8b23-89c2e31f65bc,fedserver_gRPC.train.round.loss_function.pickle.time,client_id - round_no - time_taken,56f79587-6ae7-4629-ad3e-5207572a6e36,1,7.3909759521484375e-06
2026-08-15 17:29:22.946,SESSION_MANAGER,INFO,b62ba5cc-ca2e-4bd0-8b23-89c2e31f65bc,fedserver_gRPC.train.round.optimizer.pickle.time,client_id - round_no - time_taken,56f79587-6ae7-4629-ad3e-5207572a6e36,1,0.0006508827209472656
2026-08-15 17:29:22.946,SESSION_MANAGER,INFO,b62ba5cc-ca2e-4bd0-8b23-89c2e31f65bc,fedserver_gRPC.train.connect,connecting to,9aa68f18-a984-4dfb-9c3d-37b37deb28ac
2026-08-15 17:29:22.947,SESSION_MANAGER,INFO,b62ba5cc-ca2e-4bd0-8b23-89c2e31f65bc,fedserver_gRPC.train.await.response,9aa68f18-a984-4dfb-9c3d-37b37deb28ac
2026-08-15 17:29:22.947,SESSION_MANAGER,INFO,b62ba5cc-ca2e-4bd0-8b23-89c2e31f65bc,fedserver_gRPC.train.round.model_wts.pickle.time,client_id-round_no-time_taken,9aa68f18-a984-4dfb-9c3d-37b37deb28ac,1,0.0005800724029541016
2026-08-15 17:29:22.947,SESSION_MANAGER,INFO,b62ba5cc-ca2e-4bd0-8b23-89c2e31f65bc,fedserver_gRPC.train.round.loss_function.pickle.time,client_id - round_no - time_taken,9aa68f18-a984-4dfb-9c3d-37b37deb28ac,1,5.0067901611328125e-06
2026-08-15 17:29:22.948,SESSION_MANAGER,INFO,b62ba5cc-ca2e-4bd0-8b23-89c2e31f65bc,fedserver_gRPC.train.round.optimizer.pickle.time,client_id - round_no - time_taken,9aa68f18-a984-4dfb-9c3d-37b37deb28ac,1,0.0006227493286132812
2026-08-15 17:29:22.948,SESSION_MANAGER,INFO,b62ba5cc-ca2e-4bd0-8b23-89c2e31f65bc,fedserver_gRPC.train.connect,connecting to,fb35648e-c4d5-4bc9-b46f-05c57243d59d
2026-08-15 17:29:22.949,SESSION_MANAGER,INFO,b62ba5cc-ca2e-4bd0-8b23-89c2e31f65bc,fedserver_gRPC.train.await.response,fb35648e-c4d5-4bc9-b46f-05c57243d59d
2026-08-15 17:29:22.949,SESSION_MANAGER,INFO,b62ba5cc-ca2e-4bd0-8b23-89c2e31f65bc,fedserver_gRPC.train.round.model_wts.pickle.time,client_id-round_no-time_taken,fb35648e-c4d5-4bc9-b46f-05c57243d59d,1,0.00078582763671875
2026-08-15 17:29:22.950,SESSION_MANAGER,INFO,b62ba5cc-ca2e-4bd0-8b23-89c2e31f65bc,fedserver_gRPC.train.round.loss_function.pickle.time,client_id - round_no - time_taken,fb35648e-c4d5-4bc9-b46f-05c57243d59d,1,6.67572021484375e-06
2026-08-15 17:29:22.950,SESSION_MANAGER,INFO,b62ba5cc-ca2e-4bd0-8b23-89c2e31f65bc,fedserver_gRPC.train.round.optimizer.pickle.time,client_id - round_no - time_taken,fb35648e-c4d5-4bc9-b46f-05c57243d59d,1,0.0006265640258789062
2026-08-15 17:29:40.880,SESSION_MANAGER,INFO,b62ba5cc-ca2e-4bd0-8b23-89c2e31f65bc,fedserver_gRPC.train.round.await.response_time,9aa68f18-a984-4dfb-9c3d-37b37deb28ac,1,17.932236671447754
2026-08-15 17:29:40.881,SESSION_MANAGER,INFO,b62ba5cc-ca2e-4bd0-8b23-89c2e31f65bc,fedserver_gRPC.train.round.client.finished,client_id-round_no-time_taken,9aa68f18-a984-4dfb-9c3d-37b37deb28ac,1,17.9341082572937
2026-08-15 17:29:40.881,SESSION_MANAGER,INFO,b62ba5cc-ca2e-4bd0-8b23-89c2e31f65bc,fedserver.train.round.results,1,9aa68f18-a984-4dfb-9c3d-37b37deb28ac,time_taken_s-num_epochs-total_mini_batches-loss-accuracy,17.7932391166687-1.0-287-0.149-95.916
2026-08-15 17:29:40.881,SESSION_MANAGER,INFO,b62ba5cc-ca2e-4bd0-8b23-89c2e31f65bc,fedserver.train.round.client.finished,client_id-round_no-time_taken,9aa68f18-a984-4dfb-9c3d-37b37deb28ac,1,17.93493890762329
2026-08-15 17:29:40.886,AGGREGATOR,INFO,b62ba5cc-ca2e-4bd0-8b23-89c2e31f65bc,fedserver.aggregator.secure_mpc.called,client_id-active,9aa68f18-a984-4dfb-9c3d-37b37deb28ac,True
2026-08-15 17:29:40.892,SESSION_MANAGER,INFO,b62ba5cc-ca2e-4bd0-8b23-89c2e31f65bc,train.client_selection.time_taken,0.0002377033233642578
2026-08-15 17:29:41.157,SESSION_MANAGER,INFO,b62ba5cc-ca2e-4bd0-8b23-89c2e31f65bc,fedserver_gRPC.train.round.await.response_time,fb35648e-c4d5-4bc9-b46f-05c57243d59d,1,18.20675802230835
2026-08-15 17:29:41.157,SESSION_MANAGER,INFO,b62ba5cc-ca2e-4bd0-8b23-89c2e31f65bc,fedserver_gRPC.train.round.client.finished,client_id-round_no-time_taken,fb35648e-c4d5-4bc9-b46f-05c57243d59d,1,18.208902835845947
2026-08-15 17:29:41.158,SESSION_MANAGER,INFO,b62ba5cc-ca2e-4bd0-8b23-89c2e31f65bc,fedserver.train.round.results,1,fb35648e-c4d5-4bc9-b46f-05c57243d59d,time_taken_s-num_epochs-total_mini_batches-loss-accuracy,18.0809965133667-1.0-287-0.148-96.036
2026-08-15 17:29:41.158,SESSION_MANAGER,INFO,b62ba5cc-ca2e-4bd0-8b23-89c2e31f65bc,fedserver.train.round.client.finished,client_id-round_no-time_taken,fb35648e-c4d5-4bc9-b46f-05c57243d59d,1,18.209341764450073
2026-08-15 17:29:41.162,AGGREGATOR,INFO,b62ba5cc-ca2e-4bd0-8b23-89c2e31f65bc,fedserver.aggregator.secure_mpc.called,client_id-active,fb35648e-c4d5-4bc9-b46f-05c57243d59d,True
2026-08-15 17:29:41.165,SESSION_MANAGER,INFO,b62ba5cc-ca2e-4bd0-8b23-89c2e31f65bc,train.client_selection.time_taken,6.079673767089844e-05
2026-08-15 17:29:41.217,SESSION_MANAGER,INFO,b62ba5cc-ca2e-4bd0-8b23-89c2e31f65bc,fedserver_gRPC.train.round.await.response_time,56f79587-6ae7-4629-ad3e-5207572a6e36,1,18.270469665527344
2026-08-15 17:29:41.217,SESSION_MANAGER,INFO,b62ba5cc-ca2e-4bd0-8b23-89c2e31f65bc,fedserver_gRPC.train.round.client.finished,client_id-round_no-time_taken,56f79587-6ae7-4629-ad3e-5207572a6e36,1,18.27262043952942
2026-08-15 17:29:41.218,SESSION_MANAGER,INFO,b62ba5cc-ca2e-4bd0-8b23-89c2e31f65bc,fedserver.train.round.results,1,56f79587-6ae7-4629-ad3e-5207572a6e36,time_taken_s-num_epochs-total_mini_batches-loss-accuracy,18.150066614151-1.0-287-0.159-95.818
2026-08-15 17:29:41.218,SESSION_MANAGER,INFO,b62ba5cc-ca2e-4bd0-8b23-89c2e31f65bc,fedserver.train.round.client.finished,client_id-round_no-time_taken,56f79587-6ae7-4629-ad3e-5207572a6e36,1,18.273191928863525
2026-08-15 17:29:41.221,AGGREGATOR,INFO,b62ba5cc-ca2e-4bd0-8b23-89c2e31f65bc,fedserver.aggregator.secure_mpc.called,client_id-active,56f79587-6ae7-4629-ad3e-5207572a6e36,True
2026-08-15 17:29:41.223,AGGREGATOR,INFO,b62ba5cc-ca2e-4bd0-8b23-89c2e31f65bc,fedserver.aggregator.secure_mpc.round_ready,clients,['fb35648e-c4d5-4bc9-b46f-05c57243d59d', '9aa68f18-a984-4dfb-9c3d-37b37deb28ac', '56f79587-6ae7-4629-ad3e-5207572a6e36']
2026-08-15 17:29:41.294,AGGREGATOR,INFO,b62ba5cc-ca2e-4bd0-8b23-89c2e31f65bc,fedserver.aggregator.secure_mpc.round_complete,b62ba5cc-ca2e-4bd0-8b23-89c2e31f65bc:1
2026-08-15 17:29:41.294,AGGREGATOR,INFO,b62ba5cc-ca2e-4bd0-8b23-89c2e31f65bc,fedserver.aggregator.secure_mpc.revealed_total_dataset_size,b62ba5cc-ca2e-4bd0-8b23-89c2e31f65bc:1,58000
2026-08-15 17:29:41.676,SESSION_MANAGER,INFO,b62ba5cc-ca2e-4bd0-8b23-89c2e31f65bc,fedserver.train_callback.server_validation_time,0.38005948066711426
2026-08-15 17:29:41.677,SESSION_MANAGER,INFO,b62ba5cc-ca2e-4bd0-8b23-89c2e31f65bc,fedserver.train_callback,round_no,accuracy,loss,2,97.8,0.09043650329113007
2026-08-15 17:29:41.677,SESSION_MANAGER,INFO,b62ba5cc-ca2e-4bd0-8b23-89c2e31f65bc,fedserver.train_callback.aggregate_time,1,0.07602262496948242
2026-08-15 17:29:41.678,SESSION_MANAGER,INFO,b62ba5cc-ca2e-4bd0-8b23-89c2e31f65bc,fedserver.train.server_round_time,1,18.741486072540283
2026-08-15 17:29:41.680,SESSION_MANAGER,INFO,b62ba5cc-ca2e-4bd0-8b23-89c2e31f65bc,train.client_selection.time_taken,0.0007703304290771484
2026-08-15 17:29:41.683,SESSION_MANAGER,DEBUG,b62ba5cc-ca2e-4bd0-8b23-89c2e31f65bc,fedserver_gRPC.train.round.init,round_no-num_clients-clients,2,3,56f79587-6ae7-4629-ad3e-5207572a6e36,9aa68f18-a984-4dfb-9c3d-37b37deb28ac,fb35648e-c4d5-4bc9-b46f-05c57243d59d
2026-08-15 17:29:41.685,SESSION_MANAGER,INFO,b62ba5cc-ca2e-4bd0-8b23-89c2e31f65bc,fedserver_gRPC.send_model.init,
2026-08-15 17:29:41.685,SESSION_MANAGER,DEBUG,b62ba5cc-ca2e-4bd0-8b23-89c2e31f65bc,fedserver_gRPC.send_model.cache_hit,Client:56f79587-6ae7-4629-ad3e-5207572a6e36 has model LeNet5,56f79587-6ae7-4629-ad3e-5207572a6e36,LeNet5
2026-08-15 17:29:41.685,SESSION_MANAGER,INFO,b62ba5cc-ca2e-4bd0-8b23-89c2e31f65bc,fedserver_gRPC.send_model.client.finished,client_id - time_taken,56f79587-6ae7-4629-ad3e-5207572a6e36,0.00033020973205566406
2026-08-15 17:29:41.686,SESSION_MANAGER,DEBUG,b62ba5cc-ca2e-4bd0-8b23-89c2e31f65bc,fedserver_gRPC.send_model.cache_hit,Client:9aa68f18-a984-4dfb-9c3d-37b37deb28ac has model LeNet5,9aa68f18-a984-4dfb-9c3d-37b37deb28ac,LeNet5
2026-08-15 17:29:41.686,SESSION_MANAGER,INFO,b62ba5cc-ca2e-4bd0-8b23-89c2e31f65bc,fedserver_gRPC.send_model.client.finished,client_id - time_taken,9aa68f18-a984-4dfb-9c3d-37b37deb28ac,0.00019097328186035156
2026-08-15 17:29:41.686,SESSION_MANAGER,DEBUG,b62ba5cc-ca2e-4bd0-8b23-89c2e31f65bc,fedserver_gRPC.send_model.cache_hit,Client:fb35648e-c4d5-4bc9-b46f-05c57243d59d has model LeNet5,fb35648e-c4d5-4bc9-b46f-05c57243d59d,LeNet5
2026-08-15 17:29:41.686,SESSION_MANAGER,INFO,b62ba5cc-ca2e-4bd0-8b23-89c2e31f65bc,fedserver_gRPC.send_model.client.finished,client_id - time_taken,fb35648e-c4d5-4bc9-b46f-05c57243d59d,0.00018668174743652344
2026-08-15 17:29:41.686,SESSION_MANAGER,INFO,b62ba5cc-ca2e-4bd0-8b23-89c2e31f65bc,fedserver_gRPC.send_model.finished,time_taken,0.0011410713195800781
2026-08-15 17:29:41.686,SESSION_MANAGER,INFO,b62ba5cc-ca2e-4bd0-8b23-89c2e31f65bc,fedserver_gRPC.train.connect,connecting to,56f79587-6ae7-4629-ad3e-5207572a6e36
2026-08-15 17:29:41.686,SESSION_MANAGER,INFO,b62ba5cc-ca2e-4bd0-8b23-89c2e31f65bc,fedserver_gRPC.train.await.response,56f79587-6ae7-4629-ad3e-5207572a6e36
2026-08-15 17:29:41.687,SESSION_MANAGER,INFO,b62ba5cc-ca2e-4bd0-8b23-89c2e31f65bc,fedserver_gRPC.train.round.model_wts.pickle.time,client_id-round_no-time_taken,56f79587-6ae7-4629-ad3e-5207572a6e36,2,0.0008368492126464844
2026-08-15 17:29:41.687,SESSION_MANAGER,INFO,b62ba5cc-ca2e-4bd0-8b23-89c2e31f65bc,fedserver_gRPC.train.round.loss_function.pickle.time,client_id - round_no - time_taken,56f79587-6ae7-4629-ad3e-5207572a6e36,2,1.3589859008789062e-05
2026-08-15 17:29:41.688,SESSION_MANAGER,INFO,b62ba5cc-ca2e-4bd0-8b23-89c2e31f65bc,fedserver_gRPC.train.round.optimizer.pickle.time,client_id - round_no - time_taken,56f79587-6ae7-4629-ad3e-5207572a6e36,2,0.0006797313690185547
2026-08-15 17:29:41.688,SESSION_MANAGER,INFO,b62ba5cc-ca2e-4bd0-8b23-89c2e31f65bc,fedserver_gRPC.train.connect,connecting to,9aa68f18-a984-4dfb-9c3d-37b37deb28ac
2026-08-15 17:29:41.689,SESSION_MANAGER,INFO,b62ba5cc-ca2e-4bd0-8b23-89c2e31f65bc,fedserver_gRPC.train.await.response,9aa68f18-a984-4dfb-9c3d-37b37deb28ac
2026-08-15 17:29:41.689,SESSION_MANAGER,INFO,b62ba5cc-ca2e-4bd0-8b23-89c2e31f65bc,fedserver_gRPC.train.round.model_wts.pickle.time,client_id-round_no-time_taken,9aa68f18-a984-4dfb-9c3d-37b37deb28ac,2,0.0006854534149169922
2026-08-15 17:29:41.690,SESSION_MANAGER,INFO,b62ba5cc-ca2e-4bd0-8b23-89c2e31f65bc,fedserver_gRPC.train.round.loss_function.pickle.time,client_id - round_no - time_taken,9aa68f18-a984-4dfb-9c3d-37b37deb28ac,2,5.7220458984375e-06
2026-08-15 17:29:41.690,SESSION_MANAGER,INFO,b62ba5cc-ca2e-4bd0-8b23-89c2e31f65bc,fedserver_gRPC.train.round.optimizer.pickle.time,client_id - round_no - time_taken,9aa68f18-a984-4dfb-9c3d-37b37deb28ac,2,0.0006060600280761719
2026-08-15 17:29:41.690,SESSION_MANAGER,INFO,b62ba5cc-ca2e-4bd0-8b23-89c2e31f65bc,fedserver_gRPC.train.connect,connecting to,fb35648e-c4d5-4bc9-b46f-05c57243d59d
2026-08-15 17:29:41.691,SESSION_MANAGER,INFO,b62ba5cc-ca2e-4bd0-8b23-89c2e31f65bc,fedserver_gRPC.train.await.response,fb35648e-c4d5-4bc9-b46f-05c57243d59d
2026-08-15 17:29:41.691,SESSION_MANAGER,INFO,b62ba5cc-ca2e-4bd0-8b23-89c2e31f65bc,fedserver_gRPC.train.round.model_wts.pickle.time,client_id-round_no-time_taken,fb35648e-c4d5-4bc9-b46f-05c57243d59d,2,0.0005981922149658203
2026-08-15 17:29:41.691,SESSION_MANAGER,INFO,b62ba5cc-ca2e-4bd0-8b23-89c2e31f65bc,fedserver_gRPC.train.round.loss_function.pickle.time,client_id - round_no - time_taken,fb35648e-c4d5-4bc9-b46f-05c57243d59d,2,5.245208740234375e-06
2026-08-15 17:29:41.692,SESSION_MANAGER,INFO,b62ba5cc-ca2e-4bd0-8b23-89c2e31f65bc,fedserver_gRPC.train.round.optimizer.pickle.time,client_id - round_no - time_taken,fb35648e-c4d5-4bc9-b46f-05c57243d59d,2,0.0006535053253173828
2026-08-15 17:29:59.987,SESSION_MANAGER,INFO,b62ba5cc-ca2e-4bd0-8b23-89c2e31f65bc,fedserver_gRPC.train.round.await.response_time,56f79587-6ae7-4629-ad3e-5207572a6e36,2,18.29827642440796
2026-08-15 17:29:59.987,SESSION_MANAGER,INFO,b62ba5cc-ca2e-4bd0-8b23-89c2e31f65bc,fedserver_gRPC.train.round.client.finished,client_id-round_no-time_taken,56f79587-6ae7-4629-ad3e-5207572a6e36,2,18.30054759979248
2026-08-15 17:29:59.987,SESSION_MANAGER,INFO,b62ba5cc-ca2e-4bd0-8b23-89c2e31f65bc,fedserver.train.round.results,2,56f79587-6ae7-4629-ad3e-5207572a6e36,time_taken_s-num_epochs-total_mini_batches-loss-accuracy,18.179262399673462-1.0-287-0.129-96.635
2026-08-15 17:29:59.987,SESSION_MANAGER,INFO,b62ba5cc-ca2e-4bd0-8b23-89c2e31f65bc,fedserver.train.round.client.finished,client_id-round_no-time_taken,56f79587-6ae7-4629-ad3e-5207572a6e36,2,18.30130934715271
2026-08-15 17:29:59.991,AGGREGATOR,INFO,b62ba5cc-ca2e-4bd0-8b23-89c2e31f65bc,fedserver.aggregator.secure_mpc.called,client_id-active,56f79587-6ae7-4629-ad3e-5207572a6e36,True
2026-08-15 17:29:59.995,SESSION_MANAGER,INFO,b62ba5cc-ca2e-4bd0-8b23-89c2e31f65bc,train.client_selection.time_taken,0.00016021728515625
2026-08-15 17:30:00.092,SESSION_MANAGER,INFO,b62ba5cc-ca2e-4bd0-8b23-89c2e31f65bc,fedserver_gRPC.train.round.await.response_time,fb35648e-c4d5-4bc9-b46f-05c57243d59d,2,18.399730443954468
2026-08-15 17:30:00.092,SESSION_MANAGER,INFO,b62ba5cc-ca2e-4bd0-8b23-89c2e31f65bc,fedserver_gRPC.train.round.client.finished,client_id-round_no-time_taken,fb35648e-c4d5-4bc9-b46f-05c57243d59d,2,18.40169620513916
2026-08-15 17:30:00.093,SESSION_MANAGER,INFO,b62ba5cc-ca2e-4bd0-8b23-89c2e31f65bc,fedserver.train.round.results,2,fb35648e-c4d5-4bc9-b46f-05c57243d59d,time_taken_s-num_epochs-total_mini_batches-loss-accuracy,18.27907681465149-1.0-287-0.126-96.603
2026-08-15 17:30:00.093,SESSION_MANAGER,INFO,b62ba5cc-ca2e-4bd0-8b23-89c2e31f65bc,fedserver.train.round.client.finished,client_id-round_no-time_taken,fb35648e-c4d5-4bc9-b46f-05c57243d59d,2,18.40247082710266
2026-08-15 17:30:00.097,AGGREGATOR,INFO,b62ba5cc-ca2e-4bd0-8b23-89c2e31f65bc,fedserver.aggregator.secure_mpc.called,client_id-active,fb35648e-c4d5-4bc9-b46f-05c57243d59d,True
2026-08-15 17:30:00.101,SESSION_MANAGER,INFO,b62ba5cc-ca2e-4bd0-8b23-89c2e31f65bc,train.client_selection.time_taken,0.00015997886657714844
2026-08-15 17:30:00.123,SESSION_MANAGER,INFO,b62ba5cc-ca2e-4bd0-8b23-89c2e31f65bc,fedserver_gRPC.train.round.await.response_time,9aa68f18-a984-4dfb-9c3d-37b37deb28ac,2,18.433138608932495
2026-08-15 17:30:00.124,SESSION_MANAGER,INFO,b62ba5cc-ca2e-4bd0-8b23-89c2e31f65bc,fedserver_gRPC.train.round.client.finished,client_id-round_no-time_taken,9aa68f18-a984-4dfb-9c3d-37b37deb28ac,2,18.435192584991455
2026-08-15 17:30:00.124,SESSION_MANAGER,INFO,b62ba5cc-ca2e-4bd0-8b23-89c2e31f65bc,fedserver.train.round.results,2,9aa68f18-a984-4dfb-9c3d-37b37deb28ac,time_taken_s-num_epochs-total_mini_batches-loss-accuracy,18.315959692001343-1.0-287-0.13-96.559
2026-08-15 17:30:00.124,SESSION_MANAGER,INFO,b62ba5cc-ca2e-4bd0-8b23-89c2e31f65bc,fedserver.train.round.client.finished,client_id-round_no-time_taken,9aa68f18-a984-4dfb-9c3d-37b37deb28ac,2,18.435811519622803
2026-08-15 17:30:00.127,AGGREGATOR,INFO,b62ba5cc-ca2e-4bd0-8b23-89c2e31f65bc,fedserver.aggregator.secure_mpc.called,client_id-active,9aa68f18-a984-4dfb-9c3d-37b37deb28ac,True
2026-08-15 17:30:00.130,AGGREGATOR,INFO,b62ba5cc-ca2e-4bd0-8b23-89c2e31f65bc,fedserver.aggregator.secure_mpc.round_ready,clients,['56f79587-6ae7-4629-ad3e-5207572a6e36', '9aa68f18-a984-4dfb-9c3d-37b37deb28ac', 'fb35648e-c4d5-4bc9-b46f-05c57243d59d']
2026-08-15 17:30:00.198,AGGREGATOR,INFO,b62ba5cc-ca2e-4bd0-8b23-89c2e31f65bc,fedserver.aggregator.secure_mpc.round_complete,b62ba5cc-ca2e-4bd0-8b23-89c2e31f65bc:2
2026-08-15 17:30:00.199,AGGREGATOR,INFO,b62ba5cc-ca2e-4bd0-8b23-89c2e31f65bc,fedserver.aggregator.secure_mpc.revealed_total_dataset_size,b62ba5cc-ca2e-4bd0-8b23-89c2e31f65bc:2,58000
2026-08-15 17:30:00.587,SESSION_MANAGER,INFO,b62ba5cc-ca2e-4bd0-8b23-89c2e31f65bc,fedserver.train_callback.server_validation_time,0.38603854179382324
2026-08-15 17:30:00.587,SESSION_MANAGER,INFO,b62ba5cc-ca2e-4bd0-8b23-89c2e31f65bc,fedserver.train_callback,round_no,accuracy,loss,3,98.05,0.07644185945391654
2026-08-15 17:30:00.587,SESSION_MANAGER,INFO,b62ba5cc-ca2e-4bd0-8b23-89c2e31f65bc,fedserver.train_callback.aggregate_time,2,0.07378125190734863
2026-08-15 17:30:00.588,SESSION_MANAGER,INFO,b62ba5cc-ca2e-4bd0-8b23-89c2e31f65bc,fedserver.train.server_round_time,2,18.909950971603394
2026-08-15 17:30:00.590,SESSION_MANAGER,INFO,b62ba5cc-ca2e-4bd0-8b23-89c2e31f65bc,train.client_selection.time_taken,0.0009350776672363281
2026-08-15 17:30:00.593,SESSION_MANAGER,DEBUG,b62ba5cc-ca2e-4bd0-8b23-89c2e31f65bc,fedserver_gRPC.train.round.init,round_no-num_clients-clients,3,3,fb35648e-c4d5-4bc9-b46f-05c57243d59d,9aa68f18-a984-4dfb-9c3d-37b37deb28ac,56f79587-6ae7-4629-ad3e-5207572a6e36
2026-08-15 17:30:00.594,SESSION_MANAGER,INFO,b62ba5cc-ca2e-4bd0-8b23-89c2e31f65bc,fedserver_gRPC.send_model.init,
2026-08-15 17:30:00.594,SESSION_MANAGER,DEBUG,b62ba5cc-ca2e-4bd0-8b23-89c2e31f65bc,fedserver_gRPC.send_model.cache_hit,Client:fb35648e-c4d5-4bc9-b46f-05c57243d59d has model LeNet5,fb35648e-c4d5-4bc9-b46f-05c57243d59d,LeNet5
2026-08-15 17:30:00.594,SESSION_MANAGER,INFO,b62ba5cc-ca2e-4bd0-8b23-89c2e31f65bc,fedserver_gRPC.send_model.client.finished,client_id - time_taken,fb35648e-c4d5-4bc9-b46f-05c57243d59d,0.00019073486328125
2026-08-15 17:30:00.595,SESSION_MANAGER,DEBUG,b62ba5cc-ca2e-4bd0-8b23-89c2e31f65bc,fedserver_gRPC.send_model.cache_hit,Client:9aa68f18-a984-4dfb-9c3d-37b37deb28ac has model LeNet5,9aa68f18-a984-4dfb-9c3d-37b37deb28ac,LeNet5
2026-08-15 17:30:00.595,SESSION_MANAGER,INFO,b62ba5cc-ca2e-4bd0-8b23-89c2e31f65bc,fedserver_gRPC.send_model.client.finished,client_id - time_taken,9aa68f18-a984-4dfb-9c3d-37b37deb28ac,0.0001590251922607422
2026-08-15 17:30:00.595,SESSION_MANAGER,DEBUG,b62ba5cc-ca2e-4bd0-8b23-89c2e31f65bc,fedserver_gRPC.send_model.cache_hit,Client:56f79587-6ae7-4629-ad3e-5207572a6e36 has model LeNet5,56f79587-6ae7-4629-ad3e-5207572a6e36,LeNet5
2026-08-15 17:30:00.595,SESSION_MANAGER,INFO,b62ba5cc-ca2e-4bd0-8b23-89c2e31f65bc,fedserver_gRPC.send_model.client.finished,client_id - time_taken,56f79587-6ae7-4629-ad3e-5207572a6e36,0.0001461505889892578
2026-08-15 17:30:00.595,SESSION_MANAGER,INFO,b62ba5cc-ca2e-4bd0-8b23-89c2e31f65bc,fedserver_gRPC.send_model.finished,time_taken,0.0008106231689453125
2026-08-15 17:30:00.595,SESSION_MANAGER,INFO,b62ba5cc-ca2e-4bd0-8b23-89c2e31f65bc,fedserver.session.loop_runtime,68.54278135299683
2026-08-15 17:30:00.595,SESSION_MANAGER,INFO,b62ba5cc-ca2e-4bd0-8b23-89c2e31f65bc,session.train.accuracy,91.64999999999999,97.8,98.05
2026-08-15 17:30:00.595,SESSION_MANAGER,INFO,b62ba5cc-ca2e-4bd0-8b23-89c2e31f65bc,session.train.loss,1.1650626420974732,0.09043650329113007,0.07644185945391654
2026-08-15 17:30:00.595,SESSION_MANAGER,INFO,b62ba5cc-ca2e-4bd0-8b23-89c2e31f65bc,fedserver_session_finished_running,b62ba5cc-ca2e-4bd0-8b23-89c2e31f65bc.finished_running
2026-08-15 17:30:00.595,SESSION_MANAGER,INFO,b62ba5cc-ca2e-4bd0-8b23-89c2e31f65bc,fedserver_gRPC.train.connect,connecting to,fb35648e-c4d5-4bc9-b46f-05c57243d59d
2026-08-15 17:30:00.596,SESSION_MANAGER,INFO,b62ba5cc-ca2e-4bd0-8b23-89c2e31f65bc,fedserver_gRPC.train.await.response,fb35648e-c4d5-4bc9-b46f-05c57243d59d
2026-08-15 17:30:00.596,SESSION_MANAGER,INFO,b62ba5cc-ca2e-4bd0-8b23-89c2e31f65bc,fedserver_gRPC.train.round.model_wts.pickle.time,client_id-round_no-time_taken,fb35648e-c4d5-4bc9-b46f-05c57243d59d,3,0.0007884502410888672
2026-08-15 17:30:00.596,SESSION_MANAGER,INFO,b62ba5cc-ca2e-4bd0-8b23-89c2e31f65bc,fedserver_gRPC.train.round.loss_function.pickle.time,client_id - round_no - time_taken,fb35648e-c4d5-4bc9-b46f-05c57243d59d,3,6.198883056640625e-06
2026-08-15 17:30:00.597,SESSION_MANAGER,INFO,b62ba5cc-ca2e-4bd0-8b23-89c2e31f65bc,fedserver_gRPC.train.round.optimizer.pickle.time,client_id - round_no - time_taken,fb35648e-c4d5-4bc9-b46f-05c57243d59d,3,0.0006339550018310547
2026-08-15 17:30:00.597,SESSION_MANAGER,INFO,b62ba5cc-ca2e-4bd0-8b23-89c2e31f65bc,fedserver_gRPC.train.connect,connecting to,9aa68f18-a984-4dfb-9c3d-37b37deb28ac
2026-08-15 17:30:00.598,SESSION_MANAGER,INFO,b62ba5cc-ca2e-4bd0-8b23-89c2e31f65bc,fedserver_gRPC.train.await.response,9aa68f18-a984-4dfb-9c3d-37b37deb28ac
2026-08-15 17:30:00.598,SESSION_MANAGER,INFO,b62ba5cc-ca2e-4bd0-8b23-89c2e31f65bc,fedserver_gRPC.train.round.model_wts.pickle.time,client_id-round_no-time_taken,9aa68f18-a984-4dfb-9c3d-37b37deb28ac,3,0.0006542205810546875
2026-08-15 17:30:00.598,SESSION_MANAGER,INFO,b62ba5cc-ca2e-4bd0-8b23-89c2e31f65bc,fedserver_gRPC.train.round.loss_function.pickle.time,client_id - round_no - time_taken,9aa68f18-a984-4dfb-9c3d-37b37deb28ac,3,5.4836273193359375e-06
2026-08-15 17:30:00.599,SESSION_MANAGER,INFO,b62ba5cc-ca2e-4bd0-8b23-89c2e31f65bc,fedserver_gRPC.train.round.optimizer.pickle.time,client_id - round_no - time_taken,9aa68f18-a984-4dfb-9c3d-37b37deb28ac,3,0.0007321834564208984
2026-08-15 17:30:00.599,SESSION_MANAGER,INFO,b62ba5cc-ca2e-4bd0-8b23-89c2e31f65bc,fedserver_gRPC.train.connect,connecting to,56f79587-6ae7-4629-ad3e-5207572a6e36
2026-08-15 17:30:00.600,SESSION_MANAGER,INFO,b62ba5cc-ca2e-4bd0-8b23-89c2e31f65bc,fedserver_gRPC.train.await.response,56f79587-6ae7-4629-ad3e-5207572a6e36
2026-08-15 17:30:00.600,SESSION_MANAGER,INFO,b62ba5cc-ca2e-4bd0-8b23-89c2e31f65bc,fedserver_gRPC.train.round.model_wts.pickle.time,client_id-round_no-time_taken,56f79587-6ae7-4629-ad3e-5207572a6e36,3,0.0006685256958007812
2026-08-15 17:30:00.600,SESSION_MANAGER,INFO,b62ba5cc-ca2e-4bd0-8b23-89c2e31f65bc,fedserver_gRPC.train.round.loss_function.pickle.time,client_id - round_no - time_taken,56f79587-6ae7-4629-ad3e-5207572a6e36,3,5.245208740234375e-06
2026-08-15 17:30:00.601,SESSION_MANAGER,INFO,b62ba5cc-ca2e-4bd0-8b23-89c2e31f65bc,fedserver_gRPC.train.round.optimizer.pickle.time,client_id - round_no - time_taken,56f79587-6ae7-4629-ad3e-5207572a6e36,3,0.0006093978881835938
