2026-08-15 17:20:49.416,AGGREGATION_LOADER,INFO,fbe65947-cf4a-4f2c-9ec2-b6e1d9d0a3dd,fedserver.aggregation.module,Aggregation module name:,server.aggregation.aggregator_secure_mpc
2026-08-15 17:20:49.489,LOSS_FUNC_LOADER,INFO,fbe65947-cf4a-4f2c-9ec2-b6e1d9d0a3dd,fedserver.loss_function.module,Loss function module name:,server.loss.loss_function_crossentropy
2026-08-15 17:20:49.492,OPTIMIZER_LOADER,INFO,fbe65947-cf4a-4f2c-9ec2-b6e1d9d0a3dd,fedserver.optimizer.module,Optimizer module name:,server.optimizer.optimizer_adam
2026-08-15 17:20:49.495,SESSION_MANAGER,DEBUG,fbe65947-cf4a-4f2c-9ec2-b6e1d9d0a3dd,session_id,fbe65947-cf4a-4f2c-9ec2-b6e1d9d0a3dd
2026-08-15 17:20:49.496,SESSION_MANAGER,INFO,fbe65947-cf4a-4f2c-9ec2-b6e1d9d0a3dd,fedserver_gRPC.echo.init,num_of_clients,6
2026-08-15 17:20:49.497,SESSION_MANAGER,INFO,fbe65947-cf4a-4f2c-9ec2-b6e1d9d0a3dd,fedserver_gRPC.echo.start,connecting_to,038236b5-502b-44c4-b34e-76d1f60f7c50
2026-08-15 17:20:49.498,SESSION_MANAGER,INFO,fbe65947-cf4a-4f2c-9ec2-b6e1d9d0a3dd,fedserver_gRPC.echo.start,connecting_to,63d97c62-9511-4bfc-b647-647eada80e8c
2026-08-15 17:20:49.499,SESSION_MANAGER,INFO,fbe65947-cf4a-4f2c-9ec2-b6e1d9d0a3dd,fedserver_gRPC.echo.start,connecting_to,e9015347-12ab-4c2c-bfa0-a7383830be84
2026-08-15 17:20:49.501,SESSION_MANAGER,INFO,fbe65947-cf4a-4f2c-9ec2-b6e1d9d0a3dd,fedserver_gRPC.echo.response,client_replied,038236b5-502b-44c4-b34e-76d1f60f7c50
2026-08-15 17:20:49.503,SESSION_MANAGER,INFO,fbe65947-cf4a-4f2c-9ec2-b6e1d9d0a3dd,fedserver_gRPC.echo.client.finished,client_id - time_taken,038236b5-502b-44c4-b34e-76d1f60f7c50,0.0056095123291015625
2026-08-15 17:20:49.503,SESSION_MANAGER,INFO,fbe65947-cf4a-4f2c-9ec2-b6e1d9d0a3dd,fedserver_gRPC.echo.response,client_replied,e9015347-12ab-4c2c-bfa0-a7383830be84
2026-08-15 17:20:49.503,SESSION_MANAGER,INFO,fbe65947-cf4a-4f2c-9ec2-b6e1d9d0a3dd,fedserver_gRPC.echo.client.finished,client_id - time_taken,e9015347-12ab-4c2c-bfa0-a7383830be84,0.004645109176635742
2026-08-15 17:20:49.503,SESSION_MANAGER,INFO,fbe65947-cf4a-4f2c-9ec2-b6e1d9d0a3dd,fedserver_gRPC.echo.response,client_replied,63d97c62-9511-4bfc-b647-647eada80e8c
2026-08-15 17:20:49.504,SESSION_MANAGER,INFO,fbe65947-cf4a-4f2c-9ec2-b6e1d9d0a3dd,fedserver_gRPC.echo.client.finished,client_id - time_taken,63d97c62-9511-4bfc-b647-647eada80e8c,0.005564689636230469
2026-08-15 17:20:49.504,SESSION_MANAGER,INFO,fbe65947-cf4a-4f2c-9ec2-b6e1d9d0a3dd,fedserver_gRPC.echo.finished,time_taken,0.008241891860961914
2026-08-15 17:20:49.508,SESSION_MANAGER,INFO,fbe65947-cf4a-4f2c-9ec2-b6e1d9d0a3dd,fedserver_gRPC.train_session.init,1786814449.5057774
2026-08-15 17:20:49.508,SESSION_MANAGER,INFO,fbe65947-cf4a-4f2c-9ec2-b6e1d9d0a3dd,fedserver_gRPC.train_session.config,model-dataset_id-training_rounds-epochs-batch_size-loss_fun-optimizer-lr-timeout-benchmark-model-aggregator-aggregator_args-client_selection-client_selection_args,LeNet5_class,MNIST,3,1,64,crossentropy,adam,0.01,180,LeNet5,secure_mpc,{'sharing_scheme': 'replicated3pc', 'num_parties': 3, 'party_endpoints': [{'party_index': 0, 'host': 'secure_agg_party0', 'port': 50100}, {'party_index': 1, 'host': 'secure_agg_party1', 'port': 50101}, {'party_index': 2, 'host': 'secure_agg_party2', 'port': 50102}], 'fixed_point': {'bitlength': 64, 'frac_bits': 13}, 'round_timeout_s': 120, 'verify_party_agreement': True},fedavg,{'client_fraction': 1}
2026-08-15 17:20:49.508,SESSION_MANAGER,INFO,fbe65947-cf4a-4f2c-9ec2-b6e1d9d0a3dd,fedserver_gRPC.train.rounds,3
2026-08-15 17:20:49.514,SESSION_MANAGER,INFO,fbe65947-cf4a-4f2c-9ec2-b6e1d9d0a3dd,train.client_selection.time_taken,0.0024442672729492188
2026-08-15 17:20:49.516,SESSION_MANAGER,DEBUG,fbe65947-cf4a-4f2c-9ec2-b6e1d9d0a3dd,fedserver_gRPC.train.round.init,round_no-num_clients-clients,0,3,e9015347-12ab-4c2c-bfa0-a7383830be84,63d97c62-9511-4bfc-b647-647eada80e8c,038236b5-502b-44c4-b34e-76d1f60f7c50
2026-08-15 17:20:49.518,SESSION_MANAGER,INFO,fbe65947-cf4a-4f2c-9ec2-b6e1d9d0a3dd,fedserver_gRPC.send_model.init,
2026-08-15 17:20:49.518,SESSION_MANAGER,DEBUG,fbe65947-cf4a-4f2c-9ec2-b6e1d9d0a3dd,fedserver_gRPC.send_model.cache_hit,Client:e9015347-12ab-4c2c-bfa0-a7383830be84 has model LeNet5,e9015347-12ab-4c2c-bfa0-a7383830be84,LeNet5
2026-08-15 17:20:49.518,SESSION_MANAGER,INFO,fbe65947-cf4a-4f2c-9ec2-b6e1d9d0a3dd,fedserver_gRPC.send_model.client.finished,client_id - time_taken,e9015347-12ab-4c2c-bfa0-a7383830be84,0.00023937225341796875
2026-08-15 17:20:49.518,SESSION_MANAGER,DEBUG,fbe65947-cf4a-4f2c-9ec2-b6e1d9d0a3dd,fedserver_gRPC.send_model.cache_hit,Client:63d97c62-9511-4bfc-b647-647eada80e8c has model LeNet5,63d97c62-9511-4bfc-b647-647eada80e8c,LeNet5
2026-08-15 17:20:49.518,SESSION_MANAGER,INFO,fbe65947-cf4a-4f2c-9ec2-b6e1d9d0a3dd,fedserver_gRPC.send_model.client.finished,client_id - time_taken,63d97c62-9511-4bfc-b647-647eada80e8c,0.00016951560974121094
2026-08-15 17:20:49.518,SESSION_MANAGER,DEBUG,fbe65947-cf4a-4f2c-9ec2-b6e1d9d0a3dd,fedserver_gRPC.send_model.cache_hit,Client:038236b5-502b-44c4-b34e-76d1f60f7c50 has model LeNet5,038236b5-502b-44c4-b34e-76d1f60f7c50,LeNet5
2026-08-15 17:20:49.518,SESSION_MANAGER,INFO,fbe65947-cf4a-4f2c-9ec2-b6e1d9d0a3dd,fedserver_gRPC.send_model.client.finished,client_id - time_taken,038236b5-502b-44c4-b34e-76d1f60f7c50,0.00017404556274414062
2026-08-15 17:20:49.518,SESSION_MANAGER,INFO,fbe65947-cf4a-4f2c-9ec2-b6e1d9d0a3dd,fedserver_gRPC.send_model.finished,time_taken,0.0008821487426757812
2026-08-15 17:20:49.519,SESSION_MANAGER,INFO,fbe65947-cf4a-4f2c-9ec2-b6e1d9d0a3dd,fedserver_gRPC.train.connect,connecting to,e9015347-12ab-4c2c-bfa0-a7383830be84
2026-08-15 17:20:49.519,SESSION_MANAGER,INFO,fbe65947-cf4a-4f2c-9ec2-b6e1d9d0a3dd,fedserver_gRPC.train.await.response,e9015347-12ab-4c2c-bfa0-a7383830be84
2026-08-15 17:20:49.520,SESSION_MANAGER,INFO,fbe65947-cf4a-4f2c-9ec2-b6e1d9d0a3dd,fedserver_gRPC.train.round.model_wts.pickle.time,client_id-round_no-time_taken,e9015347-12ab-4c2c-bfa0-a7383830be84,0,0.0008246898651123047
2026-08-15 17:20:49.520,SESSION_MANAGER,INFO,fbe65947-cf4a-4f2c-9ec2-b6e1d9d0a3dd,fedserver_gRPC.train.round.loss_function.pickle.time,client_id - round_no - time_taken,e9015347-12ab-4c2c-bfa0-a7383830be84,0,7.867813110351562e-06
2026-08-15 17:20:49.521,SESSION_MANAGER,INFO,fbe65947-cf4a-4f2c-9ec2-b6e1d9d0a3dd,fedserver_gRPC.train.round.optimizer.pickle.time,client_id - round_no - time_taken,e9015347-12ab-4c2c-bfa0-a7383830be84,0,0.0008263587951660156
2026-08-15 17:20:49.521,SESSION_MANAGER,INFO,fbe65947-cf4a-4f2c-9ec2-b6e1d9d0a3dd,fedserver_gRPC.train.connect,connecting to,63d97c62-9511-4bfc-b647-647eada80e8c
2026-08-15 17:20:49.522,SESSION_MANAGER,INFO,fbe65947-cf4a-4f2c-9ec2-b6e1d9d0a3dd,fedserver_gRPC.train.await.response,63d97c62-9511-4bfc-b647-647eada80e8c
2026-08-15 17:20:49.523,SESSION_MANAGER,INFO,fbe65947-cf4a-4f2c-9ec2-b6e1d9d0a3dd,fedserver_gRPC.train.round.model_wts.pickle.time,client_id-round_no-time_taken,63d97c62-9511-4bfc-b647-647eada80e8c,0,0.0012729167938232422
2026-08-15 17:20:49.523,SESSION_MANAGER,INFO,fbe65947-cf4a-4f2c-9ec2-b6e1d9d0a3dd,fedserver_gRPC.train.round.loss_function.pickle.time,client_id - round_no - time_taken,63d97c62-9511-4bfc-b647-647eada80e8c,0,1.2636184692382812e-05
2026-08-15 17:20:49.524,SESSION_MANAGER,INFO,fbe65947-cf4a-4f2c-9ec2-b6e1d9d0a3dd,fedserver_gRPC.train.round.optimizer.pickle.time,client_id - round_no - time_taken,63d97c62-9511-4bfc-b647-647eada80e8c,0,0.0008232593536376953
2026-08-15 17:20:49.524,SESSION_MANAGER,INFO,fbe65947-cf4a-4f2c-9ec2-b6e1d9d0a3dd,fedserver_gRPC.train.connect,connecting to,038236b5-502b-44c4-b34e-76d1f60f7c50
2026-08-15 17:20:49.525,SESSION_MANAGER,INFO,fbe65947-cf4a-4f2c-9ec2-b6e1d9d0a3dd,fedserver_gRPC.train.await.response,038236b5-502b-44c4-b34e-76d1f60f7c50
2026-08-15 17:20:49.525,SESSION_MANAGER,INFO,fbe65947-cf4a-4f2c-9ec2-b6e1d9d0a3dd,fedserver_gRPC.train.round.model_wts.pickle.time,client_id-round_no-time_taken,038236b5-502b-44c4-b34e-76d1f60f7c50,0,0.0007383823394775391
2026-08-15 17:20:49.525,SESSION_MANAGER,INFO,fbe65947-cf4a-4f2c-9ec2-b6e1d9d0a3dd,fedserver_gRPC.train.round.loss_function.pickle.time,client_id - round_no - time_taken,038236b5-502b-44c4-b34e-76d1f60f7c50,0,5.245208740234375e-06
2026-08-15 17:20:49.526,SESSION_MANAGER,INFO,fbe65947-cf4a-4f2c-9ec2-b6e1d9d0a3dd,fedserver_gRPC.train.round.optimizer.pickle.time,client_id - round_no - time_taken,038236b5-502b-44c4-b34e-76d1f60f7c50,0,0.000728607177734375
2026-08-15 17:21:07.748,SESSION_MANAGER,INFO,fbe65947-cf4a-4f2c-9ec2-b6e1d9d0a3dd,fedserver_gRPC.train.round.await.response_time,63d97c62-9511-4bfc-b647-647eada80e8c,0,18.223801851272583
2026-08-15 17:21:07.748,SESSION_MANAGER,INFO,fbe65947-cf4a-4f2c-9ec2-b6e1d9d0a3dd,fedserver_gRPC.train.round.client.finished,client_id-round_no-time_taken,63d97c62-9511-4bfc-b647-647eada80e8c,0,18.22692584991455
2026-08-15 17:21:07.749,SESSION_MANAGER,INFO,fbe65947-cf4a-4f2c-9ec2-b6e1d9d0a3dd,fedserver.train.round.results,0,63d97c62-9511-4bfc-b647-647eada80e8c,time_taken_s-num_epochs-total_mini_batches-loss-accuracy,18.037413120269775-1.0-287-0.26-91.801
2026-08-15 17:21:07.749,SESSION_MANAGER,INFO,fbe65947-cf4a-4f2c-9ec2-b6e1d9d0a3dd,fedserver.train.round.client.finished,client_id-round_no-time_taken,63d97c62-9511-4bfc-b647-647eada80e8c,0,18.22753381729126
2026-08-15 17:21:07.753,AGGREGATOR,INFO,fbe65947-cf4a-4f2c-9ec2-b6e1d9d0a3dd,fedserver.aggregator.secure_mpc.called,client_id-active,63d97c62-9511-4bfc-b647-647eada80e8c,True
2026-08-15 17:21:07.758,SESSION_MANAGER,INFO,fbe65947-cf4a-4f2c-9ec2-b6e1d9d0a3dd,train.client_selection.time_taken,0.00011181831359863281
2026-08-15 17:21:07.938,SESSION_MANAGER,INFO,fbe65947-cf4a-4f2c-9ec2-b6e1d9d0a3dd,fedserver_gRPC.train.round.await.response_time,038236b5-502b-44c4-b34e-76d1f60f7c50,0,18.411697149276733
2026-08-15 17:21:07.938,SESSION_MANAGER,INFO,fbe65947-cf4a-4f2c-9ec2-b6e1d9d0a3dd,fedserver_gRPC.train.round.client.finished,client_id-round_no-time_taken,038236b5-502b-44c4-b34e-76d1f60f7c50,0,18.413936376571655
2026-08-15 17:21:07.939,SESSION_MANAGER,INFO,fbe65947-cf4a-4f2c-9ec2-b6e1d9d0a3dd,fedserver.train.round.results,0,038236b5-502b-44c4-b34e-76d1f60f7c50,time_taken_s-num_epochs-total_mini_batches-loss-accuracy,18.231633186340332-1.0-287-0.273-91.522
2026-08-15 17:21:07.939,SESSION_MANAGER,INFO,fbe65947-cf4a-4f2c-9ec2-b6e1d9d0a3dd,fedserver.train.round.client.finished,client_id-round_no-time_taken,038236b5-502b-44c4-b34e-76d1f60f7c50,0,18.414665937423706
2026-08-15 17:21:07.942,AGGREGATOR,INFO,fbe65947-cf4a-4f2c-9ec2-b6e1d9d0a3dd,fedserver.aggregator.secure_mpc.called,client_id-active,038236b5-502b-44c4-b34e-76d1f60f7c50,True
2026-08-15 17:21:07.944,SESSION_MANAGER,INFO,fbe65947-cf4a-4f2c-9ec2-b6e1d9d0a3dd,train.client_selection.time_taken,5.173683166503906e-05
2026-08-15 17:21:08.084,SESSION_MANAGER,INFO,fbe65947-cf4a-4f2c-9ec2-b6e1d9d0a3dd,fedserver_gRPC.train.round.await.response_time,e9015347-12ab-4c2c-bfa0-a7383830be84,0,18.563191652297974
2026-08-15 17:21:08.084,SESSION_MANAGER,INFO,fbe65947-cf4a-4f2c-9ec2-b6e1d9d0a3dd,fedserver_gRPC.train.round.client.finished,client_id-round_no-time_taken,e9015347-12ab-4c2c-bfa0-a7383830be84,0,18.5655620098114
2026-08-15 17:21:08.085,SESSION_MANAGER,INFO,fbe65947-cf4a-4f2c-9ec2-b6e1d9d0a3dd,fedserver.train.round.results,0,e9015347-12ab-4c2c-bfa0-a7383830be84,time_taken_s-num_epochs-total_mini_batches-loss-accuracy,18.3761944770813-1.0-287-0.348-89.138
2026-08-15 17:21:08.085,SESSION_MANAGER,INFO,fbe65947-cf4a-4f2c-9ec2-b6e1d9d0a3dd,fedserver.train.round.client.finished,client_id-round_no-time_taken,e9015347-12ab-4c2c-bfa0-a7383830be84,0,18.566133737564087
2026-08-15 17:21:08.088,AGGREGATOR,INFO,fbe65947-cf4a-4f2c-9ec2-b6e1d9d0a3dd,fedserver.aggregator.secure_mpc.called,client_id-active,e9015347-12ab-4c2c-bfa0-a7383830be84,True
2026-08-15 17:21:08.090,AGGREGATOR,INFO,fbe65947-cf4a-4f2c-9ec2-b6e1d9d0a3dd,fedserver.aggregator.secure_mpc.round_ready,clients,['e9015347-12ab-4c2c-bfa0-a7383830be84', '63d97c62-9511-4bfc-b647-647eada80e8c', '038236b5-502b-44c4-b34e-76d1f60f7c50']
2026-08-15 17:21:08.156,AGGREGATOR,INFO,fbe65947-cf4a-4f2c-9ec2-b6e1d9d0a3dd,fedserver.aggregator.secure_mpc.round_complete,fbe65947-cf4a-4f2c-9ec2-b6e1d9d0a3dd:0
2026-08-15 17:21:08.156,AGGREGATOR,INFO,fbe65947-cf4a-4f2c-9ec2-b6e1d9d0a3dd,fedserver.aggregator.secure_mpc.revealed_total_dataset_size,fbe65947-cf4a-4f2c-9ec2-b6e1d9d0a3dd:0,58000
2026-08-15 17:21:08.557,SESSION_MANAGER,INFO,fbe65947-cf4a-4f2c-9ec2-b6e1d9d0a3dd,fedserver.train_callback.server_validation_time,0.3982393741607666
2026-08-15 17:21:08.558,SESSION_MANAGER,INFO,fbe65947-cf4a-4f2c-9ec2-b6e1d9d0a3dd,fedserver.train_callback,round_no,accuracy,loss,1,91.85,1.3847584068775176
2026-08-15 17:21:08.558,SESSION_MANAGER,INFO,fbe65947-cf4a-4f2c-9ec2-b6e1d9d0a3dd,fedserver.train_callback.aggregate_time,0,0.07035112380981445
2026-08-15 17:21:08.558,SESSION_MANAGER,INFO,fbe65947-cf4a-4f2c-9ec2-b6e1d9d0a3dd,fedserver.train.server_round_time,0,19.04756236076355
2026-08-15 17:21:08.561,SESSION_MANAGER,INFO,fbe65947-cf4a-4f2c-9ec2-b6e1d9d0a3dd,train.client_selection.time_taken,0.0010962486267089844
2026-08-15 17:21:08.563,SESSION_MANAGER,DEBUG,fbe65947-cf4a-4f2c-9ec2-b6e1d9d0a3dd,fedserver_gRPC.train.round.init,round_no-num_clients-clients,1,3,e9015347-12ab-4c2c-bfa0-a7383830be84,63d97c62-9511-4bfc-b647-647eada80e8c,038236b5-502b-44c4-b34e-76d1f60f7c50
2026-08-15 17:21:08.564,SESSION_MANAGER,INFO,fbe65947-cf4a-4f2c-9ec2-b6e1d9d0a3dd,fedserver_gRPC.send_model.init,
2026-08-15 17:21:08.565,SESSION_MANAGER,DEBUG,fbe65947-cf4a-4f2c-9ec2-b6e1d9d0a3dd,fedserver_gRPC.send_model.cache_hit,Client:e9015347-12ab-4c2c-bfa0-a7383830be84 has model LeNet5,e9015347-12ab-4c2c-bfa0-a7383830be84,LeNet5
2026-08-15 17:21:08.565,SESSION_MANAGER,INFO,fbe65947-cf4a-4f2c-9ec2-b6e1d9d0a3dd,fedserver_gRPC.send_model.client.finished,client_id - time_taken,e9015347-12ab-4c2c-bfa0-a7383830be84,0.0003151893615722656
2026-08-15 17:21:08.565,SESSION_MANAGER,DEBUG,fbe65947-cf4a-4f2c-9ec2-b6e1d9d0a3dd,fedserver_gRPC.send_model.cache_hit,Client:63d97c62-9511-4bfc-b647-647eada80e8c has model LeNet5,63d97c62-9511-4bfc-b647-647eada80e8c,LeNet5
2026-08-15 17:21:08.565,SESSION_MANAGER,INFO,fbe65947-cf4a-4f2c-9ec2-b6e1d9d0a3dd,fedserver_gRPC.send_model.client.finished,client_id - time_taken,63d97c62-9511-4bfc-b647-647eada80e8c,0.00028777122497558594
2026-08-15 17:21:08.565,SESSION_MANAGER,DEBUG,fbe65947-cf4a-4f2c-9ec2-b6e1d9d0a3dd,fedserver_gRPC.send_model.cache_hit,Client:038236b5-502b-44c4-b34e-76d1f60f7c50 has model LeNet5,038236b5-502b-44c4-b34e-76d1f60f7c50,LeNet5
2026-08-15 17:21:08.566,SESSION_MANAGER,INFO,fbe65947-cf4a-4f2c-9ec2-b6e1d9d0a3dd,fedserver_gRPC.send_model.client.finished,client_id - time_taken,038236b5-502b-44c4-b34e-76d1f60f7c50,0.00029015541076660156
2026-08-15 17:21:08.566,SESSION_MANAGER,INFO,fbe65947-cf4a-4f2c-9ec2-b6e1d9d0a3dd,fedserver_gRPC.send_model.finished,time_taken,0.0014040470123291016
2026-08-15 17:21:08.566,SESSION_MANAGER,INFO,fbe65947-cf4a-4f2c-9ec2-b6e1d9d0a3dd,fedserver_gRPC.train.connect,connecting to,e9015347-12ab-4c2c-bfa0-a7383830be84
2026-08-15 17:21:08.567,SESSION_MANAGER,INFO,fbe65947-cf4a-4f2c-9ec2-b6e1d9d0a3dd,fedserver_gRPC.train.await.response,e9015347-12ab-4c2c-bfa0-a7383830be84
2026-08-15 17:21:08.568,SESSION_MANAGER,INFO,fbe65947-cf4a-4f2c-9ec2-b6e1d9d0a3dd,fedserver_gRPC.train.round.model_wts.pickle.time,client_id-round_no-time_taken,e9015347-12ab-4c2c-bfa0-a7383830be84,1,0.0010418891906738281
2026-08-15 17:21:08.568,SESSION_MANAGER,INFO,fbe65947-cf4a-4f2c-9ec2-b6e1d9d0a3dd,fedserver_gRPC.train.round.loss_function.pickle.time,client_id - round_no - time_taken,e9015347-12ab-4c2c-bfa0-a7383830be84,1,7.867813110351562e-06
2026-08-15 17:21:08.569,SESSION_MANAGER,INFO,fbe65947-cf4a-4f2c-9ec2-b6e1d9d0a3dd,fedserver_gRPC.train.round.optimizer.pickle.time,client_id - round_no - time_taken,e9015347-12ab-4c2c-bfa0-a7383830be84,1,0.0007939338684082031
2026-08-15 17:21:08.569,SESSION_MANAGER,INFO,fbe65947-cf4a-4f2c-9ec2-b6e1d9d0a3dd,fedserver_gRPC.train.connect,connecting to,63d97c62-9511-4bfc-b647-647eada80e8c
2026-08-15 17:21:08.569,SESSION_MANAGER,INFO,fbe65947-cf4a-4f2c-9ec2-b6e1d9d0a3dd,fedserver_gRPC.train.await.response,63d97c62-9511-4bfc-b647-647eada80e8c
2026-08-15 17:21:08.570,SESSION_MANAGER,INFO,fbe65947-cf4a-4f2c-9ec2-b6e1d9d0a3dd,fedserver_gRPC.train.round.model_wts.pickle.time,client_id-round_no-time_taken,63d97c62-9511-4bfc-b647-647eada80e8c,1,0.0006921291351318359
2026-08-15 17:21:08.570,SESSION_MANAGER,INFO,fbe65947-cf4a-4f2c-9ec2-b6e1d9d0a3dd,fedserver_gRPC.train.round.loss_function.pickle.time,client_id - round_no - time_taken,63d97c62-9511-4bfc-b647-647eada80e8c,1,7.152557373046875e-06
2026-08-15 17:21:08.571,SESSION_MANAGER,INFO,fbe65947-cf4a-4f2c-9ec2-b6e1d9d0a3dd,fedserver_gRPC.train.round.optimizer.pickle.time,client_id - round_no - time_taken,63d97c62-9511-4bfc-b647-647eada80e8c,1,0.0008549690246582031
2026-08-15 17:21:08.571,SESSION_MANAGER,INFO,fbe65947-cf4a-4f2c-9ec2-b6e1d9d0a3dd,fedserver_gRPC.train.connect,connecting to,038236b5-502b-44c4-b34e-76d1f60f7c50
2026-08-15 17:21:08.572,SESSION_MANAGER,INFO,fbe65947-cf4a-4f2c-9ec2-b6e1d9d0a3dd,fedserver_gRPC.train.await.response,038236b5-502b-44c4-b34e-76d1f60f7c50
2026-08-15 17:21:08.573,SESSION_MANAGER,INFO,fbe65947-cf4a-4f2c-9ec2-b6e1d9d0a3dd,fedserver_gRPC.train.round.model_wts.pickle.time,client_id-round_no-time_taken,038236b5-502b-44c4-b34e-76d1f60f7c50,1,0.0007240772247314453
2026-08-15 17:21:08.573,SESSION_MANAGER,INFO,fbe65947-cf4a-4f2c-9ec2-b6e1d9d0a3dd,fedserver_gRPC.train.round.loss_function.pickle.time,client_id - round_no - time_taken,038236b5-502b-44c4-b34e-76d1f60f7c50,1,7.152557373046875e-06
2026-08-15 17:21:08.574,SESSION_MANAGER,INFO,fbe65947-cf4a-4f2c-9ec2-b6e1d9d0a3dd,fedserver_gRPC.train.round.optimizer.pickle.time,client_id - round_no - time_taken,038236b5-502b-44c4-b34e-76d1f60f7c50,1,0.0009238719940185547
2026-08-15 17:21:26.543,SESSION_MANAGER,INFO,fbe65947-cf4a-4f2c-9ec2-b6e1d9d0a3dd,fedserver_gRPC.train.round.await.response_time,038236b5-502b-44c4-b34e-76d1f60f7c50,1,17.96963882446289
2026-08-15 17:21:26.544,SESSION_MANAGER,INFO,fbe65947-cf4a-4f2c-9ec2-b6e1d9d0a3dd,fedserver_gRPC.train.round.client.finished,client_id-round_no-time_taken,038236b5-502b-44c4-b34e-76d1f60f7c50,1,17.972235918045044
2026-08-15 17:21:26.544,SESSION_MANAGER,INFO,fbe65947-cf4a-4f2c-9ec2-b6e1d9d0a3dd,fedserver.train.round.results,1,038236b5-502b-44c4-b34e-76d1f60f7c50,time_taken_s-num_epochs-total_mini_batches-loss-accuracy,17.845920085906982-1.0-287-0.159-95.709
2026-08-15 17:21:26.544,SESSION_MANAGER,INFO,fbe65947-cf4a-4f2c-9ec2-b6e1d9d0a3dd,fedserver.train.round.client.finished,client_id-round_no-time_taken,038236b5-502b-44c4-b34e-76d1f60f7c50,1,17.973026514053345
2026-08-15 17:21:26.548,AGGREGATOR,INFO,fbe65947-cf4a-4f2c-9ec2-b6e1d9d0a3dd,fedserver.aggregator.secure_mpc.called,client_id-active,038236b5-502b-44c4-b34e-76d1f60f7c50,True
2026-08-15 17:21:26.549,SESSION_MANAGER,INFO,fbe65947-cf4a-4f2c-9ec2-b6e1d9d0a3dd,train.client_selection.time_taken,5.435943603515625e-05
2026-08-15 17:21:26.682,SESSION_MANAGER,INFO,fbe65947-cf4a-4f2c-9ec2-b6e1d9d0a3dd,fedserver_gRPC.train.round.await.response_time,e9015347-12ab-4c2c-bfa0-a7383830be84,1,18.112966775894165
2026-08-15 17:21:26.682,SESSION_MANAGER,INFO,fbe65947-cf4a-4f2c-9ec2-b6e1d9d0a3dd,fedserver_gRPC.train.round.client.finished,client_id-round_no-time_taken,e9015347-12ab-4c2c-bfa0-a7383830be84,1,18.115880012512207
2026-08-15 17:21:26.682,SESSION_MANAGER,INFO,fbe65947-cf4a-4f2c-9ec2-b6e1d9d0a3dd,fedserver.train.round.results,1,e9015347-12ab-4c2c-bfa0-a7383830be84,time_taken_s-num_epochs-total_mini_batches-loss-accuracy,17.98423957824707-1.0-287-0.16-95.878
2026-08-15 17:21:26.682,SESSION_MANAGER,INFO,fbe65947-cf4a-4f2c-9ec2-b6e1d9d0a3dd,fedserver.train.round.client.finished,client_id-round_no-time_taken,e9015347-12ab-4c2c-bfa0-a7383830be84,1,18.1163649559021
2026-08-15 17:21:26.686,AGGREGATOR,INFO,fbe65947-cf4a-4f2c-9ec2-b6e1d9d0a3dd,fedserver.aggregator.secure_mpc.called,client_id-active,e9015347-12ab-4c2c-bfa0-a7383830be84,True
2026-08-15 17:21:26.689,SESSION_MANAGER,INFO,fbe65947-cf4a-4f2c-9ec2-b6e1d9d0a3dd,train.client_selection.time_taken,0.000152587890625
2026-08-15 17:21:26.704,SESSION_MANAGER,INFO,fbe65947-cf4a-4f2c-9ec2-b6e1d9d0a3dd,fedserver_gRPC.train.round.await.response_time,63d97c62-9511-4bfc-b647-647eada80e8c,1,18.132370471954346
2026-08-15 17:21:26.704,SESSION_MANAGER,INFO,fbe65947-cf4a-4f2c-9ec2-b6e1d9d0a3dd,fedserver_gRPC.train.round.client.finished,client_id-round_no-time_taken,63d97c62-9511-4bfc-b647-647eada80e8c,1,18.13479709625244
2026-08-15 17:21:26.704,SESSION_MANAGER,INFO,fbe65947-cf4a-4f2c-9ec2-b6e1d9d0a3dd,fedserver.train.round.results,1,63d97c62-9511-4bfc-b647-647eada80e8c,time_taken_s-num_epochs-total_mini_batches-loss-accuracy,18.009153604507446-1.0-287-0.148-96.145
2026-08-15 17:21:26.704,SESSION_MANAGER,INFO,fbe65947-cf4a-4f2c-9ec2-b6e1d9d0a3dd,fedserver.train.round.client.finished,client_id-round_no-time_taken,63d97c62-9511-4bfc-b647-647eada80e8c,1,18.13534164428711
2026-08-15 17:21:26.708,AGGREGATOR,INFO,fbe65947-cf4a-4f2c-9ec2-b6e1d9d0a3dd,fedserver.aggregator.secure_mpc.called,client_id-active,63d97c62-9511-4bfc-b647-647eada80e8c,True
2026-08-15 17:21:26.709,AGGREGATOR,INFO,fbe65947-cf4a-4f2c-9ec2-b6e1d9d0a3dd,fedserver.aggregator.secure_mpc.round_ready,clients,['e9015347-12ab-4c2c-bfa0-a7383830be84', '63d97c62-9511-4bfc-b647-647eada80e8c', '038236b5-502b-44c4-b34e-76d1f60f7c50']
2026-08-15 17:21:26.761,AGGREGATOR,INFO,fbe65947-cf4a-4f2c-9ec2-b6e1d9d0a3dd,fedserver.aggregator.secure_mpc.round_complete,fbe65947-cf4a-4f2c-9ec2-b6e1d9d0a3dd:1
2026-08-15 17:21:26.761,AGGREGATOR,INFO,fbe65947-cf4a-4f2c-9ec2-b6e1d9d0a3dd,fedserver.aggregator.secure_mpc.revealed_total_dataset_size,fbe65947-cf4a-4f2c-9ec2-b6e1d9d0a3dd:1,58000
2026-08-15 17:21:27.154,SESSION_MANAGER,INFO,fbe65947-cf4a-4f2c-9ec2-b6e1d9d0a3dd,fedserver.train_callback.server_validation_time,0.39108967781066895
2026-08-15 17:21:27.155,SESSION_MANAGER,INFO,fbe65947-cf4a-4f2c-9ec2-b6e1d9d0a3dd,fedserver.train_callback,round_no,accuracy,loss,2,97.35000000000001,0.1043793085962534
2026-08-15 17:21:27.155,SESSION_MANAGER,INFO,fbe65947-cf4a-4f2c-9ec2-b6e1d9d0a3dd,fedserver.train_callback.aggregate_time,1,0.05608963966369629
2026-08-15 17:21:27.155,SESSION_MANAGER,INFO,fbe65947-cf4a-4f2c-9ec2-b6e1d9d0a3dd,fedserver.train.server_round_time,1,18.59698510169983
2026-08-15 17:21:27.158,SESSION_MANAGER,INFO,fbe65947-cf4a-4f2c-9ec2-b6e1d9d0a3dd,train.client_selection.time_taken,0.0007252693176269531
2026-08-15 17:21:27.160,SESSION_MANAGER,DEBUG,fbe65947-cf4a-4f2c-9ec2-b6e1d9d0a3dd,fedserver_gRPC.train.round.init,round_no-num_clients-clients,2,3,e9015347-12ab-4c2c-bfa0-a7383830be84,63d97c62-9511-4bfc-b647-647eada80e8c,038236b5-502b-44c4-b34e-76d1f60f7c50
2026-08-15 17:21:27.162,SESSION_MANAGER,INFO,fbe65947-cf4a-4f2c-9ec2-b6e1d9d0a3dd,fedserver_gRPC.send_model.init,
2026-08-15 17:21:27.162,SESSION_MANAGER,DEBUG,fbe65947-cf4a-4f2c-9ec2-b6e1d9d0a3dd,fedserver_gRPC.send_model.cache_hit,Client:e9015347-12ab-4c2c-bfa0-a7383830be84 has model LeNet5,e9015347-12ab-4c2c-bfa0-a7383830be84,LeNet5
2026-08-15 17:21:27.162,SESSION_MANAGER,INFO,fbe65947-cf4a-4f2c-9ec2-b6e1d9d0a3dd,fedserver_gRPC.send_model.client.finished,client_id - time_taken,e9015347-12ab-4c2c-bfa0-a7383830be84,0.00025844573974609375
2026-08-15 17:21:27.162,SESSION_MANAGER,DEBUG,fbe65947-cf4a-4f2c-9ec2-b6e1d9d0a3dd,fedserver_gRPC.send_model.cache_hit,Client:63d97c62-9511-4bfc-b647-647eada80e8c has model LeNet5,63d97c62-9511-4bfc-b647-647eada80e8c,LeNet5
2026-08-15 17:21:27.162,SESSION_MANAGER,INFO,fbe65947-cf4a-4f2c-9ec2-b6e1d9d0a3dd,fedserver_gRPC.send_model.client.finished,client_id - time_taken,63d97c62-9511-4bfc-b647-647eada80e8c,0.00014853477478027344
2026-08-15 17:21:27.162,SESSION_MANAGER,DEBUG,fbe65947-cf4a-4f2c-9ec2-b6e1d9d0a3dd,fedserver_gRPC.send_model.cache_hit,Client:038236b5-502b-44c4-b34e-76d1f60f7c50 has model LeNet5,038236b5-502b-44c4-b34e-76d1f60f7c50,LeNet5
2026-08-15 17:21:27.162,SESSION_MANAGER,INFO,fbe65947-cf4a-4f2c-9ec2-b6e1d9d0a3dd,fedserver_gRPC.send_model.client.finished,client_id - time_taken,038236b5-502b-44c4-b34e-76d1f60f7c50,0.0001423358917236328
2026-08-15 17:21:27.162,SESSION_MANAGER,INFO,fbe65947-cf4a-4f2c-9ec2-b6e1d9d0a3dd,fedserver_gRPC.send_model.finished,time_taken,0.0008897781372070312
2026-08-15 17:21:27.163,SESSION_MANAGER,INFO,fbe65947-cf4a-4f2c-9ec2-b6e1d9d0a3dd,fedserver_gRPC.train.connect,connecting to,e9015347-12ab-4c2c-bfa0-a7383830be84
2026-08-15 17:21:27.163,SESSION_MANAGER,INFO,fbe65947-cf4a-4f2c-9ec2-b6e1d9d0a3dd,fedserver_gRPC.train.await.response,e9015347-12ab-4c2c-bfa0-a7383830be84
2026-08-15 17:21:27.164,SESSION_MANAGER,INFO,fbe65947-cf4a-4f2c-9ec2-b6e1d9d0a3dd,fedserver_gRPC.train.round.model_wts.pickle.time,client_id-round_no-time_taken,e9015347-12ab-4c2c-bfa0-a7383830be84,2,0.0010771751403808594
2026-08-15 17:21:27.164,SESSION_MANAGER,INFO,fbe65947-cf4a-4f2c-9ec2-b6e1d9d0a3dd,fedserver_gRPC.train.round.loss_function.pickle.time,client_id - round_no - time_taken,e9015347-12ab-4c2c-bfa0-a7383830be84,2,9.059906005859375e-06
2026-08-15 17:21:27.165,SESSION_MANAGER,INFO,fbe65947-cf4a-4f2c-9ec2-b6e1d9d0a3dd,fedserver_gRPC.train.round.optimizer.pickle.time,client_id - round_no - time_taken,e9015347-12ab-4c2c-bfa0-a7383830be84,2,0.0006527900695800781
2026-08-15 17:21:27.165,SESSION_MANAGER,INFO,fbe65947-cf4a-4f2c-9ec2-b6e1d9d0a3dd,fedserver_gRPC.train.connect,connecting to,63d97c62-9511-4bfc-b647-647eada80e8c
2026-08-15 17:21:27.166,SESSION_MANAGER,INFO,fbe65947-cf4a-4f2c-9ec2-b6e1d9d0a3dd,fedserver_gRPC.train.await.response,63d97c62-9511-4bfc-b647-647eada80e8c
2026-08-15 17:21:27.167,SESSION_MANAGER,INFO,fbe65947-cf4a-4f2c-9ec2-b6e1d9d0a3dd,fedserver_gRPC.train.round.model_wts.pickle.time,client_id-round_no-time_taken,63d97c62-9511-4bfc-b647-647eada80e8c,2,0.0009503364562988281
2026-08-15 17:21:27.167,SESSION_MANAGER,INFO,fbe65947-cf4a-4f2c-9ec2-b6e1d9d0a3dd,fedserver_gRPC.train.round.loss_function.pickle.time,client_id - round_no - time_taken,63d97c62-9511-4bfc-b647-647eada80e8c,2,8.106231689453125e-06
2026-08-15 17:21:27.167,SESSION_MANAGER,INFO,fbe65947-cf4a-4f2c-9ec2-b6e1d9d0a3dd,fedserver_gRPC.train.round.optimizer.pickle.time,client_id - round_no - time_taken,63d97c62-9511-4bfc-b647-647eada80e8c,2,0.0006821155548095703
2026-08-15 17:21:27.168,SESSION_MANAGER,INFO,fbe65947-cf4a-4f2c-9ec2-b6e1d9d0a3dd,fedserver_gRPC.train.connect,connecting to,038236b5-502b-44c4-b34e-76d1f60f7c50
2026-08-15 17:21:27.168,SESSION_MANAGER,INFO,fbe65947-cf4a-4f2c-9ec2-b6e1d9d0a3dd,fedserver_gRPC.train.await.response,038236b5-502b-44c4-b34e-76d1f60f7c50
2026-08-15 17:21:27.169,SESSION_MANAGER,INFO,fbe65947-cf4a-4f2c-9ec2-b6e1d9d0a3dd,fedserver_gRPC.train.round.model_wts.pickle.time,client_id-round_no-time_taken,038236b5-502b-44c4-b34e-76d1f60f7c50,2,0.0009007453918457031
2026-08-15 17:21:27.169,SESSION_MANAGER,INFO,fbe65947-cf4a-4f2c-9ec2-b6e1d9d0a3dd,fedserver_gRPC.train.round.loss_function.pickle.time,client_id - round_no - time_taken,038236b5-502b-44c4-b34e-76d1f60f7c50,2,7.152557373046875e-06
2026-08-15 17:21:27.170,SESSION_MANAGER,INFO,fbe65947-cf4a-4f2c-9ec2-b6e1d9d0a3dd,fedserver_gRPC.train.round.optimizer.pickle.time,client_id - round_no - time_taken,038236b5-502b-44c4-b34e-76d1f60f7c50,2,0.0007359981536865234
2026-08-15 17:21:45.230,SESSION_MANAGER,INFO,fbe65947-cf4a-4f2c-9ec2-b6e1d9d0a3dd,fedserver_gRPC.train.round.await.response_time,038236b5-502b-44c4-b34e-76d1f60f7c50,2,18.060032606124878
2026-08-15 17:21:45.230,SESSION_MANAGER,INFO,fbe65947-cf4a-4f2c-9ec2-b6e1d9d0a3dd,fedserver_gRPC.train.round.client.finished,client_id-round_no-time_taken,038236b5-502b-44c4-b34e-76d1f60f7c50,2,18.062655448913574
2026-08-15 17:21:45.231,SESSION_MANAGER,INFO,fbe65947-cf4a-4f2c-9ec2-b6e1d9d0a3dd,fedserver.train.round.results,2,038236b5-502b-44c4-b34e-76d1f60f7c50,time_taken_s-num_epochs-total_mini_batches-loss-accuracy,17.955076932907104-1.0-287-0.123-96.69
2026-08-15 17:21:45.231,SESSION_MANAGER,INFO,fbe65947-cf4a-4f2c-9ec2-b6e1d9d0a3dd,fedserver.train.round.client.finished,client_id-round_no-time_taken,038236b5-502b-44c4-b34e-76d1f60f7c50,2,18.063384771347046
2026-08-15 17:21:45.237,AGGREGATOR,INFO,fbe65947-cf4a-4f2c-9ec2-b6e1d9d0a3dd,fedserver.aggregator.secure_mpc.called,client_id-active,038236b5-502b-44c4-b34e-76d1f60f7c50,True
2026-08-15 17:21:45.239,SESSION_MANAGER,INFO,fbe65947-cf4a-4f2c-9ec2-b6e1d9d0a3dd,train.client_selection.time_taken,7.963180541992188e-05
2026-08-15 17:21:45.286,SESSION_MANAGER,INFO,fbe65947-cf4a-4f2c-9ec2-b6e1d9d0a3dd,fedserver_gRPC.train.round.await.response_time,63d97c62-9511-4bfc-b647-647eada80e8c,2,18.11895728111267
2026-08-15 17:21:45.287,SESSION_MANAGER,INFO,fbe65947-cf4a-4f2c-9ec2-b6e1d9d0a3dd,fedserver_gRPC.train.round.client.finished,client_id-round_no-time_taken,63d97c62-9511-4bfc-b647-647eada80e8c,2,18.12147831916809
2026-08-15 17:21:45.287,SESSION_MANAGER,INFO,fbe65947-cf4a-4f2c-9ec2-b6e1d9d0a3dd,fedserver.train.round.results,2,63d97c62-9511-4bfc-b647-647eada80e8c,time_taken_s-num_epochs-total_mini_batches-loss-accuracy,17.959007501602173-1.0-287-0.132-96.57
2026-08-15 17:21:45.287,SESSION_MANAGER,INFO,fbe65947-cf4a-4f2c-9ec2-b6e1d9d0a3dd,fedserver.train.round.client.finished,client_id-round_no-time_taken,63d97c62-9511-4bfc-b647-647eada80e8c,2,18.122061491012573
2026-08-15 17:21:45.291,AGGREGATOR,INFO,fbe65947-cf4a-4f2c-9ec2-b6e1d9d0a3dd,fedserver.aggregator.secure_mpc.called,client_id-active,63d97c62-9511-4bfc-b647-647eada80e8c,True
2026-08-15 17:21:45.294,SESSION_MANAGER,INFO,fbe65947-cf4a-4f2c-9ec2-b6e1d9d0a3dd,train.client_selection.time_taken,0.00014281272888183594
2026-08-15 17:21:45.520,SESSION_MANAGER,INFO,fbe65947-cf4a-4f2c-9ec2-b6e1d9d0a3dd,fedserver_gRPC.train.round.await.response_time,e9015347-12ab-4c2c-bfa0-a7383830be84,2,18.35524892807007
2026-08-15 17:21:45.520,SESSION_MANAGER,INFO,fbe65947-cf4a-4f2c-9ec2-b6e1d9d0a3dd,fedserver_gRPC.train.round.client.finished,client_id-round_no-time_taken,e9015347-12ab-4c2c-bfa0-a7383830be84,2,18.357733249664307
2026-08-15 17:21:45.521,SESSION_MANAGER,INFO,fbe65947-cf4a-4f2c-9ec2-b6e1d9d0a3dd,fedserver.train.round.results,2,e9015347-12ab-4c2c-bfa0-a7383830be84,time_taken_s-num_epochs-total_mini_batches-loss-accuracy,18.21673822402954-1.0-287-0.129-96.553
2026-08-15 17:21:45.521,SESSION_MANAGER,INFO,fbe65947-cf4a-4f2c-9ec2-b6e1d9d0a3dd,fedserver.train.round.client.finished,client_id-round_no-time_taken,e9015347-12ab-4c2c-bfa0-a7383830be84,2,18.358363389968872
2026-08-15 17:21:45.525,AGGREGATOR,INFO,fbe65947-cf4a-4f2c-9ec2-b6e1d9d0a3dd,fedserver.aggregator.secure_mpc.called,client_id-active,e9015347-12ab-4c2c-bfa0-a7383830be84,True
2026-08-15 17:21:45.526,AGGREGATOR,INFO,fbe65947-cf4a-4f2c-9ec2-b6e1d9d0a3dd,fedserver.aggregator.secure_mpc.round_ready,clients,['e9015347-12ab-4c2c-bfa0-a7383830be84', '63d97c62-9511-4bfc-b647-647eada80e8c', '038236b5-502b-44c4-b34e-76d1f60f7c50']
2026-08-15 17:21:45.579,AGGREGATOR,INFO,fbe65947-cf4a-4f2c-9ec2-b6e1d9d0a3dd,fedserver.aggregator.secure_mpc.round_complete,fbe65947-cf4a-4f2c-9ec2-b6e1d9d0a3dd:2
2026-08-15 17:21:45.579,AGGREGATOR,INFO,fbe65947-cf4a-4f2c-9ec2-b6e1d9d0a3dd,fedserver.aggregator.secure_mpc.revealed_total_dataset_size,fbe65947-cf4a-4f2c-9ec2-b6e1d9d0a3dd:2,58000
2026-08-15 17:21:45.972,SESSION_MANAGER,INFO,fbe65947-cf4a-4f2c-9ec2-b6e1d9d0a3dd,fedserver.train_callback.server_validation_time,0.38990092277526855
2026-08-15 17:21:45.973,SESSION_MANAGER,INFO,fbe65947-cf4a-4f2c-9ec2-b6e1d9d0a3dd,fedserver.train_callback,round_no,accuracy,loss,3,98.15,0.09464432802051306
2026-08-15 17:21:45.973,SESSION_MANAGER,INFO,fbe65947-cf4a-4f2c-9ec2-b6e1d9d0a3dd,fedserver.train_callback.aggregate_time,2,0.05724048614501953
2026-08-15 17:21:45.973,SESSION_MANAGER,INFO,fbe65947-cf4a-4f2c-9ec2-b6e1d9d0a3dd,fedserver.train.server_round_time,2,18.81771993637085
2026-08-15 17:21:45.976,SESSION_MANAGER,INFO,fbe65947-cf4a-4f2c-9ec2-b6e1d9d0a3dd,train.client_selection.time_taken,0.001249074935913086
2026-08-15 17:21:45.978,SESSION_MANAGER,DEBUG,fbe65947-cf4a-4f2c-9ec2-b6e1d9d0a3dd,fedserver_gRPC.train.round.init,round_no-num_clients-clients,3,3,e9015347-12ab-4c2c-bfa0-a7383830be84,63d97c62-9511-4bfc-b647-647eada80e8c,038236b5-502b-44c4-b34e-76d1f60f7c50
2026-08-15 17:21:45.979,SESSION_MANAGER,INFO,fbe65947-cf4a-4f2c-9ec2-b6e1d9d0a3dd,fedserver_gRPC.send_model.init,
2026-08-15 17:21:45.980,SESSION_MANAGER,DEBUG,fbe65947-cf4a-4f2c-9ec2-b6e1d9d0a3dd,fedserver_gRPC.send_model.cache_hit,Client:e9015347-12ab-4c2c-bfa0-a7383830be84 has model LeNet5,e9015347-12ab-4c2c-bfa0-a7383830be84,LeNet5
2026-08-15 17:21:45.980,SESSION_MANAGER,INFO,fbe65947-cf4a-4f2c-9ec2-b6e1d9d0a3dd,fedserver_gRPC.send_model.client.finished,client_id - time_taken,e9015347-12ab-4c2c-bfa0-a7383830be84,0.00030112266540527344
2026-08-15 17:21:45.980,SESSION_MANAGER,DEBUG,fbe65947-cf4a-4f2c-9ec2-b6e1d9d0a3dd,fedserver_gRPC.send_model.cache_hit,Client:63d97c62-9511-4bfc-b647-647eada80e8c has model LeNet5,63d97c62-9511-4bfc-b647-647eada80e8c,LeNet5
2026-08-15 17:21:45.980,SESSION_MANAGER,INFO,fbe65947-cf4a-4f2c-9ec2-b6e1d9d0a3dd,fedserver_gRPC.send_model.client.finished,client_id - time_taken,63d97c62-9511-4bfc-b647-647eada80e8c,0.00016117095947265625
2026-08-15 17:21:45.980,SESSION_MANAGER,DEBUG,fbe65947-cf4a-4f2c-9ec2-b6e1d9d0a3dd,fedserver_gRPC.send_model.cache_hit,Client:038236b5-502b-44c4-b34e-76d1f60f7c50 has model LeNet5,038236b5-502b-44c4-b34e-76d1f60f7c50,LeNet5
2026-08-15 17:21:45.980,SESSION_MANAGER,INFO,fbe65947-cf4a-4f2c-9ec2-b6e1d9d0a3dd,fedserver_gRPC.send_model.client.finished,client_id - time_taken,038236b5-502b-44c4-b34e-76d1f60f7c50,0.00021839141845703125
2026-08-15 17:21:45.980,SESSION_MANAGER,INFO,fbe65947-cf4a-4f2c-9ec2-b6e1d9d0a3dd,fedserver_gRPC.send_model.finished,time_taken,0.0011343955993652344
2026-08-15 17:21:45.981,SESSION_MANAGER,INFO,fbe65947-cf4a-4f2c-9ec2-b6e1d9d0a3dd,fedserver.session.loop_runtime,56.475346326828
2026-08-15 17:21:45.981,SESSION_MANAGER,INFO,fbe65947-cf4a-4f2c-9ec2-b6e1d9d0a3dd,session.train.accuracy,91.85,97.35000000000001,98.15
2026-08-15 17:21:45.981,SESSION_MANAGER,INFO,fbe65947-cf4a-4f2c-9ec2-b6e1d9d0a3dd,session.train.loss,1.3847584068775176,0.1043793085962534,0.09464432802051306
2026-08-15 17:21:45.981,SESSION_MANAGER,INFO,fbe65947-cf4a-4f2c-9ec2-b6e1d9d0a3dd,fedserver_session_finished_running,fbe65947-cf4a-4f2c-9ec2-b6e1d9d0a3dd.finished_running
2026-08-15 17:21:45.981,SESSION_MANAGER,INFO,fbe65947-cf4a-4f2c-9ec2-b6e1d9d0a3dd,fedserver_gRPC.train.connect,connecting to,e9015347-12ab-4c2c-bfa0-a7383830be84
2026-08-15 17:21:45.982,SESSION_MANAGER,INFO,fbe65947-cf4a-4f2c-9ec2-b6e1d9d0a3dd,fedserver_gRPC.train.await.response,e9015347-12ab-4c2c-bfa0-a7383830be84
2026-08-15 17:21:45.983,SESSION_MANAGER,INFO,fbe65947-cf4a-4f2c-9ec2-b6e1d9d0a3dd,fedserver_gRPC.train.round.model_wts.pickle.time,client_id-round_no-time_taken,e9015347-12ab-4c2c-bfa0-a7383830be84,3,0.0008623600006103516
2026-08-15 17:21:45.983,SESSION_MANAGER,INFO,fbe65947-cf4a-4f2c-9ec2-b6e1d9d0a3dd,fedserver_gRPC.train.round.loss_function.pickle.time,client_id - round_no - time_taken,e9015347-12ab-4c2c-bfa0-a7383830be84,3,2.3365020751953125e-05
2026-08-15 17:21:45.983,SESSION_MANAGER,INFO,fbe65947-cf4a-4f2c-9ec2-b6e1d9d0a3dd,fedserver_gRPC.train.round.optimizer.pickle.time,client_id - round_no - time_taken,e9015347-12ab-4c2c-bfa0-a7383830be84,3,0.0006899833679199219
2026-08-15 17:21:45.984,SESSION_MANAGER,INFO,fbe65947-cf4a-4f2c-9ec2-b6e1d9d0a3dd,fedserver_gRPC.train.connect,connecting to,63d97c62-9511-4bfc-b647-647eada80e8c
2026-08-15 17:21:45.984,SESSION_MANAGER,INFO,fbe65947-cf4a-4f2c-9ec2-b6e1d9d0a3dd,fedserver_gRPC.train.await.response,63d97c62-9511-4bfc-b647-647eada80e8c
2026-08-15 17:21:45.985,SESSION_MANAGER,INFO,fbe65947-cf4a-4f2c-9ec2-b6e1d9d0a3dd,fedserver_gRPC.train.round.model_wts.pickle.time,client_id-round_no-time_taken,63d97c62-9511-4bfc-b647-647eada80e8c,3,0.0008270740509033203
2026-08-15 17:21:45.985,SESSION_MANAGER,INFO,fbe65947-cf4a-4f2c-9ec2-b6e1d9d0a3dd,fedserver_gRPC.train.round.loss_function.pickle.time,client_id - round_no - time_taken,63d97c62-9511-4bfc-b647-647eada80e8c,3,6.9141387939453125e-06
2026-08-15 17:21:45.986,SESSION_MANAGER,INFO,fbe65947-cf4a-4f2c-9ec2-b6e1d9d0a3dd,fedserver_gRPC.train.round.optimizer.pickle.time,client_id - round_no - time_taken,63d97c62-9511-4bfc-b647-647eada80e8c,3,0.0006897449493408203
2026-08-15 17:21:45.986,SESSION_MANAGER,INFO,fbe65947-cf4a-4f2c-9ec2-b6e1d9d0a3dd,fedserver_gRPC.train.connect,connecting to,038236b5-502b-44c4-b34e-76d1f60f7c50
2026-08-15 17:21:45.987,SESSION_MANAGER,INFO,fbe65947-cf4a-4f2c-9ec2-b6e1d9d0a3dd,fedserver_gRPC.train.await.response,038236b5-502b-44c4-b34e-76d1f60f7c50
2026-08-15 17:21:45.987,SESSION_MANAGER,INFO,fbe65947-cf4a-4f2c-9ec2-b6e1d9d0a3dd,fedserver_gRPC.train.round.model_wts.pickle.time,client_id-round_no-time_taken,038236b5-502b-44c4-b34e-76d1f60f7c50,3,0.0007474422454833984
2026-08-15 17:21:45.987,SESSION_MANAGER,INFO,fbe65947-cf4a-4f2c-9ec2-b6e1d9d0a3dd,fedserver_gRPC.train.round.loss_function.pickle.time,client_id - round_no - time_taken,038236b5-502b-44c4-b34e-76d1f60f7c50,3,5.9604644775390625e-06
2026-08-15 17:21:45.988,SESSION_MANAGER,INFO,fbe65947-cf4a-4f2c-9ec2-b6e1d9d0a3dd,fedserver_gRPC.train.round.optimizer.pickle.time,client_id - round_no - time_taken,038236b5-502b-44c4-b34e-76d1f60f7c50,3,0.0006539821624755859
