2026-08-15 17:23:08.525,AGGREGATION_LOADER,INFO,312706ad-df63-4897-bc93-eaaba3dcc404,fedserver.aggregation.module,Aggregation module name:,server.aggregation.aggregator_secure_mpc
2026-08-15 17:23:08.654,LOSS_FUNC_LOADER,INFO,312706ad-df63-4897-bc93-eaaba3dcc404,fedserver.loss_function.module,Loss function module name:,server.loss.loss_function_crossentropy
2026-08-15 17:23:08.657,OPTIMIZER_LOADER,INFO,312706ad-df63-4897-bc93-eaaba3dcc404,fedserver.optimizer.module,Optimizer module name:,server.optimizer.optimizer_adam
2026-08-15 17:23:08.661,SESSION_MANAGER,DEBUG,312706ad-df63-4897-bc93-eaaba3dcc404,session_id,312706ad-df63-4897-bc93-eaaba3dcc404
2026-08-15 17:23:08.661,SESSION_MANAGER,INFO,312706ad-df63-4897-bc93-eaaba3dcc404,fedserver_gRPC.echo.init,num_of_clients,6
2026-08-15 17:23:08.662,SESSION_MANAGER,INFO,312706ad-df63-4897-bc93-eaaba3dcc404,fedserver_gRPC.echo.start,connecting_to,038236b5-502b-44c4-b34e-76d1f60f7c50
2026-08-15 17:23:08.662,SESSION_MANAGER,INFO,312706ad-df63-4897-bc93-eaaba3dcc404,fedserver_gRPC.echo.start,connecting_to,63d97c62-9511-4bfc-b647-647eada80e8c
2026-08-15 17:23:08.663,SESSION_MANAGER,INFO,312706ad-df63-4897-bc93-eaaba3dcc404,fedserver_gRPC.echo.start,connecting_to,e9015347-12ab-4c2c-bfa0-a7383830be84
2026-08-15 17:23:08.666,SESSION_MANAGER,INFO,312706ad-df63-4897-bc93-eaaba3dcc404,fedserver_gRPC.echo.response,client_replied,63d97c62-9511-4bfc-b647-647eada80e8c
2026-08-15 17:23:08.668,SESSION_MANAGER,INFO,312706ad-df63-4897-bc93-eaaba3dcc404,fedserver_gRPC.echo.client.finished,client_id - time_taken,63d97c62-9511-4bfc-b647-647eada80e8c,0.00522303581237793
2026-08-15 17:23:08.668,SESSION_MANAGER,INFO,312706ad-df63-4897-bc93-eaaba3dcc404,fedserver_gRPC.echo.response,client_replied,038236b5-502b-44c4-b34e-76d1f60f7c50
2026-08-15 17:23:08.668,SESSION_MANAGER,INFO,312706ad-df63-4897-bc93-eaaba3dcc404,fedserver_gRPC.echo.client.finished,client_id - time_taken,038236b5-502b-44c4-b34e-76d1f60f7c50,0.006405353546142578
2026-08-15 17:23:08.669,SESSION_MANAGER,INFO,312706ad-df63-4897-bc93-eaaba3dcc404,fedserver_gRPC.echo.response,client_replied,e9015347-12ab-4c2c-bfa0-a7383830be84
2026-08-15 17:23:08.669,SESSION_MANAGER,INFO,312706ad-df63-4897-bc93-eaaba3dcc404,fedserver_gRPC.echo.client.finished,client_id - time_taken,e9015347-12ab-4c2c-bfa0-a7383830be84,0.0065343379974365234
2026-08-15 17:23:08.670,SESSION_MANAGER,INFO,312706ad-df63-4897-bc93-eaaba3dcc404,fedserver_gRPC.echo.finished,time_taken,0.008244752883911133
2026-08-15 17:23:08.676,SESSION_MANAGER,INFO,312706ad-df63-4897-bc93-eaaba3dcc404,fedserver_gRPC.train_session.init,1786814588.6724997
2026-08-15 17:23:08.676,SESSION_MANAGER,INFO,312706ad-df63-4897-bc93-eaaba3dcc404,fedserver_gRPC.train_session.config,model-dataset_id-training_rounds-epochs-batch_size-loss_fun-optimizer-lr-timeout-benchmark-model-aggregator-aggregator_args-client_selection-client_selection_args,LeNet5_class,MNIST,3,1,64,crossentropy,adam,0.01,180,LeNet5,secure_mpc,{'sharing_scheme': 'replicated3pc', 'num_parties': 3, 'party_endpoints': [{'party_index': 0, 'host': 'secure_agg_party0', 'port': 50100}, {'party_index': 1, 'host': 'secure_agg_party1', 'port': 50101}, {'party_index': 2, 'host': 'secure_agg_party2', 'port': 50102}], 'fixed_point': {'bitlength': 64, 'frac_bits': 13}, 'round_timeout_s': 120, 'verify_party_agreement': True},fedavg,{'client_fraction': 1}
2026-08-15 17:23:08.676,SESSION_MANAGER,INFO,312706ad-df63-4897-bc93-eaaba3dcc404,fedserver_gRPC.train.rounds,3
2026-08-15 17:23:08.699,SESSION_MANAGER,INFO,312706ad-df63-4897-bc93-eaaba3dcc404,train.client_selection.time_taken,0.011194467544555664
2026-08-15 17:23:08.700,SESSION_MANAGER,DEBUG,312706ad-df63-4897-bc93-eaaba3dcc404,fedserver_gRPC.train.round.init,round_no-num_clients-clients,0,3,e9015347-12ab-4c2c-bfa0-a7383830be84,63d97c62-9511-4bfc-b647-647eada80e8c,038236b5-502b-44c4-b34e-76d1f60f7c50
2026-08-15 17:23:08.704,SESSION_MANAGER,INFO,312706ad-df63-4897-bc93-eaaba3dcc404,fedserver_gRPC.send_model.init,
2026-08-15 17:23:08.705,SESSION_MANAGER,DEBUG,312706ad-df63-4897-bc93-eaaba3dcc404,fedserver_gRPC.send_model.cache_hit,Client:e9015347-12ab-4c2c-bfa0-a7383830be84 has model LeNet5,e9015347-12ab-4c2c-bfa0-a7383830be84,LeNet5
2026-08-15 17:23:08.705,SESSION_MANAGER,INFO,312706ad-df63-4897-bc93-eaaba3dcc404,fedserver_gRPC.send_model.client.finished,client_id - time_taken,e9015347-12ab-4c2c-bfa0-a7383830be84,0.0004265308380126953
2026-08-15 17:23:08.705,SESSION_MANAGER,DEBUG,312706ad-df63-4897-bc93-eaaba3dcc404,fedserver_gRPC.send_model.cache_hit,Client:63d97c62-9511-4bfc-b647-647eada80e8c has model LeNet5,63d97c62-9511-4bfc-b647-647eada80e8c,LeNet5
2026-08-15 17:23:08.705,SESSION_MANAGER,INFO,312706ad-df63-4897-bc93-eaaba3dcc404,fedserver_gRPC.send_model.client.finished,client_id - time_taken,63d97c62-9511-4bfc-b647-647eada80e8c,0.00012731552124023438
2026-08-15 17:23:08.706,SESSION_MANAGER,DEBUG,312706ad-df63-4897-bc93-eaaba3dcc404,fedserver_gRPC.send_model.cache_hit,Client:038236b5-502b-44c4-b34e-76d1f60f7c50 has model LeNet5,038236b5-502b-44c4-b34e-76d1f60f7c50,LeNet5
2026-08-15 17:23:08.706,SESSION_MANAGER,INFO,312706ad-df63-4897-bc93-eaaba3dcc404,fedserver_gRPC.send_model.client.finished,client_id - time_taken,038236b5-502b-44c4-b34e-76d1f60f7c50,8.511543273925781e-05
2026-08-15 17:23:08.706,SESSION_MANAGER,INFO,312706ad-df63-4897-bc93-eaaba3dcc404,fedserver_gRPC.send_model.finished,time_taken,0.0013689994812011719
2026-08-15 17:23:08.706,SESSION_MANAGER,INFO,312706ad-df63-4897-bc93-eaaba3dcc404,fedserver_gRPC.train.connect,connecting to,e9015347-12ab-4c2c-bfa0-a7383830be84
2026-08-15 17:23:08.707,SESSION_MANAGER,INFO,312706ad-df63-4897-bc93-eaaba3dcc404,fedserver_gRPC.train.await.response,e9015347-12ab-4c2c-bfa0-a7383830be84
2026-08-15 17:23:08.709,SESSION_MANAGER,INFO,312706ad-df63-4897-bc93-eaaba3dcc404,fedserver_gRPC.train.round.model_wts.pickle.time,client_id-round_no-time_taken,e9015347-12ab-4c2c-bfa0-a7383830be84,0,0.0011544227600097656
2026-08-15 17:23:08.709,SESSION_MANAGER,INFO,312706ad-df63-4897-bc93-eaaba3dcc404,fedserver_gRPC.train.round.loss_function.pickle.time,client_id - round_no - time_taken,e9015347-12ab-4c2c-bfa0-a7383830be84,0,1.0013580322265625e-05
2026-08-15 17:23:08.710,SESSION_MANAGER,INFO,312706ad-df63-4897-bc93-eaaba3dcc404,fedserver_gRPC.train.round.optimizer.pickle.time,client_id - round_no - time_taken,e9015347-12ab-4c2c-bfa0-a7383830be84,0,0.0008642673492431641
2026-08-15 17:23:08.710,SESSION_MANAGER,INFO,312706ad-df63-4897-bc93-eaaba3dcc404,fedserver_gRPC.train.connect,connecting to,63d97c62-9511-4bfc-b647-647eada80e8c
2026-08-15 17:23:08.710,SESSION_MANAGER,INFO,312706ad-df63-4897-bc93-eaaba3dcc404,fedserver_gRPC.train.await.response,63d97c62-9511-4bfc-b647-647eada80e8c
2026-08-15 17:23:08.711,SESSION_MANAGER,INFO,312706ad-df63-4897-bc93-eaaba3dcc404,fedserver_gRPC.train.round.model_wts.pickle.time,client_id-round_no-time_taken,63d97c62-9511-4bfc-b647-647eada80e8c,0,0.0006461143493652344
2026-08-15 17:23:08.711,SESSION_MANAGER,INFO,312706ad-df63-4897-bc93-eaaba3dcc404,fedserver_gRPC.train.round.loss_function.pickle.time,client_id - round_no - time_taken,63d97c62-9511-4bfc-b647-647eada80e8c,0,4.5299530029296875e-06
2026-08-15 17:23:08.712,SESSION_MANAGER,INFO,312706ad-df63-4897-bc93-eaaba3dcc404,fedserver_gRPC.train.round.optimizer.pickle.time,client_id - round_no - time_taken,63d97c62-9511-4bfc-b647-647eada80e8c,0,0.0007002353668212891
2026-08-15 17:23:08.712,SESSION_MANAGER,INFO,312706ad-df63-4897-bc93-eaaba3dcc404,fedserver_gRPC.train.connect,connecting to,038236b5-502b-44c4-b34e-76d1f60f7c50
2026-08-15 17:23:08.712,SESSION_MANAGER,INFO,312706ad-df63-4897-bc93-eaaba3dcc404,fedserver_gRPC.train.await.response,038236b5-502b-44c4-b34e-76d1f60f7c50
2026-08-15 17:23:08.713,SESSION_MANAGER,INFO,312706ad-df63-4897-bc93-eaaba3dcc404,fedserver_gRPC.train.round.model_wts.pickle.time,client_id-round_no-time_taken,038236b5-502b-44c4-b34e-76d1f60f7c50,0,0.0006492137908935547
2026-08-15 17:23:08.713,SESSION_MANAGER,INFO,312706ad-df63-4897-bc93-eaaba3dcc404,fedserver_gRPC.train.round.loss_function.pickle.time,client_id - round_no - time_taken,038236b5-502b-44c4-b34e-76d1f60f7c50,0,4.291534423828125e-06
2026-08-15 17:23:08.713,SESSION_MANAGER,INFO,312706ad-df63-4897-bc93-eaaba3dcc404,fedserver_gRPC.train.round.optimizer.pickle.time,client_id - round_no - time_taken,038236b5-502b-44c4-b34e-76d1f60f7c50,0,0.0006384849548339844
2026-08-15 17:23:40.718,SESSION_MANAGER,INFO,312706ad-df63-4897-bc93-eaaba3dcc404,fedserver_gRPC.train.round.await.response_time,63d97c62-9511-4bfc-b647-647eada80e8c,0,32.00668215751648
2026-08-15 17:23:40.719,SESSION_MANAGER,INFO,312706ad-df63-4897-bc93-eaaba3dcc404,fedserver_gRPC.train.round.client.finished,client_id-round_no-time_taken,63d97c62-9511-4bfc-b647-647eada80e8c,0,32.008723974227905
2026-08-15 17:23:40.719,SESSION_MANAGER,INFO,312706ad-df63-4897-bc93-eaaba3dcc404,fedserver.train.round.results,0,63d97c62-9511-4bfc-b647-647eada80e8c,time_taken_s-num_epochs-total_mini_batches-loss-accuracy,31.773763179779053-1.0-287-0.289-91.038
2026-08-15 17:23:40.719,SESSION_MANAGER,INFO,312706ad-df63-4897-bc93-eaaba3dcc404,fedserver.train.round.client.finished,client_id-round_no-time_taken,63d97c62-9511-4bfc-b647-647eada80e8c,0,32.00930881500244
2026-08-15 17:23:40.723,AGGREGATOR,INFO,312706ad-df63-4897-bc93-eaaba3dcc404,fedserver.aggregator.secure_mpc.called,client_id-active,63d97c62-9511-4bfc-b647-647eada80e8c,True
2026-08-15 17:23:40.727,SESSION_MANAGER,INFO,312706ad-df63-4897-bc93-eaaba3dcc404,train.client_selection.time_taken,0.00014352798461914062
2026-08-15 17:23:41.005,SESSION_MANAGER,INFO,312706ad-df63-4897-bc93-eaaba3dcc404,fedserver_gRPC.train.round.await.response_time,038236b5-502b-44c4-b34e-76d1f60f7c50,0,32.291409969329834
2026-08-15 17:23:41.005,SESSION_MANAGER,INFO,312706ad-df63-4897-bc93-eaaba3dcc404,fedserver_gRPC.train.round.client.finished,client_id-round_no-time_taken,038236b5-502b-44c4-b34e-76d1f60f7c50,0,32.293211460113525
2026-08-15 17:23:41.006,SESSION_MANAGER,INFO,312706ad-df63-4897-bc93-eaaba3dcc404,fedserver.train.round.results,0,038236b5-502b-44c4-b34e-76d1f60f7c50,time_taken_s-num_epochs-total_mini_batches-loss-accuracy,32.10596442222595-1.0-287-0.257-91.62
2026-08-15 17:23:41.006,SESSION_MANAGER,INFO,312706ad-df63-4897-bc93-eaaba3dcc404,fedserver.train.round.client.finished,client_id-round_no-time_taken,038236b5-502b-44c4-b34e-76d1f60f7c50,0,32.293909549713135
2026-08-15 17:23:41.009,AGGREGATOR,INFO,312706ad-df63-4897-bc93-eaaba3dcc404,fedserver.aggregator.secure_mpc.called,client_id-active,038236b5-502b-44c4-b34e-76d1f60f7c50,True
2026-08-15 17:23:41.013,SESSION_MANAGER,INFO,312706ad-df63-4897-bc93-eaaba3dcc404,train.client_selection.time_taken,0.0001354217529296875
2026-08-15 17:23:41.228,SESSION_MANAGER,INFO,312706ad-df63-4897-bc93-eaaba3dcc404,fedserver_gRPC.train.round.await.response_time,e9015347-12ab-4c2c-bfa0-a7383830be84,0,32.518197536468506
2026-08-15 17:23:41.228,SESSION_MANAGER,INFO,312706ad-df63-4897-bc93-eaaba3dcc404,fedserver_gRPC.train.round.client.finished,client_id-round_no-time_taken,e9015347-12ab-4c2c-bfa0-a7383830be84,0,32.52190160751343
2026-08-15 17:23:41.229,SESSION_MANAGER,INFO,312706ad-df63-4897-bc93-eaaba3dcc404,fedserver.train.round.results,0,e9015347-12ab-4c2c-bfa0-a7383830be84,time_taken_s-num_epochs-total_mini_batches-loss-accuracy,32.227975368499756-1.0-287-0.27-91.381
2026-08-15 17:23:41.229,SESSION_MANAGER,INFO,312706ad-df63-4897-bc93-eaaba3dcc404,fedserver.train.round.client.finished,client_id-round_no-time_taken,e9015347-12ab-4c2c-bfa0-a7383830be84,0,32.52249717712402
2026-08-15 17:23:41.232,AGGREGATOR,INFO,312706ad-df63-4897-bc93-eaaba3dcc404,fedserver.aggregator.secure_mpc.called,client_id-active,e9015347-12ab-4c2c-bfa0-a7383830be84,True
2026-08-15 17:23:41.234,AGGREGATOR,INFO,312706ad-df63-4897-bc93-eaaba3dcc404,fedserver.aggregator.secure_mpc.round_ready,clients,['e9015347-12ab-4c2c-bfa0-a7383830be84', '63d97c62-9511-4bfc-b647-647eada80e8c', '038236b5-502b-44c4-b34e-76d1f60f7c50']
2026-08-15 17:23:41.291,AGGREGATOR,INFO,312706ad-df63-4897-bc93-eaaba3dcc404,fedserver.aggregator.secure_mpc.round_complete,312706ad-df63-4897-bc93-eaaba3dcc404:0
2026-08-15 17:23:41.291,AGGREGATOR,INFO,312706ad-df63-4897-bc93-eaaba3dcc404,fedserver.aggregator.secure_mpc.revealed_total_dataset_size,312706ad-df63-4897-bc93-eaaba3dcc404:0,58000
2026-08-15 17:23:41.784,SESSION_MANAGER,INFO,312706ad-df63-4897-bc93-eaaba3dcc404,fedserver.train_callback.server_validation_time,0.4899742603302002
2026-08-15 17:23:41.785,SESSION_MANAGER,INFO,312706ad-df63-4897-bc93-eaaba3dcc404,fedserver.train_callback,round_no,accuracy,loss,1,91.2,0.8553523063659668
2026-08-15 17:23:41.785,SESSION_MANAGER,INFO,312706ad-df63-4897-bc93-eaaba3dcc404,fedserver.train_callback.aggregate_time,0,0.06209158897399902
2026-08-15 17:23:41.785,SESSION_MANAGER,INFO,312706ad-df63-4897-bc93-eaaba3dcc404,fedserver.train.server_round_time,0,33.097957372665405
2026-08-15 17:23:41.787,SESSION_MANAGER,INFO,312706ad-df63-4897-bc93-eaaba3dcc404,train.client_selection.time_taken,0.0006868839263916016
2026-08-15 17:23:41.789,SESSION_MANAGER,DEBUG,312706ad-df63-4897-bc93-eaaba3dcc404,fedserver_gRPC.train.round.init,round_no-num_clients-clients,1,3,e9015347-12ab-4c2c-bfa0-a7383830be84,63d97c62-9511-4bfc-b647-647eada80e8c,038236b5-502b-44c4-b34e-76d1f60f7c50
2026-08-15 17:23:41.791,SESSION_MANAGER,INFO,312706ad-df63-4897-bc93-eaaba3dcc404,fedserver_gRPC.send_model.init,
2026-08-15 17:23:41.792,SESSION_MANAGER,DEBUG,312706ad-df63-4897-bc93-eaaba3dcc404,fedserver_gRPC.send_model.cache_hit,Client:e9015347-12ab-4c2c-bfa0-a7383830be84 has model LeNet5,e9015347-12ab-4c2c-bfa0-a7383830be84,LeNet5
2026-08-15 17:23:41.792,SESSION_MANAGER,INFO,312706ad-df63-4897-bc93-eaaba3dcc404,fedserver_gRPC.send_model.client.finished,client_id - time_taken,e9015347-12ab-4c2c-bfa0-a7383830be84,0.00037789344787597656
2026-08-15 17:23:41.792,SESSION_MANAGER,DEBUG,312706ad-df63-4897-bc93-eaaba3dcc404,fedserver_gRPC.send_model.cache_hit,Client:63d97c62-9511-4bfc-b647-647eada80e8c has model LeNet5,63d97c62-9511-4bfc-b647-647eada80e8c,LeNet5
2026-08-15 17:23:41.792,SESSION_MANAGER,INFO,312706ad-df63-4897-bc93-eaaba3dcc404,fedserver_gRPC.send_model.client.finished,client_id - time_taken,63d97c62-9511-4bfc-b647-647eada80e8c,0.0002067089080810547
2026-08-15 17:23:41.792,SESSION_MANAGER,DEBUG,312706ad-df63-4897-bc93-eaaba3dcc404,fedserver_gRPC.send_model.cache_hit,Client:038236b5-502b-44c4-b34e-76d1f60f7c50 has model LeNet5,038236b5-502b-44c4-b34e-76d1f60f7c50,LeNet5
2026-08-15 17:23:41.792,SESSION_MANAGER,INFO,312706ad-df63-4897-bc93-eaaba3dcc404,fedserver_gRPC.send_model.client.finished,client_id - time_taken,038236b5-502b-44c4-b34e-76d1f60f7c50,0.00020194053649902344
2026-08-15 17:23:41.792,SESSION_MANAGER,INFO,312706ad-df63-4897-bc93-eaaba3dcc404,fedserver_gRPC.send_model.finished,time_taken,0.0013077259063720703
2026-08-15 17:23:41.793,SESSION_MANAGER,INFO,312706ad-df63-4897-bc93-eaaba3dcc404,fedserver_gRPC.train.connect,connecting to,e9015347-12ab-4c2c-bfa0-a7383830be84
2026-08-15 17:23:41.793,SESSION_MANAGER,INFO,312706ad-df63-4897-bc93-eaaba3dcc404,fedserver_gRPC.train.await.response,e9015347-12ab-4c2c-bfa0-a7383830be84
2026-08-15 17:23:41.794,SESSION_MANAGER,INFO,312706ad-df63-4897-bc93-eaaba3dcc404,fedserver_gRPC.train.round.model_wts.pickle.time,client_id-round_no-time_taken,e9015347-12ab-4c2c-bfa0-a7383830be84,1,0.0009567737579345703
2026-08-15 17:23:41.794,SESSION_MANAGER,INFO,312706ad-df63-4897-bc93-eaaba3dcc404,fedserver_gRPC.train.round.loss_function.pickle.time,client_id - round_no - time_taken,e9015347-12ab-4c2c-bfa0-a7383830be84,1,7.3909759521484375e-06
2026-08-15 17:23:41.795,SESSION_MANAGER,INFO,312706ad-df63-4897-bc93-eaaba3dcc404,fedserver_gRPC.train.round.optimizer.pickle.time,client_id - round_no - time_taken,e9015347-12ab-4c2c-bfa0-a7383830be84,1,0.0007519721984863281
2026-08-15 17:23:41.795,SESSION_MANAGER,INFO,312706ad-df63-4897-bc93-eaaba3dcc404,fedserver_gRPC.train.connect,connecting to,63d97c62-9511-4bfc-b647-647eada80e8c
2026-08-15 17:23:41.795,SESSION_MANAGER,INFO,312706ad-df63-4897-bc93-eaaba3dcc404,fedserver_gRPC.train.await.response,63d97c62-9511-4bfc-b647-647eada80e8c
2026-08-15 17:23:41.796,SESSION_MANAGER,INFO,312706ad-df63-4897-bc93-eaaba3dcc404,fedserver_gRPC.train.round.model_wts.pickle.time,client_id-round_no-time_taken,63d97c62-9511-4bfc-b647-647eada80e8c,1,0.0006499290466308594
2026-08-15 17:23:41.796,SESSION_MANAGER,INFO,312706ad-df63-4897-bc93-eaaba3dcc404,fedserver_gRPC.train.round.loss_function.pickle.time,client_id - round_no - time_taken,63d97c62-9511-4bfc-b647-647eada80e8c,1,5.7220458984375e-06
2026-08-15 17:23:41.797,SESSION_MANAGER,INFO,312706ad-df63-4897-bc93-eaaba3dcc404,fedserver_gRPC.train.round.optimizer.pickle.time,client_id - round_no - time_taken,63d97c62-9511-4bfc-b647-647eada80e8c,1,0.0008182525634765625
2026-08-15 17:23:41.797,SESSION_MANAGER,INFO,312706ad-df63-4897-bc93-eaaba3dcc404,fedserver_gRPC.train.connect,connecting to,038236b5-502b-44c4-b34e-76d1f60f7c50
2026-08-15 17:23:41.798,SESSION_MANAGER,INFO,312706ad-df63-4897-bc93-eaaba3dcc404,fedserver_gRPC.train.await.response,038236b5-502b-44c4-b34e-76d1f60f7c50
2026-08-15 17:23:41.798,SESSION_MANAGER,INFO,312706ad-df63-4897-bc93-eaaba3dcc404,fedserver_gRPC.train.round.model_wts.pickle.time,client_id-round_no-time_taken,038236b5-502b-44c4-b34e-76d1f60f7c50,1,0.0006613731384277344
2026-08-15 17:23:41.798,SESSION_MANAGER,INFO,312706ad-df63-4897-bc93-eaaba3dcc404,fedserver_gRPC.train.round.loss_function.pickle.time,client_id - round_no - time_taken,038236b5-502b-44c4-b34e-76d1f60f7c50,1,5.4836273193359375e-06
2026-08-15 17:23:41.799,SESSION_MANAGER,INFO,312706ad-df63-4897-bc93-eaaba3dcc404,fedserver_gRPC.train.round.optimizer.pickle.time,client_id - round_no - time_taken,038236b5-502b-44c4-b34e-76d1f60f7c50,1,0.0010221004486083984
2026-08-15 17:23:59.831,SESSION_MANAGER,INFO,312706ad-df63-4897-bc93-eaaba3dcc404,fedserver_gRPC.train.round.await.response_time,038236b5-502b-44c4-b34e-76d1f60f7c50,1,18.031424283981323
2026-08-15 17:23:59.831,SESSION_MANAGER,INFO,312706ad-df63-4897-bc93-eaaba3dcc404,fedserver_gRPC.train.round.client.finished,client_id-round_no-time_taken,038236b5-502b-44c4-b34e-76d1f60f7c50,1,18.034074544906616
2026-08-15 17:23:59.832,SESSION_MANAGER,INFO,312706ad-df63-4897-bc93-eaaba3dcc404,fedserver.train.round.results,1,038236b5-502b-44c4-b34e-76d1f60f7c50,time_taken_s-num_epochs-total_mini_batches-loss-accuracy,17.927412509918213-1.0-287-0.137-96.477
2026-08-15 17:23:59.832,SESSION_MANAGER,INFO,312706ad-df63-4897-bc93-eaaba3dcc404,fedserver.train.round.client.finished,client_id-round_no-time_taken,038236b5-502b-44c4-b34e-76d1f60f7c50,1,18.03472089767456
2026-08-15 17:23:59.836,AGGREGATOR,INFO,312706ad-df63-4897-bc93-eaaba3dcc404,fedserver.aggregator.secure_mpc.called,client_id-active,038236b5-502b-44c4-b34e-76d1f60f7c50,True
2026-08-15 17:23:59.840,SESSION_MANAGER,INFO,312706ad-df63-4897-bc93-eaaba3dcc404,train.client_selection.time_taken,7.915496826171875e-05
2026-08-15 17:24:00.405,SESSION_MANAGER,INFO,312706ad-df63-4897-bc93-eaaba3dcc404,fedserver_gRPC.train.round.await.response_time,63d97c62-9511-4bfc-b647-647eada80e8c,1,18.60757350921631
2026-08-15 17:24:00.405,SESSION_MANAGER,INFO,312706ad-df63-4897-bc93-eaaba3dcc404,fedserver_gRPC.train.round.client.finished,client_id-round_no-time_taken,63d97c62-9511-4bfc-b647-647eada80e8c,1,18.60981249809265
2026-08-15 17:24:00.405,SESSION_MANAGER,INFO,312706ad-df63-4897-bc93-eaaba3dcc404,fedserver.train.round.results,1,63d97c62-9511-4bfc-b647-647eada80e8c,time_taken_s-num_epochs-total_mini_batches-loss-accuracy,18.409433841705322-1.0-287-0.143-96.085
2026-08-15 17:24:00.405,SESSION_MANAGER,INFO,312706ad-df63-4897-bc93-eaaba3dcc404,fedserver.train.round.client.finished,client_id-round_no-time_taken,63d97c62-9511-4bfc-b647-647eada80e8c,1,18.61051058769226
2026-08-15 17:24:00.408,AGGREGATOR,INFO,312706ad-df63-4897-bc93-eaaba3dcc404,fedserver.aggregator.secure_mpc.called,client_id-active,63d97c62-9511-4bfc-b647-647eada80e8c,True
2026-08-15 17:24:00.412,SESSION_MANAGER,INFO,312706ad-df63-4897-bc93-eaaba3dcc404,train.client_selection.time_taken,0.00018072128295898438
2026-08-15 17:24:00.425,SESSION_MANAGER,INFO,312706ad-df63-4897-bc93-eaaba3dcc404,fedserver_gRPC.train.round.await.response_time,e9015347-12ab-4c2c-bfa0-a7383830be84,1,18.630311489105225
2026-08-15 17:24:00.425,SESSION_MANAGER,INFO,312706ad-df63-4897-bc93-eaaba3dcc404,fedserver_gRPC.train.round.client.finished,client_id-round_no-time_taken,e9015347-12ab-4c2c-bfa0-a7383830be84,1,18.632748126983643
2026-08-15 17:24:00.426,SESSION_MANAGER,INFO,312706ad-df63-4897-bc93-eaaba3dcc404,fedserver.train.round.results,1,e9015347-12ab-4c2c-bfa0-a7383830be84,time_taken_s-num_epochs-total_mini_batches-loss-accuracy,18.425634622573853-1.0-287-0.145-96.058
2026-08-15 17:24:00.426,SESSION_MANAGER,INFO,312706ad-df63-4897-bc93-eaaba3dcc404,fedserver.train.round.client.finished,client_id-round_no-time_taken,e9015347-12ab-4c2c-bfa0-a7383830be84,1,18.633331060409546
2026-08-15 17:24:00.429,AGGREGATOR,INFO,312706ad-df63-4897-bc93-eaaba3dcc404,fedserver.aggregator.secure_mpc.called,client_id-active,e9015347-12ab-4c2c-bfa0-a7383830be84,True
2026-08-15 17:24:00.431,AGGREGATOR,INFO,312706ad-df63-4897-bc93-eaaba3dcc404,fedserver.aggregator.secure_mpc.round_ready,clients,['e9015347-12ab-4c2c-bfa0-a7383830be84', '63d97c62-9511-4bfc-b647-647eada80e8c', '038236b5-502b-44c4-b34e-76d1f60f7c50']
2026-08-15 17:24:00.483,AGGREGATOR,INFO,312706ad-df63-4897-bc93-eaaba3dcc404,fedserver.aggregator.secure_mpc.round_complete,312706ad-df63-4897-bc93-eaaba3dcc404:1
2026-08-15 17:24:00.483,AGGREGATOR,INFO,312706ad-df63-4897-bc93-eaaba3dcc404,fedserver.aggregator.secure_mpc.revealed_total_dataset_size,312706ad-df63-4897-bc93-eaaba3dcc404:1,58000
2026-08-15 17:24:00.874,SESSION_MANAGER,INFO,312706ad-df63-4897-bc93-eaaba3dcc404,fedserver.train_callback.server_validation_time,0.3887622356414795
2026-08-15 17:24:00.875,SESSION_MANAGER,INFO,312706ad-df63-4897-bc93-eaaba3dcc404,fedserver.train_callback,round_no,accuracy,loss,2,97.89999999999999,0.07759772017598152
2026-08-15 17:24:00.875,SESSION_MANAGER,INFO,312706ad-df63-4897-bc93-eaaba3dcc404,fedserver.train_callback.aggregate_time,1,0.05706501007080078
2026-08-15 17:24:00.875,SESSION_MANAGER,INFO,312706ad-df63-4897-bc93-eaaba3dcc404,fedserver.train.server_round_time,1,19.090449571609497
2026-08-15 17:24:00.877,SESSION_MANAGER,INFO,312706ad-df63-4897-bc93-eaaba3dcc404,train.client_selection.time_taken,0.0006453990936279297
2026-08-15 17:24:00.880,SESSION_MANAGER,DEBUG,312706ad-df63-4897-bc93-eaaba3dcc404,fedserver_gRPC.train.round.init,round_no-num_clients-clients,2,3,e9015347-12ab-4c2c-bfa0-a7383830be84,63d97c62-9511-4bfc-b647-647eada80e8c,038236b5-502b-44c4-b34e-76d1f60f7c50
2026-08-15 17:24:00.881,SESSION_MANAGER,INFO,312706ad-df63-4897-bc93-eaaba3dcc404,fedserver_gRPC.send_model.init,
2026-08-15 17:24:00.882,SESSION_MANAGER,DEBUG,312706ad-df63-4897-bc93-eaaba3dcc404,fedserver_gRPC.send_model.cache_hit,Client:e9015347-12ab-4c2c-bfa0-a7383830be84 has model LeNet5,e9015347-12ab-4c2c-bfa0-a7383830be84,LeNet5
2026-08-15 17:24:00.882,SESSION_MANAGER,INFO,312706ad-df63-4897-bc93-eaaba3dcc404,fedserver_gRPC.send_model.client.finished,client_id - time_taken,e9015347-12ab-4c2c-bfa0-a7383830be84,0.000301361083984375
2026-08-15 17:24:00.882,SESSION_MANAGER,DEBUG,312706ad-df63-4897-bc93-eaaba3dcc404,fedserver_gRPC.send_model.cache_hit,Client:63d97c62-9511-4bfc-b647-647eada80e8c has model LeNet5,63d97c62-9511-4bfc-b647-647eada80e8c,LeNet5
2026-08-15 17:24:00.882,SESSION_MANAGER,INFO,312706ad-df63-4897-bc93-eaaba3dcc404,fedserver_gRPC.send_model.client.finished,client_id - time_taken,63d97c62-9511-4bfc-b647-647eada80e8c,0.00017976760864257812
2026-08-15 17:24:00.882,SESSION_MANAGER,DEBUG,312706ad-df63-4897-bc93-eaaba3dcc404,fedserver_gRPC.send_model.cache_hit,Client:038236b5-502b-44c4-b34e-76d1f60f7c50 has model LeNet5,038236b5-502b-44c4-b34e-76d1f60f7c50,LeNet5
2026-08-15 17:24:00.882,SESSION_MANAGER,INFO,312706ad-df63-4897-bc93-eaaba3dcc404,fedserver_gRPC.send_model.client.finished,client_id - time_taken,038236b5-502b-44c4-b34e-76d1f60f7c50,0.0001480579376220703
2026-08-15 17:24:00.882,SESSION_MANAGER,INFO,312706ad-df63-4897-bc93-eaaba3dcc404,fedserver_gRPC.send_model.finished,time_taken,0.0010309219360351562
2026-08-15 17:24:00.883,SESSION_MANAGER,INFO,312706ad-df63-4897-bc93-eaaba3dcc404,fedserver_gRPC.train.connect,connecting to,e9015347-12ab-4c2c-bfa0-a7383830be84
2026-08-15 17:24:00.883,SESSION_MANAGER,INFO,312706ad-df63-4897-bc93-eaaba3dcc404,fedserver_gRPC.train.await.response,e9015347-12ab-4c2c-bfa0-a7383830be84
2026-08-15 17:24:00.884,SESSION_MANAGER,INFO,312706ad-df63-4897-bc93-eaaba3dcc404,fedserver_gRPC.train.round.model_wts.pickle.time,client_id-round_no-time_taken,e9015347-12ab-4c2c-bfa0-a7383830be84,2,0.0008928775787353516
2026-08-15 17:24:00.884,SESSION_MANAGER,INFO,312706ad-df63-4897-bc93-eaaba3dcc404,fedserver_gRPC.train.round.loss_function.pickle.time,client_id - round_no - time_taken,e9015347-12ab-4c2c-bfa0-a7383830be84,2,1.1682510375976562e-05
2026-08-15 17:24:00.885,SESSION_MANAGER,INFO,312706ad-df63-4897-bc93-eaaba3dcc404,fedserver_gRPC.train.round.optimizer.pickle.time,client_id - round_no - time_taken,e9015347-12ab-4c2c-bfa0-a7383830be84,2,0.0006632804870605469
2026-08-15 17:24:00.885,SESSION_MANAGER,INFO,312706ad-df63-4897-bc93-eaaba3dcc404,fedserver_gRPC.train.connect,connecting to,63d97c62-9511-4bfc-b647-647eada80e8c
2026-08-15 17:24:00.885,SESSION_MANAGER,INFO,312706ad-df63-4897-bc93-eaaba3dcc404,fedserver_gRPC.train.await.response,63d97c62-9511-4bfc-b647-647eada80e8c
2026-08-15 17:24:00.886,SESSION_MANAGER,INFO,312706ad-df63-4897-bc93-eaaba3dcc404,fedserver_gRPC.train.round.model_wts.pickle.time,client_id-round_no-time_taken,63d97c62-9511-4bfc-b647-647eada80e8c,2,0.0007312297821044922
2026-08-15 17:24:00.886,SESSION_MANAGER,INFO,312706ad-df63-4897-bc93-eaaba3dcc404,fedserver_gRPC.train.round.loss_function.pickle.time,client_id - round_no - time_taken,63d97c62-9511-4bfc-b647-647eada80e8c,2,9.059906005859375e-06
2026-08-15 17:24:00.887,SESSION_MANAGER,INFO,312706ad-df63-4897-bc93-eaaba3dcc404,fedserver_gRPC.train.round.optimizer.pickle.time,client_id - round_no - time_taken,63d97c62-9511-4bfc-b647-647eada80e8c,2,0.0011277198791503906
2026-08-15 17:24:00.888,SESSION_MANAGER,INFO,312706ad-df63-4897-bc93-eaaba3dcc404,fedserver_gRPC.train.connect,connecting to,038236b5-502b-44c4-b34e-76d1f60f7c50
2026-08-15 17:24:00.888,SESSION_MANAGER,INFO,312706ad-df63-4897-bc93-eaaba3dcc404,fedserver_gRPC.train.await.response,038236b5-502b-44c4-b34e-76d1f60f7c50
2026-08-15 17:24:00.889,SESSION_MANAGER,INFO,312706ad-df63-4897-bc93-eaaba3dcc404,fedserver_gRPC.train.round.model_wts.pickle.time,client_id-round_no-time_taken,038236b5-502b-44c4-b34e-76d1f60f7c50,2,0.0009007453918457031
2026-08-15 17:24:00.890,SESSION_MANAGER,INFO,312706ad-df63-4897-bc93-eaaba3dcc404,fedserver_gRPC.train.round.loss_function.pickle.time,client_id - round_no - time_taken,038236b5-502b-44c4-b34e-76d1f60f7c50,2,1.1444091796875e-05
2026-08-15 17:24:00.890,SESSION_MANAGER,INFO,312706ad-df63-4897-bc93-eaaba3dcc404,fedserver_gRPC.train.round.optimizer.pickle.time,client_id - round_no - time_taken,038236b5-502b-44c4-b34e-76d1f60f7c50,2,0.0007009506225585938
2026-08-15 17:24:19.310,SESSION_MANAGER,INFO,312706ad-df63-4897-bc93-eaaba3dcc404,fedserver_gRPC.train.round.await.response_time,63d97c62-9511-4bfc-b647-647eada80e8c,2,18.422550439834595
2026-08-15 17:24:19.310,SESSION_MANAGER,INFO,312706ad-df63-4897-bc93-eaaba3dcc404,fedserver_gRPC.train.round.client.finished,client_id-round_no-time_taken,63d97c62-9511-4bfc-b647-647eada80e8c,2,18.4252507686615
2026-08-15 17:24:19.311,SESSION_MANAGER,INFO,312706ad-df63-4897-bc93-eaaba3dcc404,fedserver.train.round.results,2,63d97c62-9511-4bfc-b647-647eada80e8c,time_taken_s-num_epochs-total_mini_batches-loss-accuracy,18.320760250091553-1.0-287-0.124-96.619
2026-08-15 17:24:19.311,SESSION_MANAGER,INFO,312706ad-df63-4897-bc93-eaaba3dcc404,fedserver.train.round.client.finished,client_id-round_no-time_taken,63d97c62-9511-4bfc-b647-647eada80e8c,2,18.425651788711548
2026-08-15 17:24:19.318,AGGREGATOR,INFO,312706ad-df63-4897-bc93-eaaba3dcc404,fedserver.aggregator.secure_mpc.called,client_id-active,63d97c62-9511-4bfc-b647-647eada80e8c,True
2026-08-15 17:24:19.321,SESSION_MANAGER,INFO,312706ad-df63-4897-bc93-eaaba3dcc404,train.client_selection.time_taken,0.00015163421630859375
2026-08-15 17:24:19.501,SESSION_MANAGER,INFO,312706ad-df63-4897-bc93-eaaba3dcc404,fedserver_gRPC.train.round.await.response_time,038236b5-502b-44c4-b34e-76d1f60f7c50,2,18.610398292541504
2026-08-15 17:24:19.501,SESSION_MANAGER,INFO,312706ad-df63-4897-bc93-eaaba3dcc404,fedserver_gRPC.train.round.client.finished,client_id-round_no-time_taken,038236b5-502b-44c4-b34e-76d1f60f7c50,2,18.613194465637207
2026-08-15 17:24:19.502,SESSION_MANAGER,INFO,312706ad-df63-4897-bc93-eaaba3dcc404,fedserver.train.round.results,2,038236b5-502b-44c4-b34e-76d1f60f7c50,time_taken_s-num_epochs-total_mini_batches-loss-accuracy,18.49732208251953-1.0-287-0.13-96.581
2026-08-15 17:24:19.502,SESSION_MANAGER,INFO,312706ad-df63-4897-bc93-eaaba3dcc404,fedserver.train.round.client.finished,client_id-round_no-time_taken,038236b5-502b-44c4-b34e-76d1f60f7c50,2,18.61418342590332
2026-08-15 17:24:19.505,AGGREGATOR,INFO,312706ad-df63-4897-bc93-eaaba3dcc404,fedserver.aggregator.secure_mpc.called,client_id-active,038236b5-502b-44c4-b34e-76d1f60f7c50,True
2026-08-15 17:24:19.509,SESSION_MANAGER,INFO,312706ad-df63-4897-bc93-eaaba3dcc404,train.client_selection.time_taken,7.390975952148438e-05
2026-08-15 17:24:19.621,SESSION_MANAGER,INFO,312706ad-df63-4897-bc93-eaaba3dcc404,fedserver_gRPC.train.round.await.response_time,e9015347-12ab-4c2c-bfa0-a7383830be84,2,18.73626708984375
2026-08-15 17:24:19.621,SESSION_MANAGER,INFO,312706ad-df63-4897-bc93-eaaba3dcc404,fedserver_gRPC.train.round.client.finished,client_id-round_no-time_taken,e9015347-12ab-4c2c-bfa0-a7383830be84,2,18.738633394241333
2026-08-15 17:24:19.622,SESSION_MANAGER,INFO,312706ad-df63-4897-bc93-eaaba3dcc404,fedserver.train.round.results,2,e9015347-12ab-4c2c-bfa0-a7383830be84,time_taken_s-num_epochs-total_mini_batches-loss-accuracy,18.612065315246582-1.0-287-0.13-96.624
2026-08-15 17:24:19.622,SESSION_MANAGER,INFO,312706ad-df63-4897-bc93-eaaba3dcc404,fedserver.train.round.client.finished,client_id-round_no-time_taken,e9015347-12ab-4c2c-bfa0-a7383830be84,2,18.739859104156494
2026-08-15 17:24:19.626,AGGREGATOR,INFO,312706ad-df63-4897-bc93-eaaba3dcc404,fedserver.aggregator.secure_mpc.called,client_id-active,e9015347-12ab-4c2c-bfa0-a7383830be84,True
2026-08-15 17:24:19.628,AGGREGATOR,INFO,312706ad-df63-4897-bc93-eaaba3dcc404,fedserver.aggregator.secure_mpc.round_ready,clients,['e9015347-12ab-4c2c-bfa0-a7383830be84', '63d97c62-9511-4bfc-b647-647eada80e8c', '038236b5-502b-44c4-b34e-76d1f60f7c50']
2026-08-15 17:24:19.678,AGGREGATOR,INFO,312706ad-df63-4897-bc93-eaaba3dcc404,fedserver.aggregator.secure_mpc.round_complete,312706ad-df63-4897-bc93-eaaba3dcc404:2
2026-08-15 17:24:19.678,AGGREGATOR,INFO,312706ad-df63-4897-bc93-eaaba3dcc404,fedserver.aggregator.secure_mpc.revealed_total_dataset_size,312706ad-df63-4897-bc93-eaaba3dcc404:2,58000
2026-08-15 17:24:20.060,SESSION_MANAGER,INFO,312706ad-df63-4897-bc93-eaaba3dcc404,fedserver.train_callback.server_validation_time,0.3797581195831299
2026-08-15 17:24:20.061,SESSION_MANAGER,INFO,312706ad-df63-4897-bc93-eaaba3dcc404,fedserver.train_callback,round_no,accuracy,loss,3,98.25,0.07997513487935067
2026-08-15 17:24:20.061,SESSION_MANAGER,INFO,312706ad-df63-4897-bc93-eaaba3dcc404,fedserver.train_callback.aggregate_time,2,0.05519390106201172
2026-08-15 17:24:20.062,SESSION_MANAGER,INFO,312706ad-df63-4897-bc93-eaaba3dcc404,fedserver.train.server_round_time,2,19.18620276451111
2026-08-15 17:24:20.064,SESSION_MANAGER,INFO,312706ad-df63-4897-bc93-eaaba3dcc404,train.client_selection.time_taken,0.0007100105285644531
2026-08-15 17:24:20.067,SESSION_MANAGER,DEBUG,312706ad-df63-4897-bc93-eaaba3dcc404,fedserver_gRPC.train.round.init,round_no-num_clients-clients,3,3,e9015347-12ab-4c2c-bfa0-a7383830be84,63d97c62-9511-4bfc-b647-647eada80e8c,038236b5-502b-44c4-b34e-76d1f60f7c50
2026-08-15 17:24:20.071,SESSION_MANAGER,INFO,312706ad-df63-4897-bc93-eaaba3dcc404,fedserver_gRPC.send_model.init,
2026-08-15 17:24:20.073,SESSION_MANAGER,DEBUG,312706ad-df63-4897-bc93-eaaba3dcc404,fedserver_gRPC.send_model.cache_hit,Client:e9015347-12ab-4c2c-bfa0-a7383830be84 has model LeNet5,e9015347-12ab-4c2c-bfa0-a7383830be84,LeNet5
2026-08-15 17:24:20.073,SESSION_MANAGER,INFO,312706ad-df63-4897-bc93-eaaba3dcc404,fedserver_gRPC.send_model.client.finished,client_id - time_taken,e9015347-12ab-4c2c-bfa0-a7383830be84,0.0019249916076660156
2026-08-15 17:24:20.073,SESSION_MANAGER,DEBUG,312706ad-df63-4897-bc93-eaaba3dcc404,fedserver_gRPC.send_model.cache_hit,Client:63d97c62-9511-4bfc-b647-647eada80e8c has model LeNet5,63d97c62-9511-4bfc-b647-647eada80e8c,LeNet5
2026-08-15 17:24:20.073,SESSION_MANAGER,INFO,312706ad-df63-4897-bc93-eaaba3dcc404,fedserver_gRPC.send_model.client.finished,client_id - time_taken,63d97c62-9511-4bfc-b647-647eada80e8c,0.0002644062042236328
2026-08-15 17:24:20.074,SESSION_MANAGER,DEBUG,312706ad-df63-4897-bc93-eaaba3dcc404,fedserver_gRPC.send_model.cache_hit,Client:038236b5-502b-44c4-b34e-76d1f60f7c50 has model LeNet5,038236b5-502b-44c4-b34e-76d1f60f7c50,LeNet5
2026-08-15 17:24:20.074,SESSION_MANAGER,INFO,312706ad-df63-4897-bc93-eaaba3dcc404,fedserver_gRPC.send_model.client.finished,client_id - time_taken,038236b5-502b-44c4-b34e-76d1f60f7c50,0.000179290771484375
2026-08-15 17:24:20.074,SESSION_MANAGER,INFO,312706ad-df63-4897-bc93-eaaba3dcc404,fedserver_gRPC.send_model.finished,time_taken,0.002821207046508789
2026-08-15 17:24:20.075,SESSION_MANAGER,INFO,312706ad-df63-4897-bc93-eaaba3dcc404,fedserver.session.loop_runtime,71.4027373790741
2026-08-15 17:24:20.075,SESSION_MANAGER,INFO,312706ad-df63-4897-bc93-eaaba3dcc404,session.train.accuracy,91.2,97.89999999999999,98.25
2026-08-15 17:24:20.075,SESSION_MANAGER,INFO,312706ad-df63-4897-bc93-eaaba3dcc404,session.train.loss,0.8553523063659668,0.07759772017598152,0.07997513487935067
2026-08-15 17:24:20.075,SESSION_MANAGER,INFO,312706ad-df63-4897-bc93-eaaba3dcc404,fedserver_session_finished_running,312706ad-df63-4897-bc93-eaaba3dcc404.finished_running
2026-08-15 17:24:20.075,SESSION_MANAGER,INFO,312706ad-df63-4897-bc93-eaaba3dcc404,fedserver_gRPC.train.connect,connecting to,e9015347-12ab-4c2c-bfa0-a7383830be84
2026-08-15 17:24:20.077,SESSION_MANAGER,INFO,312706ad-df63-4897-bc93-eaaba3dcc404,fedserver_gRPC.train.await.response,e9015347-12ab-4c2c-bfa0-a7383830be84
2026-08-15 17:24:20.078,SESSION_MANAGER,INFO,312706ad-df63-4897-bc93-eaaba3dcc404,fedserver_gRPC.train.round.model_wts.pickle.time,client_id-round_no-time_taken,e9015347-12ab-4c2c-bfa0-a7383830be84,3,0.0009829998016357422
2026-08-15 17:24:20.078,SESSION_MANAGER,INFO,312706ad-df63-4897-bc93-eaaba3dcc404,fedserver_gRPC.train.round.loss_function.pickle.time,client_id - round_no - time_taken,e9015347-12ab-4c2c-bfa0-a7383830be84,3,9.5367431640625e-06
2026-08-15 17:24:20.079,SESSION_MANAGER,INFO,312706ad-df63-4897-bc93-eaaba3dcc404,fedserver_gRPC.train.round.optimizer.pickle.time,client_id - round_no - time_taken,e9015347-12ab-4c2c-bfa0-a7383830be84,3,0.0007178783416748047
2026-08-15 17:24:20.079,SESSION_MANAGER,INFO,312706ad-df63-4897-bc93-eaaba3dcc404,fedserver_gRPC.train.connect,connecting to,63d97c62-9511-4bfc-b647-647eada80e8c
2026-08-15 17:24:20.079,SESSION_MANAGER,INFO,312706ad-df63-4897-bc93-eaaba3dcc404,fedserver_gRPC.train.await.response,63d97c62-9511-4bfc-b647-647eada80e8c
2026-08-15 17:24:20.080,SESSION_MANAGER,INFO,312706ad-df63-4897-bc93-eaaba3dcc404,fedserver_gRPC.train.round.model_wts.pickle.time,client_id-round_no-time_taken,63d97c62-9511-4bfc-b647-647eada80e8c,3,0.0007805824279785156
2026-08-15 17:24:20.080,SESSION_MANAGER,INFO,312706ad-df63-4897-bc93-eaaba3dcc404,fedserver_gRPC.train.round.loss_function.pickle.time,client_id - round_no - time_taken,63d97c62-9511-4bfc-b647-647eada80e8c,3,6.4373016357421875e-06
2026-08-15 17:24:20.081,SESSION_MANAGER,INFO,312706ad-df63-4897-bc93-eaaba3dcc404,fedserver_gRPC.train.round.optimizer.pickle.time,client_id - round_no - time_taken,63d97c62-9511-4bfc-b647-647eada80e8c,3,0.0006258487701416016
2026-08-15 17:24:20.081,SESSION_MANAGER,INFO,312706ad-df63-4897-bc93-eaaba3dcc404,fedserver_gRPC.train.connect,connecting to,038236b5-502b-44c4-b34e-76d1f60f7c50
2026-08-15 17:24:20.082,SESSION_MANAGER,INFO,312706ad-df63-4897-bc93-eaaba3dcc404,fedserver_gRPC.train.await.response,038236b5-502b-44c4-b34e-76d1f60f7c50
2026-08-15 17:24:20.082,SESSION_MANAGER,INFO,312706ad-df63-4897-bc93-eaaba3dcc404,fedserver_gRPC.train.round.model_wts.pickle.time,client_id-round_no-time_taken,038236b5-502b-44c4-b34e-76d1f60f7c50,3,0.0007250308990478516
2026-08-15 17:24:20.082,SESSION_MANAGER,INFO,312706ad-df63-4897-bc93-eaaba3dcc404,fedserver_gRPC.train.round.loss_function.pickle.time,client_id - round_no - time_taken,038236b5-502b-44c4-b34e-76d1f60f7c50,3,6.9141387939453125e-06
2026-08-15 17:24:20.083,SESSION_MANAGER,INFO,312706ad-df63-4897-bc93-eaaba3dcc404,fedserver_gRPC.train.round.optimizer.pickle.time,client_id - round_no - time_taken,038236b5-502b-44c4-b34e-76d1f60f7c50,3,0.0009377002716064453
